08-05 14:41:15.788  2287  2652 V bluetooth: system/bta/dm/bta_dm_pm.cc:427 bta_dm_pm_cback: Power management callback status:BTA_SYS_CONN_IDLE[6] id:BTA_ID_JV[26], app:1
08-05 14:41:15.788  2287  2652 V bluetooth: system/bta/dm/bta_dm_pm.cc:445 bta_dm_pm_cback: Stopped all timers for service to device:xx:xx:xx:xx:05:91 id:BTA_ID_JV[26]
08-05 14:41:15.788  2287  2652 V bluetooth: system/bta/dm/bta_dm_pm.cc:451 bta_dm_pm_cback: Device info:0x00:none
08-05 14:41:15.788  2287  2652 V bluetooth: system/bta/dm/bta_dm_pm.cc:180 bta_dm_pm_stop_timer: 
08-05 14:41:15.788  2287  2652 V bluetooth: system/bta/dm/bta_dm_pm.cc:528 bta_dm_pm_cback: bta_dm_pm_stop_timer for current service, restart other service timers: count = 3
08-05 14:41:15.788  2287  2652 V bluetooth: system/bta/dm/bta_dm_pm.cc:630 bta_dm_pm_set_mode: Service:BTA_ID_AG[5] state:BTA_SYS_CONN_IDLE[6] allowed_modes:0x30 service_index:1
08-05 14:41:15.788  2287  2652 V bluetooth: system/bta/dm/bta_dm_pm.cc:630 bta_dm_pm_set_mode: Service:BTA_ID_JV[26] state:BTA_SYS_CONN_IDLE[6] allowed_modes:0x30 service_index:17
08-05 14:41:15.789  2287  2652 V bluetooth: system/bta/dm/bta_dm_pm.cc:630 bta_dm_pm_set_mode: Service:BTA_ID_JV[26] state:BTA_SYS_CONN_IDLE[6] allowed_modes:0x30 service_index:18
08-05 14:41:15.789  2287  2652 V bt_btif_sock_rfcomm: system/btif/src/btif_sock_rfc.cc:990 rfcomm_cback: handling BTA_JV_RFCOMM_WRITE_EVT, slot_id:155
08-05 14:41:15.797  2287  2652 V l2c_link: system/stack/l2cap/l2c_link.cc:872 l2c_link_check_send_pkts: Direct send, transport=1, xmit_window=12, le_xmit_window=15, sent_not_acked=0, link_xmit_quota=12
08-05 14:41:15.797  2287  2652 V l2c_link: system/stack/l2cap/l2c_link.cc:883 l2c_link_check_send_pkts: No transmit data, skipping
08-05 14:41:15.797  2287  2652 V l2c_link: system/stack/l2cap/l2c_link.cc:894 l2c_link_check_send_pkts: Trying to send other data when single_write is false
08-05 14:41:15.797  2287  2652 V l2c_link: system/stack/l2cap/l2c_link.cc:901 l2c_link_check_send_pkts: No next buffer, skipping
08-05 14:41:15.841  2287  2652 V l2c_csm : system/stack/l2cap/l2c_csm.cc:1321 l2c_csm_open: LCID: 0x0064  st: OPEN  evt: L2CEVT_L2CAP_DATA(0x14) psm: BT_PSM_RFCOMM(0x0003)
08-05 14:41:15.841  2287  2652 V bluetooth: system/stack/rfcomm/rfc_l2cap_if.cc:323 RFCOMM_BufDataInd: Handling UIH event, buf_len=0, credit=2
08-05 14:41:15.841  2287  2652 V rfcomm  : system/stack/rfcomm/rfc_utils.cc:374 rfc_inc_credit: rfc_inc_credit:10
08-05 14:41:15.841  2287  2652 V l2c_csm : system/stack/l2cap/l2c_csm.cc:1500 l2c_csm_open: Exit chnl_state=CST_OPEN [6], event=L2CEVT_L2CAP_DATA(0x14) [20]
08-05 14:41:15.852  2287  2652 V l2c_csm : system/stack/l2cap/l2c_csm.cc:1321 l2c_csm_open: LCID: 0x0064  st: OPEN  evt: L2CEVT_L2CAP_DATA(0x14) psm: BT_PSM_RFCOMM(0x0003)
08-05 14:41:15.852  2287  2652 V bluetooth: system/stack/rfcomm/rfc_l2cap_if.cc:323 RFCOMM_BufDataInd: Handling UIH event, buf_len=4, credit=0
08-05 14:41:15.853  2287  2652 V bluetooth: system/stack/rfcomm/rfc_port_fsm.cc:527 rfc_port_sm_opened: RFC_PORT_EVENT_UIH bd_addr:xx:xx:xx:xx:05:91, port_handle:24 dlci:52 scn:26
08-05 14:41:15.853  2287  2652 V rfcomm  : system/stack/rfcomm/port_rfc.cc:841 PORT_DataInd: PORT_DataInd with data length 4, p_mcb:0x70b6f3b188,p_port:0x70b6f3a838,dlci:52
08-05 14:41:15.853  2287  2652 V bluetooth: system/bta/jv/bta_jv_act.cc:1380 bta_jv_port_data_co_cback: p_cb=0x70b6ef3010, p_pcb=0x70b6ef36b8, len=65535, type=1
08-05 14:41:15.853  2287  2652 V l2c_csm : system/stack/l2cap/l2c_csm.cc:1500 l2c_csm_open: Exit chnl_state=CST_OPEN [6], event=L2CEVT_L2CAP_DATA(0x14) [20]
08-05 14:41:15.859  1407  2005 I serviceDiscovery: [MdnsAdvertiser.wlan0] Probing finished for service 141
08-05 14:41:15.860  2287  2652 V l2c_csm : system/stack/l2cap/l2c_csm.cc:1321 l2c_csm_open: LCID: 0x0064  st: OPEN  evt: L2CEVT_L2CAP_DATA(0x14) psm: BT_PSM_RFCOMM(0x0003)
08-05 14:41:15.860  2287  2652 V bluetooth: system/stack/rfcomm/rfc_l2cap_if.cc:323 RFCOMM_BufDataInd: Handling UIH event, buf_len=158, credit=0
08-05 14:41:15.860  2287  2652 V bluetooth: system/stack/rfcomm/rfc_port_fsm.cc:527 rfc_port_sm_opened: RFC_PORT_EVENT_UIH bd_addr:xx:xx:xx:xx:05:91, port_handle:24 dlci:52 scn:26
08-05 14:41:15.860  2287  2652 V rfcomm  : system/stack/rfcomm/port_rfc.cc:841 PORT_DataInd: PORT_DataInd with data length 158, p_mcb:0x70b6f3b188,p_port:0x70b6f3a838,dlci:52
08-05 14:41:15.860  2287  2652 V bluetooth: system/bta/jv/bta_jv_act.cc:1380 bta_jv_port_data_co_cback: p_cb=0x70b6ef3010, p_pcb=0x70b6ef36b8, len=65535, type=1
08-05 14:41:15.860  2287  2652 V bt_l2cap: system/stack/l2cap/l2c_api.cc:1482 L2CA_DataWrite: L2CA_DataWrite()  CID: 0x0064  Len: 5
08-05 14:41:15.860  2287  2652 V l2c_csm : system/stack/l2cap/l2c_csm.cc:1321 l2c_csm_open: LCID: 0x0064  st: OPEN  evt: L2CEVT_L2CA_DATA_WRITE(0x1e) psm: BT_PSM_RFCOMM(0x0003)
08-05 14:41:15.860  2287  2652 V l2c_link: system/stack/l2cap/l2c_link.cc:872 l2c_link_check_send_pkts: Direct send, transport=1, xmit_window=12, le_xmit_window=15, sent_not_acked=0, link_xmit_quota=12
08-05 14:41:15.860  2287  2652 V l2c_link: system/stack/l2cap/l2c_link.cc:883 l2c_link_check_send_pkts: No transmit data, skipping
08-05 14:41:15.860  2287  2652 V l2c_link: system/stack/l2cap/l2c_link.cc:894 l2c_link_check_send_pkts: Trying to send other data when single_write is false
08-05 14:41:15.860  2287  2652 V l2c_link: system/stack/l2cap/l2c_link.cc:1177 l2cu_get_next_channel_in_rr: RR service pri=2, quota=4, lcid=0x0064
08-05 14:41:15.860  2287  2652 V l2c_link: system/stack/l2cap/l2c_link.cc:904 l2c_link_check_send_pkts: Sending to lower layer
08-05 14:41:15.860  2287  2652 V l2c_link: system/stack/l2cap/l2c_link.cc:948 l2c_link_send_to_lower_br_edr: TotalWin=11,Hndl=0xb,Quota=12,Unack=1,RRQuota=0,RRUnack=0
08-05 14:41:15.860  2287  2652 V l2c_link: system/stack/l2cap/l2c_link.cc:901 l2c_link_check_send_pkts: No next buffer, skipping
08-05 14:41:15.860  2287  2652 V l2c_csm : system/stack/l2cap/l2c_csm.cc:1500 l2c_csm_open: Exit chnl_state=CST_OPEN [6], event=L2CEVT_L2CA_DATA_WRITE(0x1e) [30]
08-05 14:41:15.860  2287  2652 V l2c_csm : system/stack/l2cap/l2c_csm.cc:1500 l2c_csm_open: Exit chnl_state=CST_OPEN [6], event=L2CEVT_L2CAP_DATA(0x14) [20]
08-05 14:41:15.860  2287  2652 V l2c_csm : system/stack/l2cap/l2c_csm.cc:1321 l2c_csm_open: LCID: 0x0064  st: OPEN  evt: L2CEVT_L2CAP_DATA(0x14) psm: BT_PSM_RFCOMM(0x0003)
08-05 14:41:15.860  2287  2652 V bluetooth: system/stack/rfcomm/rfc_l2cap_if.cc:323 RFCOMM_BufDataInd: Handling UIH event, buf_len=4, credit=0
08-05 14:41:15.860  2287  2652 V bluetooth: system/stack/rfcomm/rfc_port_fsm.cc:527 rfc_port_sm_opened: RFC_PORT_EVENT_UIH bd_addr:xx:xx:xx:xx:05:91, port_handle:24 dlci:52 scn:26
08-05 14:41:15.860  2287  2652 V rfcomm  : system/stack/rfcomm/port_rfc.cc:841 PORT_DataInd: PORT_DataInd with data length 4, p_mcb:0x70b6f3b188,p_port:0x70b6f3a838,dlci:52
08-05 14:41:15.860  2287  2652 V bluetooth: system/bta/jv/bta_jv_act.cc:1380 bta_jv_port_data_co_cback: p_cb=0x70b6ef3010, p_pcb=0x70b6ef36b8, len=65535, type=1
08-05 14:41:15.860  2287  2652 V l2c_csm : system/stack/l2cap/l2c_csm.cc:1500 l2c_csm_open: Exit chnl_state=CST_OPEN [6], event=L2CEVT_L2CAP_DATA(0x14) [20]
08-05 14:41:15.865  2287  2652 V l2c_csm : system/stack/l2cap/l2c_csm.cc:1321 l2c_csm_open: LCID: 0x0064  st: OPEN  evt: L2CEVT_L2CAP_DATA(0x14) psm: BT_PSM_RFCOMM(0x0003)
08-05 14:41:15.865  2287  2652 V bluetooth: system/stack/rfcomm/rfc_l2cap_if.cc:323 RFCOMM_BufDataInd: Handling UIH event, buf_len=158, credit=0
08-05 14:41:15.865  2287  2652 V bluetooth: system/stack/rfcomm/rfc_port_fsm.cc:527 rfc_port_sm_opened: RFC_PORT_EVENT_UIH bd_addr:xx:xx:xx:xx:05:91, port_handle:24 dlci:52 scn:26
08-05 14:41:15.865  2287  2652 V rfcomm  : system/stack/rfcomm/port_rfc.cc:841 PORT_DataInd: PORT_DataInd with data length 158, p_mcb:0x70b6f3b188,p_port:0x70b6f3a838,dlci:52
08-05 14:41:15.865  2287  2652 V bluetooth: system/bta/jv/bta_jv_act.cc:1380 bta_jv_port_data_co_cback: p_cb=0x70b6ef3010, p_pcb=0x70b6ef36b8, len=65535, type=1
08-05 14:41:15.865  2287  2652 V bt_l2cap: system/stack/l2cap/l2c_api.cc:1482 L2CA_DataWrite: L2CA_DataWrite()  CID: 0x0064  Len: 5
08-05 14:41:15.865  2287  2652 V l2c_csm : system/stack/l2cap/l2c_csm.cc:1321 l2c_csm_open: LCID: 0x0064  st: OPEN  evt: L2CEVT_L2CA_DATA_WRITE(0x1e) psm: BT_PSM_RFCOMM(0x0003)
08-05 14:41:15.865  2287  2652 V l2c_link: system/stack/l2cap/l2c_link.cc:872 l2c_link_check_send_pkts: Direct send, transport=1, xmit_window=11, le_xmit_window=15, sent_not_acked=1, link_xmit_quota=12
08-05 14:41:15.865  2287  2652 V l2c_link: system/stack/l2cap/l2c_link.cc:883 l2c_link_check_send_pkts: No transmit data, skipping
08-05 14:41:15.865  2287  2652 V l2c_link: system/stack/l2cap/l2c_link.cc:894 l2c_link_check_send_pkts: Trying to send other data when single_write is false
08-05 14:41:15.865  2287  2652 V l2c_link: system/stack/l2cap/l2c_link.cc:1177 l2cu_get_next_channel_in_rr: RR service pri=2, quota=4, lcid=0x0064
08-05 14:41:15.865  2287  2652 V l2c_link: system/stack/l2cap/l2c_link.cc:904 l2c_link_check_send_pkts: Sending to lower layer
08-05 14:41:15.865  2287  2652 V l2c_link: system/stack/l2cap/l2c_link.cc:948 l2c_link_send_to_lower_br_edr: TotalWin=10,Hndl=0xb,Quota=12,Unack=2,RRQuota=0,RRUnack=0
08-05 14:41:15.865  2287  2652 V l2c_link: system/stack/l2cap/l2c_link.cc:901 l2c_link_check_send_pkts: No next buffer, skipping
08-05 14:41:15.865  2287  2652 V l2c_csm : system/stack/l2cap/l2c_csm.cc:1500 l2c_csm_open: Exit chnl_state=CST_OPEN [6], event=L2CEVT_L2CA_DATA_WRITE(0x1e) [30]
08-05 14:41:15.865  2287  2652 V l2c_csm : system/stack/l2cap/l2c_csm.cc:1500 l2c_csm_open: Exit chnl_state=CST_OPEN [6], event=L2CEVT_L2CAP_DATA(0x14) [20]
08-05 14:41:15.867 31999  1086 I Dck     : (REDACTED) [AllWearableKeysGetter] found the following keys hosted on watch %s: %s
08-05 14:41:15.868  2287  2652 V l2c_link: system/stack/l2cap/l2c_link.cc:872 l2c_link_check_send_pkts: Direct send, transport=1, xmit_window=11, le_xmit_window=15, sent_not_acked=1, link_xmit_quota=12
08-05 14:41:15.868  2287  2652 V l2c_link: system/stack/l2cap/l2c_link.cc:883 l2c_link_check_send_pkts: No transmit data, skipping
08-05 14:41:15.868  2287  2652 V l2c_link: system/stack/l2cap/l2c_link.cc:894 l2c_link_check_send_pkts: Trying to send other data when single_write is false
08-05 14:41:15.868  2287  2652 V l2c_link: system/stack/l2cap/l2c_link.cc:901 l2c_link_check_send_pkts: No next buffer, skipping
08-05 14:41:15.868  2287  2652 V l2c_csm : system/stack/l2cap/l2c_csm.cc:1321 l2c_csm_open: LCID: 0x0064  st: OPEN  evt: L2CEVT_L2CAP_DATA(0x14) psm: BT_PSM_RFCOMM(0x0003)
08-05 14:41:15.868  2287  2652 V bluetooth: system/stack/rfcomm/rfc_l2cap_if.cc:323 RFCOMM_BufDataInd: Handling UIH event, buf_len=4, credit=0
08-05 14:41:15.868  2287  2652 V bluetooth: system/stack/rfcomm/rfc_port_fsm.cc:527 rfc_port_sm_opened: RFC_PORT_EVENT_UIH bd_addr:xx:xx:xx:xx:05:91, port_handle:24 dlci:52 scn:26
08-05 14:41:15.868  2287  2652 V rfcomm  : system/stack/rfcomm/port_rfc.cc:841 PORT_DataInd: PORT_DataInd with data length 4, p_mcb:0x70b6f3b188,p_port:0x70b6f3a838,dlci:52
08-05 14:41:15.868  2287  2652 V bluetooth: system/bta/jv/bta_jv_act.cc:1380 bta_jv_port_data_co_cback: p_cb=0x70b6ef3010, p_pcb=0x70b6ef36b8, len=65535, type=1
08-05 14:41:15.868  2287  2652 V l2c_csm : system/stack/l2cap/l2c_csm.cc:1500 l2c_csm_open: Exit chnl_state=CST_OPEN [6], event=L2CEVT_L2CAP_DATA(0x14) [20]
08-05 14:41:15.868 31999  1086 I Dck     : (REDACTED) [AllWearableKeysGetter] marking the following keys from node %s as terminated: %s
08-05 14:41:15.869  2287  2652 V l2c_csm : system/stack/l2cap/l2c_csm.cc:1321 l2c_csm_open: LCID: 0x0064  st: OPEN  evt: L2CEVT_L2CAP_DATA(0x14) psm: BT_PSM_RFCOMM(0x0003)
08-05 14:41:15.869  2287  2652 V bluetooth: system/stack/rfcomm/rfc_l2cap_if.cc:323 RFCOMM_BufDataInd: Handling UIH event, buf_len=158, credit=0
08-05 14:41:15.869  2287  2652 V bluetooth: system/stack/rfcomm/rfc_port_fsm.cc:527 rfc_port_sm_opened: RFC_PORT_EVENT_UIH bd_addr:xx:xx:xx:xx:05:91, port_handle:24 dlci:52 scn:26
08-05 14:41:15.869  2287  2652 V rfcomm  : system/stack/rfcomm/port_rfc.cc:841 PORT_DataInd: PORT_DataInd with data length 158, p_mcb:0x70b6f3b188,p_port:0x70b6f3a838,dlci:52
08-05 14:41:15.869  2287  2652 V bluetooth: system/bta/jv/bta_jv_act.cc:1380 bta_jv_port_data_co_cback: p_cb=0x70b6ef3010, p_pcb=0x70b6ef36b8, len=65535, type=1
08-05 14:41:15.869  2287  2652 V bt_l2cap: system/stack/l2cap/l2c_api.cc:1482 L2CA_DataWrite: L2CA_DataWrite()  CID: 0x0064  Len: 5
08-05 14:41:15.869  2287  2652 V l2c_csm : system/stack/l2cap/l2c_csm.cc:1321 l2c_csm_open: LCID: 0x0064  st: OPEN  evt: L2CEVT_L2CA_DATA_WRITE(0x1e) psm: BT_PSM_RFCOMM(0x0003)
08-05 14:41:15.869  2287  2652 V l2c_link: system/stack/l2cap/l2c_link.cc:872 l2c_link_check_send_pkts: Direct send, transport=1, xmit_window=11, le_xmit_window=15, sent_not_acked=1, link_xmit_quota=12
08-05 14:41:15.869  2287  2652 V l2c_link: system/stack/l2cap/l2c_link.cc:883 l2c_link_check_send_pkts: No transmit data, skipping
08-05 14:41:15.869  2287  2652 V l2c_link: system/stack/l2cap/l2c_link.cc:894 l2c_link_check_send_pkts: Trying to send other data when single_write is false
08-05 14:41:15.869  2287  2652 V l2c_link: system/stack/l2cap/l2c_link.cc:1177 l2cu_get_next_channel_in_rr: RR service pri=2, quota=4, lcid=0x0064
08-05 14:41:15.869  2287  2652 V l2c_link: system/stack/l2cap/l2c_link.cc:904 l2c_link_check_send_pkts: Sending to lower layer
08-05 14:41:15.869  2287  2652 V l2c_link: system/stack/l2cap/l2c_link.cc:948 l2c_link_send_to_lower_br_edr: TotalWin=10,Hndl=0xb,Quota=12,Unack=2,RRQuota=0,RRUnack=0
08-05 14:41:15.869  2287  2652 V l2c_link: system/stack/l2cap/l2c_link.cc:901 l2c_link_check_send_pkts: No next buffer, skipping
08-05 14:41:15.869  2287  2652 V l2c_csm : system/stack/l2cap/l2c_csm.cc:1500 l2c_csm_open: Exit chnl_state=CST_OPEN [6], event=L2CEVT_L2CA_DATA_WRITE(0x1e) [30]
08-05 14:41:15.869  2287  2652 V l2c_csm : system/stack/l2cap/l2c_csm.cc:1500 l2c_csm_open: Exit chnl_state=CST_OPEN [6], event=L2CEVT_L2CAP_DATA(0x14) [20]
08-05 14:41:15.870 31999  1086 I Dck     : (REDACTED) %s timer cancelled.
08-05 14:41:15.871  2287  2652 V l2c_link: system/stack/l2cap/l2c_link.cc:872 l2c_link_check_send_pkts: Direct send, transport=1, xmit_window=11, le_xmit_window=15, sent_not_acked=1, link_xmit_quota=12
08-05 14:41:15.871  2287  2652 V l2c_link: system/stack/l2cap/l2c_link.cc:883 l2c_link_check_send_pkts: No transmit data, skipping
08-05 14:41:15.871  2287  2652 V l2c_link: system/stack/l2cap/l2c_link.cc:894 l2c_link_check_send_pkts: Trying to send other data when single_write is false
08-05 14:41:15.871  2287  2652 V l2c_link: system/stack/l2cap/l2c_link.cc:901 l2c_link_check_send_pkts: No next buffer, skipping
08-05 14:41:15.871 31999  1086 I Dck     : (REDACTED) [AllWearableKeysGetter] transmitting results: %s
08-05 14:41:15.875 31999  1086 I Dck     : (REDACTED) [AllWearableKeysGetter] found the following keys hosted on watch %s: %s
08-05 14:41:15.875 31999  1086 I Dck     : (REDACTED) [AllWearableKeysGetter] marking the following keys from node %s as terminated: %s
08-05 14:41:15.876 31999  1086 I Dck     : (REDACTED) %s timer cancelled.
08-05 14:41:15.876 31999  1086 I Dck     : (REDACTED) [AllWearableKeysGetter] transmitting results: %s
08-05 14:41:15.877 31999 31999 I Dck     : No keys exist that need implicit UA; stopping UserAuthMonitor [CONTEXT service_id=289 ]
08-05 14:41:15.878 31999  1086 I Dck     : (REDACTED) [AllWearableKeysGetter] found the following keys hosted on watch %s: %s
08-05 14:41:15.878 31999  1086 I Dck     : (REDACTED) [AllWearableKeysGetter] marking the following keys from node %s as terminated: %s
08-05 14:41:15.879 31999  1086 I Dck     : (REDACTED) %s timer cancelled.
08-05 14:41:15.880  2287  2652 V l2c_link: system/stack/l2cap/l2c_link.cc:872 l2c_link_check_send_pkts: Direct send, transport=1, xmit_window=12, le_xmit_window=15, sent_not_acked=0, link_xmit_quota=12
08-05 14:41:15.880  2287  2652 V l2c_link: system/stack/l2cap/l2c_link.cc:883 l2c_link_check_send_pkts: No transmit data, skipping
08-05 14:41:15.880  2287  2652 V l2c_link: system/stack/l2cap/l2c_link.cc:894 l2c_link_check_send_pkts: Trying to send other data when single_write is false
08-05 14:41:15.880  2287  2652 V l2c_link: system/stack/l2cap/l2c_link.cc:901 l2c_link_check_send_pkts: No next buffer, skipping
08-05 14:41:15.881 31999  1086 I Dck     : (REDACTED) [AllWearableKeysGetter] transmitting results: %s
08-05 14:41:15.882 25398 25666 I NearbyMediums: WIFI_LAN registered service name:I01NVUr8n14AAA type:null at ip:null port:0
08-05 14:41:15.882 25398  5386 I NearbyMediums: Successfully advertised I01NVUr8n14AAA on serviceID NearbySharing over Wifi LAN.
08-05 14:41:15.882 31999 31999 I Dck     : No default eligible keys so not setting any as default [CONTEXT service_id=289 ]
08-05 14:41:15.883 25398  5386 W NearbyMediums: [WifiNetworkV2] WifiStatusChangedCallback was already registered for NearbySharing.
08-05 14:41:15.884 25398  5386 I NearbyConnections: Get local endpoint id from the existing localEndpointId:MMUJ (last:PNQQ) for client 43854941(0p:com.google.android.gms.nearby.sharing)
08-05 14:41:15.884 25398  5386 I NearbyMediums: Started BLE scanning, service-id=NearbyConnections.TxAdvertisement, is-extended-advert=true, power-level=2, scan-mode=3
08-05 14:41:15.884 25398  5386 I NearbyConnections: [InstantConnectionPcpMgr] In invalidateTxAdvertisementScanning(by final_updateAdvertising) tx advertisement scanning successfully started for enpointId:MMUJ serviceId:NearbySharing isScreenUnlocked:true powerLevel:BALANCED
08-05 14:41:15.884 25398  5386 I NearbyConnections: Found BleAdvertisement [ 0x23 0x37 0x38 0x50 0x47 0x11 0x32 0x6e 0x9e 0xc1 0x6f 0x7d 0x88 0x86 0x9a 0xb2 0x87 0xaa 0x9b 0x33 0x6a 0xa9 0x05 ] (with EndpointId 78PG and EndpointInfo [ 0x32 0x6e 0x9e 0xc1 0x6f 0x7d 0x88 0x86 0x9a 0xb2 0x87 0xaa 0x9b 0x33 0x6a 0xa9 0x05 ])
08-05 14:41:15.885 25398  5391 I NearbySharing: [broadcast provider] advertising options updated (BroadcastProviderOptions(powerLevel=2, flowId=5984865127173201179, uwbSenderInfo=[], deviceType=1, advertisingMediums=[8, 3, 6, 5, 4], upgradeMediums=[11, 5, 8, 6, 3, 9, 10, 2, 4, 7], useStableIdentifiers=false, allowBluetoothRadioToggling=false, allowWifiRadioToggling=false, enableBleL2capListening=false, allowGattConnections=false, enableFastAdvertisement=true)).
08-05 14:41:15.885 25398  5386 I NearbyConnections: ClientProxy(43854941) reporting onEndpointFound(78PG)
08-05 14:41:15.885 25398  5391 I NearbySharing: NearbySharing Internal event ReceiveManagerUpdate(mode=2, isEveryoneMode=false, dataUsage=2, useQrCode=false, success=true)
08-05 14:41:15.885 25398  5386 I NearbyConnections: ClientProxy(43854941) reporting onEndpointDistanceChanged(78PG, UNKNOWN)
08-05 14:41:15.885 25398  5391 I NearbySharing: NearbySharing Internal event EndpointDiscovered(endpointId=78PG)
08-05 14:41:15.887 25398  5390 I NearbySharing: [ClearcutLog] ADVERTISE_DEVICE_PRESENCE_START sessionId=0 flowId=5984865127173201179 sessionStatus: 1, visibility: 1
08-05 14:41:15.892 25398  5387 I NearbySharing: Failed to log ADVERTISE_DEVICE_PRESENCE_START, due to clearcutLogger is null.
08-05 14:41:16.025  2287  2661 V bluetooth: system/gd/hci/le_scanning_reassembler.cc:96 ProcessAdvertisingReport: Full advertising report has been reassembled
08-05 14:41:16.025  2287  2652 V bt_btm_ble: system/stack/btm/btm_ble_gap.cc:1955 btm_ble_process_adv_addr: bda=xx:xx:xx:xx:c1:b4
08-05 14:41:16.025  2287  2652 V bt_btm_ble: system/stack/btm/btm_ble_gap.cc:1946 btm_ble_update_inq_result: NOT_BR/EDR support bit set, treat device as LE only
08-05 14:41:16.026  2287  2703 V ScanController: onScanResult() - eventType=0x0, addressType=1, address=XX:XX:XX:XX:C1:B4, primaryPhy=1, secondaryPhy=1, advertisingSid=0x1, txPower=127, rssi=-75, periodicAdvInt=0x0, originalAddress=00:00:00:00:00:00
08-05 14:41:16.026  2287  2703 V ScanController: Legacy scan, non legacy result; skip.
08-05 14:41:16.026  2287  2703 V ScanController: Skipping client: permission=true matches=false
08-05 14:41:16.026  2287  2703 V ScanController: Legacy scan, non legacy result; skip.
08-05 14:41:16.026  2287  2703 V ScanController: Legacy scan, non legacy result; skip.
08-05 14:41:16.135  2287  2652 V l2c_csm : system/stack/l2cap/l2c_csm.cc:1321 l2c_csm_open: LCID: 0x0064  st: OPEN  evt: L2CEVT_L2CAP_DATA(0x14) psm: BT_PSM_RFCOMM(0x0003)
08-05 14:41:16.135  2287  2652 V bluetooth: system/stack/rfcomm/rfc_l2cap_if.cc:323 RFCOMM_BufDataInd: Handling UIH event, buf_len=4, credit=0
08-05 14:41:16.135  2287  2652 V bluetooth: system/stack/rfcomm/rfc_port_fsm.cc:527 rfc_port_sm_opened: RFC_PORT_EVENT_UIH bd_addr:xx:xx:xx:xx:05:91, port_handle:24 dlci:52 scn:26
08-05 14:41:16.135  2287  2652 V rfcomm  : system/stack/rfcomm/port_rfc.cc:841 PORT_DataInd: PORT_DataInd with data length 4, p_mcb:0x70b6f3b188,p_port:0x70b6f3a838,dlci:52
08-05 14:41:16.135  2287  2652 V bluetooth: system/bta/jv/bta_jv_act.cc:1380 bta_jv_port_data_co_cback: p_cb=0x70b6ef3010, p_pcb=0x70b6ef36b8, len=65535, type=1
08-05 14:41:16.135  2287  2652 V l2c_csm : system/stack/l2cap/l2c_csm.cc:1500 l2c_csm_open: Exit chnl_state=CST_OPEN [6], event=L2CEVT_L2CAP_DATA(0x14) [20]
08-05 14:41:16.138  2287  2652 V l2c_csm : system/stack/l2cap/l2c_csm.cc:1321 l2c_csm_open: LCID: 0x0064  st: OPEN  evt: L2CEVT_L2CAP_DATA(0x14) psm: BT_PSM_RFCOMM(0x0003)
08-05 14:41:16.138  2287  2652 V bluetooth: system/stack/rfcomm/rfc_l2cap_if.cc:323 RFCOMM_BufDataInd: Handling UIH event, buf_len=178, credit=0
08-05 14:41:16.138  2287  2652 V bluetooth: system/stack/rfcomm/rfc_port_fsm.cc:527 rfc_port_sm_opened: RFC_PORT_EVENT_UIH bd_addr:xx:xx:xx:xx:05:91, port_handle:24 dlci:52 scn:26
08-05 14:41:16.138  2287  2652 V rfcomm  : system/stack/rfcomm/port_rfc.cc:841 PORT_DataInd: PORT_DataInd with data length 178, p_mcb:0x70b6f3b188,p_port:0x70b6f3a838,dlci:52
08-05 14:41:16.138  2287  2652 V bluetooth: system/bta/jv/bta_jv_act.cc:1380 bta_jv_port_data_co_cback: p_cb=0x70b6ef3010, p_pcb=0x70b6ef36b8, len=65535, type=1
08-05 14:41:16.138  2287  2652 V bt_l2cap: system/stack/l2cap/l2c_api.cc:1482 L2CA_DataWrite: L2CA_DataWrite()  CID: 0x0064  Len: 5
08-05 14:41:16.138  2287  2652 V l2c_csm : system/stack/l2cap/l2c_csm.cc:1321 l2c_csm_open: LCID: 0x0064  st: OPEN  evt: L2CEVT_L2CA_DATA_WRITE(0x1e) psm: BT_PSM_RFCOMM(0x0003)
08-05 14:41:16.138  2287  2652 V l2c_link: system/stack/l2cap/l2c_link.cc:872 l2c_link_check_send_pkts: Direct send, transport=1, xmit_window=12, le_xmit_window=15, sent_not_acked=0, link_xmit_quota=12
08-05 14:41:16.138  2287  2652 V l2c_link: system/stack/l2cap/l2c_link.cc:883 l2c_link_check_send_pkts: No transmit data, skipping
08-05 14:41:16.138  2287  2652 V l2c_link: system/stack/l2cap/l2c_link.cc:894 l2c_link_check_send_pkts: Trying to send other data when single_write is false
08-05 14:41:16.138  2287  2652 V l2c_link: system/stack/l2cap/l2c_link.cc:1177 l2cu_get_next_channel_in_rr: RR service pri=2, quota=4, lcid=0x0064
08-05 14:41:16.138  2287  2652 V l2c_link: system/stack/l2cap/l2c_link.cc:904 l2c_link_check_send_pkts: Sending to lower layer
08-05 14:41:16.138  2287  2652 V l2c_link: system/stack/l2cap/l2c_link.cc:948 l2c_link_send_to_lower_br_edr: TotalWin=11,Hndl=0xb,Quota=12,Unack=1,RRQuota=0,RRUnack=0
08-05 14:41:16.138  2287  2652 V l2c_link: system/stack/l2cap/l2c_link.cc:901 l2c_link_check_send_pkts: No next buffer, skipping
08-05 14:41:16.138  2287  2652 V l2c_csm : system/stack/l2cap/l2c_csm.cc:1500 l2c_csm_open: Exit chnl_state=CST_OPEN [6], event=L2CEVT_L2CA_DATA_WRITE(0x1e) [30]
08-05 14:41:16.138  2287  2652 V l2c_csm : system/stack/l2cap/l2c_csm.cc:1500 l2c_csm_open: Exit chnl_state=CST_OPEN [6], event=L2CEVT_L2CAP_DATA(0x14) [20]
08-05 14:41:16.143  2287  2652 V l2c_link: system/stack/l2cap/l2c_link.cc:872 l2c_link_check_send_pkts: Direct send, transport=1, xmit_window=12, le_xmit_window=15, sent_not_acked=0, link_xmit_quota=12
08-05 14:41:16.144  2287  2652 V l2c_link: system/stack/l2cap/l2c_link.cc:883 l2c_link_check_send_pkts: No transmit data, skipping
08-05 14:41:16.144  2287  2652 V l2c_link: system/stack/l2cap/l2c_link.cc:894 l2c_link_check_send_pkts: Trying to send other data when single_write is false
08-05 14:41:16.144  2287  2652 V l2c_link: system/stack/l2cap/l2c_link.cc:901 l2c_link_check_send_pkts: No next buffer, skipping
08-05 14:41:16.146 25398  5387 I ActiveUnlock: (REDACTED) unlockGranter for device id: %d is %s
08-05 14:41:16.147 25398  5387 I ActiveUnlock: Relock heartbeat received [CONTEXT service_id=327 ]
08-05 14:41:16.150  2287  2747 V bluetooth: system/bta/jv/bta_jv_api.cc:547 BTA_JvRfcommWrite: handle:135, req_id:155, hi:6, si:0
08-05 14:41:16.150  2287  2747 V bluetooth: system/bta/jv/bta_jv_api.cc:553 BTA_JvRfcommWrite: write ok
08-05 14:41:16.150  2287  2652 V bluetooth: system/bta/jv/bta_jv_act.cc:2060 bta_jv_pm_state_change: p_cb=0x70b6ef37e4, jv_handle=0x87, busy/idle_state=1, app_id=1, conn_state=BTA_JV_CONN_BUSY(0x7)
08-05 14:41:16.150  2287  2652 D bt_bta_dm: system/bta/dm/bta_dm_act.cc:889 bta_dm_rm_cback: BTA Role management callback count:0 status:BTA_SYS_CONN_BUSY peer:xx:xx:xx:xx:05:91
08-05 14:41:16.150  2287  2652 V bluetooth: system/bta/dm/bta_dm_pm.cc:427 bta_dm_pm_cback: Power management callback status:BTA_SYS_CONN_BUSY[7] id:BTA_ID_JV[26], app:1
08-05 14:41:16.150  2287  2652 V bluetooth: system/bta/dm/bta_dm_pm.cc:445 bta_dm_pm_cback: Stopped all timers for service to device:xx:xx:xx:xx:05:91 id:BTA_ID_JV[26]
08-05 14:41:16.150  2287  2652 V bluetooth: system/bta/dm/bta_dm_pm.cc:451 bta_dm_pm_cback: Device info:0x00:none
08-05 14:41:16.151  2287  2652 V bluetooth: system/bta/dm/bta_dm_pm.cc:180 bta_dm_pm_stop_timer: 
08-05 14:41:16.151  2287  2652 V bluetooth: system/bta/dm/bta_dm_pm.cc:528 bta_dm_pm_cback: bta_dm_pm_stop_timer for current service, restart other service timers: count = 3
08-05 14:41:16.151  2287  2652 V bluetooth: system/bta/dm/bta_dm_pm.cc:630 bta_dm_pm_set_mode: Service:BTA_ID_AG[5] state:BTA_SYS_CONN_IDLE[6] allowed_modes:0x30 service_index:1
08-05 14:41:16.151  2287  2652 V bluetooth: system/bta/dm/bta_dm_pm.cc:630 bta_dm_pm_set_mode: Service:BTA_ID_JV[26] state:BTA_SYS_CONN_BUSY[7] allowed_modes:0x30 service_index:17
08-05 14:41:16.151  2287  2652 V bluetooth: system/bta/dm/bta_dm_pm.cc:630 bta_dm_pm_set_mode: Service:BTA_ID_JV[26] state:BTA_SYS_CONN_IDLE[6] allowed_modes:0x30 service_index:18
08-05 14:41:16.151  2287  2652 V bluetooth: system/bta/dm/bta_dm_pm.cc:738 bta_dm_pm_set_mode: Setting link to active mode peer:xx:xx:xx:xx:05:91
08-05 14:41:16.151  2287  2652 D bt_btm_pm: system/stack/acl/btm_pm.cc:229 BTM_SetPowerMode: Device is already in requested mode 0, interval: 0, max: 0, min: 0
08-05 14:41:16.151  2287  2652 D bluetooth: system/bta/dm/bta_dm_pm.cc:987 bta_dm_pm_active: Active power mode already set for device:xx:xx:xx:xx:05:91
08-05 14:41:16.151  2287  2652 V bt_port_api: system/stack/rfcomm/port_api.cc:902 PORT_WriteDataCO: handle:24
08-05 14:41:16.151  2287  2652 V bluetooth: system/bta/jv/bta_jv_act.cc:1380 bta_jv_port_data_co_cback: p_cb=0x70b6ef3010, p_pcb=0x70b6ef36b8, len=4, type=2
08-05 14:41:16.151  2287  2652 V bluetooth: system/bta/jv/bta_jv_act.cc:1380 bta_jv_port_data_co_cback: p_cb=0x70b6ef3010, p_pcb=0x70b6ef36b8, len=178, type=3
08-05 14:41:16.151  2287  2652 V bt_port_api: system/stack/rfcomm/port_api.cc:1004 PORT_WriteDataCO: 178 bytes
08-05 14:41:16.151  2287  2652 V bt_port_api: system/stack/rfcomm/port_api.cc:877 port_write: Data is being sent
08-05 14:41:16.151  2287  2652 V bluetooth: system/stack/rfcomm/rfc_port_fsm.cc:480 rfc_port_sm_opened: RFC_PORT_EVENT_DATA bd_addr:xx:xx:xx:xx:05:91 port_handle:24 dlci:52 scn:26
08-05 14:41:16.151  2287  2652 V bt_l2cap: system/stack/l2cap/l2c_api.cc:1482 L2CA_DataWrite: L2CA_DataWrite()  CID: 0x0064  Len: 183
08-05 14:41:16.151  2287  2652 V l2c_csm : system/stack/l2cap/l2c_csm.cc:1321 l2c_csm_open: LCID: 0x0064  st: OPEN  evt: L2CEVT_L2CA_DATA_WRITE(0x1e) psm: BT_PSM_RFCOMM(0x0003)
08-05 14:41:16.151  2287  2652 V l2c_link: system/stack/l2cap/l2c_link.cc:872 l2c_link_check_send_pkts: Direct send, transport=1, xmit_window=12, le_xmit_window=15, sent_not_acked=0, link_xmit_quota=12
08-05 14:41:16.151  2287  2652 V l2c_link: system/stack/l2cap/l2c_link.cc:883 l2c_link_check_send_pkts: No transmit data, skipping
08-05 14:41:16.151  2287  2652 V l2c_link: system/stack/l2cap/l2c_link.cc:894 l2c_link_check_send_pkts: Trying to send other data when single_write is false
08-05 14:41:16.151  2287  2652 V l2c_link: system/stack/l2cap/l2c_link.cc:1177 l2cu_get_next_channel_in_rr: RR service pri=2, quota=4, lcid=0x0064
08-05 14:41:16.151  2287  2652 V l2c_link: system/stack/l2cap/l2c_link.cc:904 l2c_link_check_send_pkts: Sending to lower layer
08-05 14:41:16.151  2287  2652 V l2c_link: system/stack/l2cap/l2c_link.cc:948 l2c_link_send_to_lower_br_edr: TotalWin=11,Hndl=0xb,Quota=12,Unack=1,RRQuota=0,RRUnack=0
08-05 14:41:16.151  2287  2652 V l2c_link: system/stack/l2cap/l2c_link.cc:901 l2c_link_check_send_pkts: No next buffer, skipping
08-05 14:41:16.151  2287  2652 V l2c_csm : system/stack/l2cap/l2c_csm.cc:1500 l2c_csm_open: Exit chnl_state=CST_OPEN [6], event=L2CEVT_L2CA_DATA_WRITE(0x1e) [30]
08-05 14:41:16.151  2287  2652 V bluetooth: system/bta/jv/bta_jv_act.cc:1486 bta_jv_port_event_cl_cback: port_handle=24
08-05 14:41:16.151  2287  2652 V bluetooth: system/bta/jv/bta_jv_act.cc:1491 bta_jv_port_event_cl_cback: code=0x4, port_handle=24, rfc_handle=135
08-05 14:41:16.151  2287  2652 V bluetooth: system/bta/jv/bta_jv_act.cc:2060 bta_jv_pm_state_change: p_cb=0x70b6ef37e4, jv_handle=0x87, busy/idle_state=2, app_id=1, conn_state=BTA_JV_CONN_IDLE(0x6)
08-05 14:41:16.151  2287  2652 D bt_bta_dm: system/bta/dm/bta_dm_act.cc:889 bta_dm_rm_cback: BTA Role management callback count:0 status:BTA_SYS_CONN_IDLE peer:xx:xx:xx:xx:05:91
08-05 14:41:16.151  2287  2652 V bluetooth: system/bta/dm/bta_dm_pm.cc:427 bta_dm_pm_cback: Power management callback status:BTA_SYS_CONN_IDLE[6] id:BTA_ID_JV[26], app:1
08-05 14:41:16.151  2287  2652 V bluetooth: system/bta/dm/bta_dm_pm.cc:445 bta_dm_pm_cback: Stopped all timers for service to device:xx:xx:xx:xx:05:91 id:BTA_ID_JV[26]
08-05 14:41:16.151  2287  2652 V bluetooth: system/bta/dm/bta_dm_pm.cc:451 bta_dm_pm_cback: Device info:0x00:none
08-05 14:41:16.151  2287  2652 V bluetooth: system/bta/dm/bta_dm_pm.cc:180 bta_dm_pm_stop_timer: 
08-05 14:41:16.152  2287  2652 V bluetooth: system/bta/dm/bta_dm_pm.cc:528 bta_dm_pm_cback: bta_dm_pm_stop_timer for current service, restart other service timers: count = 3
08-05 14:41:16.152  2287  2652 V bluetooth: system/bta/dm/bta_dm_pm.cc:630 bta_dm_pm_set_mode: Service:BTA_ID_AG[5] state:BTA_SYS_CONN_IDLE[6] allowed_modes:0x30 service_index:1
08-05 14:41:16.152  2287  2652 V bluetooth: system/bta/dm/bta_dm_pm.cc:630 bta_dm_pm_set_mode: Service:BTA_ID_JV[26] state:BTA_SYS_CONN_IDLE[6] allowed_modes:0x30 service_index:17
08-05 14:41:16.152  2287  2652 V bluetooth: system/bta/dm/bta_dm_pm.cc:630 bta_dm_pm_set_mode: Service:BTA_ID_JV[26] state:BTA_SYS_CONN_IDLE[6] allowed_modes:0x30 service_index:18
08-05 14:41:16.152  2287  2652 V bt_btif_sock_rfcomm: system/btif/src/btif_sock_rfc.cc:990 rfcomm_cback: handling BTA_JV_RFCOMM_WRITE_EVT, slot_id:155
08-05 14:41:16.156 25398  5387 I ActiveUnlock: (REDACTED) Heartbeat tick: missedHeartbeats: %s | totalHeartbeats: %s
08-05 14:41:16.161  2287  2652 V l2c_link: system/stack/l2cap/l2c_link.cc:872 l2c_link_check_send_pkts: Direct send, transport=1, xmit_window=12, le_xmit_window=15, sent_not_acked=0, link_xmit_quota=12
08-05 14:41:16.161  2287  2652 V l2c_link: system/stack/l2cap/l2c_link.cc:883 l2c_link_check_send_pkts: No transmit data, skipping
08-05 14:41:16.161  2287  2652 V l2c_link: system/stack/l2cap/l2c_link.cc:894 l2c_link_check_send_pkts: Trying to send other data when single_write is false
08-05 14:41:16.161  2287  2652 V l2c_link: system/stack/l2cap/l2c_link.cc:901 l2c_link_check_send_pkts: No next buffer, skipping
08-05 14:41:16.162  1407  1532 I DisplayDeviceRepository: Display device changed render timings: "Built-in Screen", renderFrameRate=120.00002, presentationDeadlineNanos=11500000, appVsyncOffsetNanos=6233332, frameRateOverrides=[{uid=10228 frameRateHz=120.00002}]
08-05 14:41:16.292  1196  1196 W TracingMuxer: type=1400 audit(0.0:19010): avc:  denied  { write } for  name="traced_producer" dev="tmpfs" ino=1304 scontext=u:r:gxp_logging:s0 tcontext=u:object_r:traced_producer_socket:s0 tclass=sock_file permissive=0
08-05 14:41:16.307  2287  2661 V bluetooth: system/gd/hci/le_scanning_reassembler.cc:96 ProcessAdvertisingReport: Full advertising report has been reassembled
08-05 14:41:16.307  2287  2652 V bt_btm_ble: system/stack/btm/btm_ble_gap.cc:1955 btm_ble_process_adv_addr: bda=xx:xx:xx:xx:c1:b4
08-05 14:41:16.307  2287  2652 V bt_btm_ble: system/stack/btm/btm_ble_gap.cc:1946 btm_ble_update_inq_result: NOT_BR/EDR support bit set, treat device as LE only
08-05 14:41:16.308  2287  2703 V ScanController: onScanResult() - eventType=0x0, addressType=1, address=XX:XX:XX:XX:C1:B4, primaryPhy=1, secondaryPhy=1, advertisingSid=0x1, txPower=127, rssi=-75, periodicAdvInt=0x0, originalAddress=00:00:00:00:00:00
08-05 14:41:16.308  2287  2703 V ScanController: Legacy scan, non legacy result; skip.
08-05 14:41:16.308  2287  2703 V ScanController: Skipping client: permission=true matches=false
08-05 14:41:16.308  2287  2703 V ScanController: Legacy scan, non legacy result; skip.
08-05 14:41:16.309  2287  2703 V ScanController: Legacy scan, non legacy result; skip.
08-05 14:41:16.595  2287  2661 V bluetooth: system/gd/hci/le_scanning_reassembler.cc:96 ProcessAdvertisingReport: Full advertising report has been reassembled
08-05 14:41:16.595  2287  2652 V bt_btm_ble: system/stack/btm/btm_ble_gap.cc:1955 btm_ble_process_adv_addr: bda=xx:xx:xx:xx:c1:b4
08-05 14:41:16.595  2287  2652 V bt_btm_ble: system/stack/btm/btm_ble_gap.cc:1946 btm_ble_update_inq_result: NOT_BR/EDR support bit set, treat device as LE only
08-05 14:41:16.596  2287  2703 V ScanController: onScanResult() - eventType=0x0, addressType=1, address=XX:XX:XX:XX:C1:B4, primaryPhy=1, secondaryPhy=1, advertisingSid=0x1, txPower=127, rssi=-76, periodicAdvInt=0x0, originalAddress=00:00:00:00:00:00
08-05 14:41:16.596  2287  2703 V ScanController: Legacy scan, non legacy result; skip.
08-05 14:41:16.596  2287  2703 V ScanController: Skipping client: permission=true matches=false
08-05 14:41:16.596  2287  2703 V ScanController: Legacy scan, non legacy result; skip.
08-05 14:41:16.596  2287  2703 V ScanController: Legacy scan, non legacy result; skip.
08-05 14:41:16.744  1197  1197 D AOC     : A3:MSG: usf_sensor.cc, 1774: USF: Received start sampling request for TMD3733 Ambient Light (active:3).
08-05 14:41:16.745  1197  1197 D AOC     : A3:MSG: usf_sensor.cc, 1774: USF: Received start sampling request for VD6282 Rear Light Sensor (active:2).
08-05 14:41:16.747  1197  1197 D AOC     : A3:MSG: usf_sensor.cc, 1774: USF: Received start sampling request for TMD3733 Proximity (active:1).
08-05 14:41:16.747  1197  1197 D AOC     : A3:MSG: tmd3733_hw.cc, 106: USF: TMD3733: vcsel_ma: 10.000000
08-05 14:41:16.749  1197  1197 D AOC     : A3:MSG: tmd3733_device.cc, 3145: USF: TMD3733: vsync_delay_usec: 2200
08-05 14:41:16.750   857   934 I CHRE    : @ 70569.601: [Wallaby] Starting sensors
08-05 14:41:16.750   857   934 I CHRE    : @ 70569.606: [Wallaby] Starting prox
08-05 14:41:16.751  1197  1197 D AOC     : A3:MSG: tmd3733_device.cc, 757: USF: TMD3733: Skip baseline calibration (since-last:284649231504ns)
08-05 14:41:16.751  1197  1197 D AOC     : A3:MSG: tmd3733_sensor.cc, 286: USF: TMD3733: Report new active state:1
08-05 14:41:16.751  1197  1197 D AOC     : A3:MSG: tmd3733_device.cc, 243: USF: TMD3733: StartSampling(type:0 err:0): client_count P/A+fakeA/F:1/1+0/0
08-05 14:41:16.751   875   978 I usf_sensor_hal: Received REPORT_SENSOR_ACTIVE_STATE_CHANGES event from 'TMD3733 Proximity' with new state:kActive!
08-05 14:41:16.753  1197  1197 D AOC     : A3:MSG: usf_sensor.cc, 1774: USF: Received start sampling request for ICM45631 Accelerometer (active:4).
08-05 14:41:16.753   509 19487 D hwc-display: setMinIdleRefreshRate requester 0, fps 30
08-05 14:41:16.753   509 19487 D hwc-display: setMinIdleRefreshRate: proximity state active, min 30hz, doze mode 0
08-05 14:41:16.758   509 19487 I hwc-display: DisplayTe2Manager::setTe2Option writes te2_option(0) to the sysfs node
08-05 14:41:16.758   857   934 I CHRE    : @ 70569.613: [WallabySM] ProxManager:Update: Disabled --> Running, event=Enable, event_val=1
08-05 14:41:16.758   857   934 I CHRE    : @ 70569.613: [Wallaby] Starting accel
08-05 14:41:16.758   509 19487 I hwc-display: Set the minimum refresh rate to 1 but wait until the configuration is ready before applying.
08-05 14:41:16.758   509   557 I hwc-display: ProximitySensorStateNotifierWorker: Routine: notify state (1)
08-05 14:41:16.758   509   557 I hwc-display: ExynosPrimaryDisplay: onProximitySensorStateChanged: 1
08-05 14:41:16.758   509 19487 I hwc-display: setRefreshRateThrottleNanos() requester(0) set delay to 1000000000ns
08-05 14:41:16.759  2415 28482 I PixelDisplayManager: onProximitySensorStateChanged: true
08-05 14:41:16.759  2415 28482 I PixelDisplayManager: 1 request Display Mode: 120, display unique id: local:4619827555876906240
08-05 14:41:16.759  2415 28482 I PixelDisplayManager: requestDisplayModeByVsync: 120
08-05 14:41:16.760  2415 28482 I PixelDisplayManager: found targetModeId 4
08-05 14:41:16.760  2415 28482 I PixelDisplayManager: requestDisplayMode 4
08-05 14:41:16.761   857   934 I CHRE    : @ 70569.618: [WallabySM] MotionManager:Update: Disabled --> Running, event=Enable, event_val=1
08-05 14:41:16.761   857   934 I CHRE    : @ 70569.619: [WallabyPD] Config[0]: model=0, on_demand=0, num_clients=1
08-05 14:41:16.761   857   934 I CHRE    : @ 70569.619: [WallabyPD] Config[0]: model=0, on_demand=0, num_clients=1
08-05 14:41:16.765  1197  1197 D AOC     : A3:MSG: tmd3733_device.cc, 3326: USF: TMD3733: Prox State: FAR
08-05 14:41:16.768   507   507 I RefreshRateSelector: Display 4619827555876906240 policy changed
08-05 14:41:16.768   507   507 I RefreshRateSelector: Previous: {defaultModeId=2, allowGroupSwitching=false, primaryRanges={physical=[0.00 Hz, 120.00 Hz], render=[0.00 Hz, 120.00 Hz]}, appRequestRanges={physical=[0.00 Hz, 120.00 Hz], render=[0.00 Hz, 120.00 Hz]} idleScreenConfig=nullptr}
08-05 14:41:16.768   507   507 I RefreshRateSelector: Current:  DisplayManagerPolicy{defaultModeId=3, allowGroupSwitching=false, primaryRanges={physical=[0.00 Hz, 120.00 Hz], render=[0.00 Hz, 120.00 Hz]}, appRequestRanges={physical=[0.00 Hz, 120.00 Hz], render=[0.00 Hz, 120.00 Hz]} idleScreenConfig=nullptr}
08-05 14:41:16.768   507   507 I RefreshRateSelector: 1 mode changes were performed under the previous policy
08-05 14:41:16.768   507   507 D DisplayModeController: setDesiredMode 4619827555876906240 {mode={fps=120.00 Hz, modePtr={id=3, vsyncRate=120.00 Hz, peakRefreshRate=120.00 Hz}}, emitEvent=true, force=false}
08-05 14:41:16.771   857   934 I CHRE    : @ 70569.628: [WallabyPD] Config[0]: model=0, on_demand=0, num_clients=1
08-05 14:41:16.772  1407  1532 I DisplayDeviceRepository: Display device changed render timings: "Built-in Screen", renderFrameRate=120.00002, presentationDeadlineNanos=11500000, appVsyncOffsetNanos=6233332, frameRateOverrides=[]
08-05 14:41:16.775  1407  1532 I DisplayDeviceRepository: Display device changed render timings: "Built-in Screen", renderFrameRate=120.00002, presentationDeadlineNanos=11500000, appVsyncOffsetNanos=6233332, frameRateOverrides=[{uid=10228 frameRateHz=120.00001}]
08-05 14:41:16.775   509 19487 D hwc-display: setActiveConfigWithConstraints:: PrimaryDisplay config(39) test(0)
08-05 14:41:16.775   509 19487 I hwc-display: [PrimaryDisplay] OperationRateManager::updateOperationRateLocked:Target@120(desired:120) | Refresh@120(peak:2147483647), Battery:OK, DBV:839(NsMin:0, HsSwitchMin:0)
08-05 14:41:16.775   509 19487 I hwc-display: [PrimaryDisplay] setActiveConfigWithConstraints: config(39)
08-05 14:41:16.775   509 19487 I hwc-display: VrrController: Set active Vrr configuration = 39, power mode = 2
08-05 14:41:16.776   509 19487 I hwc-display: The configuration is ready to set minimum refresh rate = 1
08-05 14:41:16.782  1407  1532 I DisplayDeviceRepository: Display device changed render timings: "Built-in Screen", renderFrameRate=120.00001, presentationDeadlineNanos=11500000, appVsyncOffsetNanos=6233332, frameRateOverrides=[{uid=10228 frameRateHz=120.00001}]
08-05 14:41:16.783   902  1789 D DeviceHalAidl: [default] setParameters: parameters: "screen_state=on"
08-05 14:41:16.784  1407  1532 I DisplayDeviceRepository: Display device changed render timings: "Built-in Screen", renderFrameRate=120.00001, presentationDeadlineNanos=11500000, appVsyncOffsetNanos=6233332, frameRateOverrides=[]
08-05 14:41:16.784   853   853 D ASvc::Module: updateScreenState: 1
08-05 14:41:16.785   902  1789 D DeviceHalAidl: [r_submix] setParameters: parameters: "screen_state=on"
08-05 14:41:16.785   853  2761 D AHAL_Module: updateScreenState: r_submix: 1
08-05 14:41:16.785   902  1789 D DeviceHalAidl: [bluetooth] setParameters: parameters: "screen_state=on"
08-05 14:41:16.785  1407  1530 D WindowManager: DeferredDisplayUpdater: partially applying DisplayInfo(1008 x 2244) immediately
08-05 14:41:16.786   853  2761 D AHAL_Module: updateScreenState: bluetooth: 1
08-05 14:41:16.788   509   640 I hwc-display: DisplayTe2Manager::setTe2Rate writes te2_rate_hz(30) to the sysfs node
08-05 14:41:16.788   509   640 I hwc-display: DisplayTe2Manager::setTe2Rate writes te2_rate_hz(120) to the sysfs node
08-05 14:41:16.816  2287  2729 D BtGatt.AdvertiseManager: stopAdvertisingSet() android.os.BinderProxy@b51d825
08-05 14:41:16.816  2287  2729 I bt_shim_advertiser: system/main/shim/le_advertising_manager.cc:80 Unregister: in shim layer
08-05 14:41:16.816  2287  2661 D bluetooth: system/gd/hci/le_advertising_manager.cc:750 stop_advertising: advertiser_id: 0 is_periodic: false
08-05 14:41:16.818  2287  2749 I bluetooth_core::gatt::server::isolation_manager: removing server (if any) associated with advertiser AdvertiserId(0)
08-05 14:41:16.877  2287  2661 V bluetooth: system/gd/hci/le_scanning_reassembler.cc:96 ProcessAdvertisingReport: Full advertising report has been reassembled
08-05 14:41:16.878  2287  2652 V bt_btm_ble: system/stack/btm/btm_ble_gap.cc:1955 btm_ble_process_adv_addr: bda=xx:xx:xx:xx:c1:b4
08-05 14:41:16.878  2287  2652 V bt_btm_ble: system/stack/btm/btm_ble_gap.cc:1946 btm_ble_update_inq_result: NOT_BR/EDR support bit set, treat device as LE only
08-05 14:41:16.878  2287  2703 V ScanController: onScanResult() - eventType=0x0, addressType=1, address=XX:XX:XX:XX:C1:B4, primaryPhy=1, secondaryPhy=1, advertisingSid=0x1, txPower=127, rssi=-82, periodicAdvInt=0x0, originalAddress=00:00:00:00:00:00
08-05 14:41:16.879  2287  2703 V ScanController: Legacy scan, non legacy result; skip.
08-05 14:41:16.879  2287  2703 V ScanController: Skipping client: permission=true matches=false
08-05 14:41:16.879  2287  2703 V ScanController: Legacy scan, non legacy result; skip.
08-05 14:41:16.879  2287  2703 V ScanController: Legacy scan, non legacy result; skip.
08-05 14:41:17.025   901   901 I WifiHAL : Creating message to get link statistics; iface = 47
08-05 14:41:17.134   901   901 E IPCThreadState: binder thread pool (1 threads) starved for 108 ms
08-05 14:41:17.134   901  1018 I WifiHAL : Getting cached scan results, iface handle = 0xb400007a79a61150
08-05 14:41:17.134   901  1018 E WifiHAL : Creating message to get cached scan results
08-05 14:41:17.140  2287  2652 V l2c_csm : system/stack/l2cap/l2c_csm.cc:1321 l2c_csm_open: LCID: 0x0064  st: OPEN  evt: L2CEVT_L2CAP_DATA(0x14) psm: BT_PSM_RFCOMM(0x0003)
08-05 14:41:17.140  2287  2652 V bluetooth: system/stack/rfcomm/rfc_l2cap_if.cc:323 RFCOMM_BufDataInd: Handling UIH event, buf_len=4, credit=1
08-05 14:41:17.140  2287  2652 V bluetooth: system/stack/rfcomm/rfc_port_fsm.cc:527 rfc_port_sm_opened: RFC_PORT_EVENT_UIH bd_addr:xx:xx:xx:xx:05:91, port_handle:24 dlci:52 scn:26
08-05 14:41:17.140  2287  2652 V rfcomm  : system/stack/rfcomm/port_rfc.cc:841 PORT_DataInd: PORT_DataInd with data length 4, p_mcb:0x70b6f3b188,p_port:0x70b6f3a838,dlci:52
08-05 14:41:17.140  2287  2652 V bluetooth: system/bta/jv/bta_jv_act.cc:1380 bta_jv_port_data_co_cback: p_cb=0x70b6ef3010, p_pcb=0x70b6ef36b8, len=65535, type=1
08-05 14:41:17.141  2287  2652 V rfcomm  : system/stack/rfcomm/rfc_utils.cc:374 rfc_inc_credit: rfc_inc_credit:10
08-05 14:41:17.141  2287  2652 V l2c_csm : system/stack/l2cap/l2c_csm.cc:1500 l2c_csm_open: Exit chnl_state=CST_OPEN [6], event=L2CEVT_L2CAP_DATA(0x14) [20]
08-05 14:41:17.146  2287  2652 V l2c_csm : system/stack/l2cap/l2c_csm.cc:1321 l2c_csm_open: LCID: 0x0064  st: OPEN  evt: L2CEVT_L2CAP_DATA(0x14) psm: BT_PSM_RFCOMM(0x0003)
08-05 14:41:17.146  2287  2652 V bluetooth: system/stack/rfcomm/rfc_l2cap_if.cc:323 RFCOMM_BufDataInd: Handling UIH event, buf_len=178, credit=0
08-05 14:41:17.146  2287  2652 V bluetooth: system/stack/rfcomm/rfc_port_fsm.cc:527 rfc_port_sm_opened: RFC_PORT_EVENT_UIH bd_addr:xx:xx:xx:xx:05:91, port_handle:24 dlci:52 scn:26
08-05 14:41:17.146  2287  2652 V rfcomm  : system/stack/rfcomm/port_rfc.cc:841 PORT_DataInd: PORT_DataInd with data length 178, p_mcb:0x70b6f3b188,p_port:0x70b6f3a838,dlci:52
08-05 14:41:17.146  2287  2652 V bluetooth: system/bta/jv/bta_jv_act.cc:1380 bta_jv_port_data_co_cback: p_cb=0x70b6ef3010, p_pcb=0x70b6ef36b8, len=65535, type=1
08-05 14:41:17.146  2287  2652 V bt_l2cap: system/stack/l2cap/l2c_api.cc:1482 L2CA_DataWrite: L2CA_DataWrite()  CID: 0x0064  Len: 5
08-05 14:41:17.146  2287  2652 V l2c_csm : system/stack/l2cap/l2c_csm.cc:1321 l2c_csm_open: LCID: 0x0064  st: OPEN  evt: L2CEVT_L2CA_DATA_WRITE(0x1e) psm: BT_PSM_RFCOMM(0x0003)
08-05 14:41:17.146  2287  2652 V l2c_link: system/stack/l2cap/l2c_link.cc:872 l2c_link_check_send_pkts: Direct send, transport=1, xmit_window=12, le_xmit_window=15, sent_not_acked=0, link_xmit_quota=12
08-05 14:41:17.146  2287  2652 V l2c_link: system/stack/l2cap/l2c_link.cc:883 l2c_link_check_send_pkts: No transmit data, skipping
08-05 14:41:17.146  2287  2652 V l2c_link: system/stack/l2cap/l2c_link.cc:894 l2c_link_check_send_pkts: Trying to send other data when single_write is false
08-05 14:41:17.146  2287  2652 V l2c_link: system/stack/l2cap/l2c_link.cc:1177 l2cu_get_next_channel_in_rr: RR service pri=2, quota=4, lcid=0x0064
08-05 14:41:17.146  2287  2652 V l2c_link: system/stack/l2cap/l2c_link.cc:904 l2c_link_check_send_pkts: Sending to lower layer
08-05 14:41:17.146  2287  2652 V l2c_link: system/stack/l2cap/l2c_link.cc:948 l2c_link_send_to_lower_br_edr: TotalWin=11,Hndl=0xb,Quota=12,Unack=1,RRQuota=0,RRUnack=0
08-05 14:41:17.146  2287  2652 V l2c_link: system/stack/l2cap/l2c_link.cc:901 l2c_link_check_send_pkts: No next buffer, skipping
08-05 14:41:17.146  2287  2652 V l2c_csm : system/stack/l2cap/l2c_csm.cc:1500 l2c_csm_open: Exit chnl_state=CST_OPEN [6], event=L2CEVT_L2CA_DATA_WRITE(0x1e) [30]
08-05 14:41:17.147  2287  2652 V l2c_csm : system/stack/l2cap/l2c_csm.cc:1500 l2c_csm_open: Exit chnl_state=CST_OPEN [6], event=L2CEVT_L2CAP_DATA(0x14) [20]
08-05 14:41:17.147   901  1018 I WifiHAL : In GetCachedScanResultsCommand::handleResponse
08-05 14:41:17.152  2287  2652 V l2c_link: system/stack/l2cap/l2c_link.cc:872 l2c_link_check_send_pkts: Direct send, transport=1, xmit_window=12, le_xmit_window=15, sent_not_acked=0, link_xmit_quota=12
08-05 14:41:17.152  2287  2652 V l2c_link: system/stack/l2cap/l2c_link.cc:883 l2c_link_check_send_pkts: No transmit data, skipping
08-05 14:41:17.152  2287  2652 V l2c_link: system/stack/l2cap/l2c_link.cc:894 l2c_link_check_send_pkts: Trying to send other data when single_write is false
08-05 14:41:17.152  2287  2652 V l2c_link: system/stack/l2cap/l2c_link.cc:901 l2c_link_check_send_pkts: No next buffer, skipping
08-05 14:41:17.154 12620 12622 I pixel-thermal: Power data PARTIAL_SYSTEM_POWER_LPM is under collecting
08-05 14:41:17.154 12620 12622 I pixel-thermal: BatteryShutdownModeHighPower data is under collecting
08-05 14:41:17.154 12620 12622 I pixel-thermal: Thermal sensor BatteryShutdownModeHighPower is under collecting
08-05 14:41:17.155 12620 12622 I pixel-thermal: battery:36.6 raw data: battery:36600 
08-05 14:41:17.155 12620 12622 I pixel-thermal: ShutdownMode:36.7681 raw data: ShutdownMode:36768.1 VIRTUAL-SKIN:36768.1 VIRTUAL-SKIN-LEGACY:36319.3 VIRTUAL-SKIN-LEGACY-MODEL-DIFF:-418.836 VIRTUAL-SKIN-LEGACY-SHUTDOWN:0 VIRTUAL-SKIN-MODEL:36738.1 VIRTUAL-SKIN-MODEL-CLAMPED:36738.1 VIRTUAL-SKIN-MODEL-LEGACY-DIFF:418.836 VIRTUAL-SKIN-MODEL-UPDATED:36768.1 VIRTUAL-SKIN-MODEL-UPPER-CLAMPED:36738.1 VIRTUAL-SKIN-SUB-0:36319.3 VIRTUAL-SKIN-SUB-1:35642.3 VIRTUAL-SKIN-SUB-2:36155 VIRTUAL-SKIN-SUB-3:35981.4 VIRTUAL-SKIN-SUB-4:35452.1 VIRTUAL-SKIN-SUB-5:36235.7 VT_LEGACY_WEIGHT:0 VT_MODEL_WEIGHT:1 btmspkr_therm:35311 charging_therm:39786 disp_therm:35200 north_therm:37849 quiet_therm:38406 rfpa_therm:38138 soc_therm:39830 usb_pwr_therm:35089 
08-05 14:41:17.158 25398  5387 I ActiveUnlock: (REDACTED) Heartbeat tick: missedHeartbeats: %s | totalHeartbeats: %s
08-05 14:41:17.165 12620 12622 I pixel-thermal: VIRTUAL-SKIN-SPEAKER:33.5534 raw data: VIRTUAL-SKIN-SPEAKER:33553.4 VIRTUAL-SKIN-SPEAKER-SUB-0:33553.4 VIRTUAL-SKIN-SPEAKER-SUB-1:33232.8 btmspkr_therm:35311 charging_therm:39786 disp_therm:35200 north_therm:37849 quiet_therm:38406 rfpa_therm:38138 soc_therm:39830 usb_pwr_therm:35089 
08-05 14:41:17.165 12620 12622 I pixel-thermal: VIRTUAL-SKIN-CPU-MID:36.7681 raw data: VIRTUAL-SKIN:36768.1 VIRTUAL-SKIN-CPU-MID:36768.1 
