--------- beginning of main
08-05 14:41:14.889  2393 25385 D RegisteredAidCache: generateAidCacheLocked: starting with aid 325041592E5359532E4444463031
08-05 14:41:14.889  2393 25385 D RegisteredAidCache: generateAidCacheLocked: Exact AID, resolving.
08-05 14:41:14.889  2393 25385 I RegisteredAidCache: resolveAidConflictLocked: Sim based service is removed due to unknown sim type
08-05 14:41:14.889  2393 25385 D RegisteredAidCache: resolveAidConflictLocked: DECISION: routing to default wallet com.google.android.gms
08-05 14:41:14.889  2393 25385 D RegisteredAidCache: generateAidCacheLocked: AIDs: [325041592E5359532E4444463031] were resolved.
08-05 14:41:14.889  2393 25385 D RegisteredAidCache: generateAidCacheLocked: starting with aid 4F53452E5641532E3031
08-05 14:41:14.889  2393 25385 D RegisteredAidCache: generateAidCacheLocked: Exact AID, resolving.
08-05 14:41:14.889  2393 25385 I RegisteredAidCache: resolveAidConflictLocked: Sim based service is removed due to unknown sim type
08-05 14:41:14.889  2393 25385 D RegisteredAidCache: resolveAidConflictLocked: DECISION: routing to default wallet com.google.android.gms
08-05 14:41:14.889  2393 25385 D RegisteredAidCache: generateAidCacheLocked: AIDs: [4F53452E5641532E3031] were resolved.
08-05 14:41:14.889  2393 25385 D RegisteredAidCache: generateAidCacheLocked: starting with aid A00000047643276C1FDE7A39B9C05716
08-05 14:41:14.889  2393 25385 D RegisteredAidCache: generateAidCacheLocked: Exact AID, resolving.
08-05 14:41:14.889  2393 25385 I RegisteredAidCache: resolveAidConflictLocked: Sim based service is removed due to unknown sim type
08-05 14:41:14.889  2393 25385 D RegisteredAidCache: resolveAidConflictLocked: DECISION: routing to default wallet com.google.android.gms
08-05 14:41:14.889  2393 25385 D RegisteredAidCache: generateAidCacheLocked: AIDs: [A00000047643276C1FDE7A39B9C05716] were resolved.
08-05 14:41:14.889  2393 25385 D RegisteredAidCache: generateAidCacheLocked: starting with aid A000000476D0000111
08-05 14:41:14.889  2393 25385 D RegisteredAidCache: generateAidCacheLocked: Exact AID, resolving.
08-05 14:41:14.889  2393 25385 I RegisteredAidCache: resolveAidConflictLocked: Sim based service is removed due to unknown sim type
08-05 14:41:14.889  2393 25385 D RegisteredAidCache: resolveAidConflictLocked: DECISION: routing to default wallet com.google.android.gms
08-05 14:41:14.889  2393 25385 D RegisteredAidCache: generateAidCacheLocked: AIDs: [A000000476D0000111] were resolved.
08-05 14:41:14.889  2393 25385 D RegisteredAidCache: generateAidCacheLocked: starting with aid A000000809434343444B417631
08-05 14:41:14.889  2393 25385 D RegisteredAidCache: generateAidCacheLocked: Exact AID, resolving.
08-05 14:41:14.889  2393 25385 I RegisteredAidCache: resolveAidConflictLocked: Sim based service is removed due to unknown sim type
08-05 14:41:14.889  2393 25385 D RegisteredAidCache: resolveAidConflictLocked: DECISION: routing to default wallet com.google.android.gms
08-05 14:41:14.889  2393 25385 D RegisteredAidCache: generateAidCacheLocked: AIDs: [A000000809434343444B417631] were resolved.
08-05 14:41:14.889  2393 25385 D RegisteredAidCache: generateAidCacheLocked: starting with aid A000000809434343444B467631
08-05 14:41:14.889  2393 25385 D RegisteredAidCache: generateAidCacheLocked: Exact AID, resolving.
08-05 14:41:14.889  2393 25385 I RegisteredAidCache: resolveAidConflictLocked: Sim based service is removed due to unknown sim type
08-05 14:41:14.889  2393 25385 D RegisteredAidCache: resolveAidConflictLocked: DECISION: routing to default wallet com.google.android.gms
08-05 14:41:14.889  2393 25385 D RegisteredAidCache: generateAidCacheLocked: AIDs: [A000000809434343444B467631] were resolved.
08-05 14:41:14.889  2393 25385 D RegisteredAidCache: generateAidCacheLocked: starting with aid A000000940BCB000
08-05 14:41:14.889  2393 25385 D RegisteredAidCache: generateAidCacheLocked: Exact AID, resolving.
08-05 14:41:14.889  2393 25385 I RegisteredAidCache: resolveAidConflictLocked: Sim based service is removed due to unknown sim type
08-05 14:41:14.889  2393 25385 D RegisteredAidCache: resolveAidConflictLocked: DECISION: routing to default wallet com.google.android.gms
08-05 14:41:14.889  2393 25385 D RegisteredAidCache: generateAidCacheLocked: AIDs: [A000000940BCB000] were resolved.
08-05 14:41:14.889  2393 25385 D RegisteredAidCache: generateAidCacheLocked: starting with aid F00000FE2C
08-05 14:41:14.889  2393 25385 D RegisteredAidCache: generateAidCacheLocked: Exact AID, resolving.
08-05 14:41:14.889  2393 25385 I RegisteredAidCache: resolveAidConflictLocked: Sim based service is removed due to unknown sim type
08-05 14:41:14.889  2393 25385 D RegisteredAidCache: resolveAidConflictLocked: DECISION: routing to default wallet com.google.android.gms
08-05 14:41:14.889  2393 25385 D RegisteredAidCache: generateAidCacheLocked: AIDs: [F00000FE2C] were resolved.
08-05 14:41:14.889  2393 25385 D RegisteredAidCache: generateAidCacheLocked: Exact or Prefix AID.F00000FE2C
08-05 14:41:14.889  2393 25385 D RegisteredAidCache: generateAidCacheLocked: AIDs: [F00000FE2C] were resolved.
08-05 14:41:14.889  2393 25385 D RegisteredAidCache: generateAidCacheLocked: Exact or Prefix AID.A000000940BCB000
08-05 14:41:14.889  2393 25385 D RegisteredAidCache: generateAidCacheLocked: AIDs: [A000000940BCB000] were resolved.
08-05 14:41:14.889  2393 25385 D RegisteredAidCache: generateAidCacheLocked: Exact or Prefix AID.A000000809434343444B467631
08-05 14:41:14.889  2393 25385 D RegisteredAidCache: generateAidCacheLocked: AIDs: [A000000809434343444B467631] were resolved.
08-05 14:41:14.889  2393 25385 D RegisteredAidCache: generateAidCacheLocked: Exact or Prefix AID.A000000809434343444B417631
08-05 14:41:14.889  2393 25385 D RegisteredAidCache: generateAidCacheLocked: AIDs: [A000000809434343444B417631] were resolved.
08-05 14:41:14.889  2393 25385 D RegisteredAidCache: generateAidCacheLocked: Exact or Prefix AID.A000000476D0000111
08-05 14:41:14.889  2393 25385 D RegisteredAidCache: generateAidCacheLocked: AIDs: [A000000476D0000111] were resolved.
08-05 14:41:14.889  2393 25385 D RegisteredAidCache: generateAidCacheLocked: Exact or Prefix AID.A00000047643276C1FDE7A39B9C05716
08-05 14:41:14.889  2393 25385 D RegisteredAidCache: generateAidCacheLocked: AIDs: [A00000047643276C1FDE7A39B9C05716] were resolved.
08-05 14:41:14.889  2393 25385 D RegisteredAidCache: generateAidCacheLocked: Exact or Prefix AID.4F53452E5641532E3031
08-05 14:41:14.889  2393 25385 D RegisteredAidCache: generateAidCacheLocked: AIDs: [4F53452E5641532E3031] were resolved.
08-05 14:41:14.889  2393 25385 D RegisteredAidCache: generateAidCacheLocked: Exact or Prefix AID.325041592E5359532E4444463031
08-05 14:41:14.889  2393 25385 D RegisteredAidCache: generateAidCacheLocked: AIDs: [325041592E5359532E4444463031] were resolved.
08-05 14:41:14.889  2393 25385 D RegisteredAidCache: generateAidCacheLocked: aid cache entry325041592E5359532E4444463031 val:AidResolveInfo{services=[ApduService: ComponentInfo{com.google.android.gms/com.google.android.gms.tapandpay.hce.service.TpHceService}, UID: 10187, description: Google Pay, Static AID Groups: Category: payment, AIDs:325041592E5359532E4444463031, , Dynamic AID Groups: Category: payment, AIDs:325041592E5359532E4444463031, A00000047643276C1FDE7A39B9C05716, A000000940BCB000, ], defaultService=ApduService: ComponentInfo{com.google.android.gms/com.google.android.gms.tapandpay.hce.service.TpHceService}, UID: 10187, description: Google Pay, Static AID Groups: Category: payment, AIDs:325041592E5359532E4444463031, , Dynamic AID Groups: Category: payment, AIDs:325041592E5359532E4444463031, A00000047643276C1FDE7A39B9C05716, A000000940BCB000, , category='payment}
08-05 14:41:14.890  2393 25385 D RegisteredAidCache: generateAidCacheLocked: aid cache entry4F53452E5641532E3031 val:AidResolveInfo{services=[ApduService: ComponentInfo{com.google.android.gms/com.google.android.gms.pay.hce.service.PayHceService}, UID: 10187, description: Google Wallet, Static AID Groups: , Dynamic AID Groups: Category: other, AIDs:4F53452E5641532E3031, A000000476D0000111, ], defaultService=ApduService: ComponentInfo{com.google.android.gms/com.google.android.gms.pay.hce.service.PayHceService}, UID: 10187, description: Google Wallet, Static AID Groups: , Dynamic AID Groups: Category: other, AIDs:4F53452E5641532E3031, A000000476D0000111, , category='other}
08-05 14:41:14.890  2393 25385 D RegisteredAidCache: generateAidCacheLocked: aid cache entryA00000047643276C1FDE7A39B9C05716 val:AidResolveInfo{services=[ApduService: ComponentInfo{com.google.android.gms/com.google.android.gms.tapandpay.hce.service.TpHceService}, UID: 10187, description: Google Pay, Static AID Groups: Category: payment, AIDs:325041592E5359532E4444463031, , Dynamic AID Groups: Category: payment, AIDs:325041592E5359532E4444463031, A00000047643276C1FDE7A39B9C05716, A000000940BCB000, ], defaultService=ApduService: ComponentInfo{com.google.android.gms/com.google.android.gms.tapandpay.hce.service.TpHceService}, UID: 10187, description: Google Pay, Static AID Groups: Category: payment, AIDs:325041592E5359532E4444463031, , Dynamic AID Groups: Category: payment, AIDs:325041592E5359532E4444463031, A00000047643276C1FDE7A39B9C05716, A000000940BCB000, , category='payment}
08-05 14:41:14.890  2393 25385 D RegisteredAidCache: generateAidCacheLocked: aid cache entryA000000476D0000111 val:AidResolveInfo{services=[ApduService: ComponentInfo{com.google.android.gms/com.google.android.gms.pay.hce.service.PayHceService}, UID: 10187, description: Google Wallet, Static AID Groups: , Dynamic AID Groups: Category: other, AIDs:4F53452E5641532E3031, A000000476D0000111, ], defaultService=ApduService: ComponentInfo{com.google.android.gms/com.google.android.gms.pay.hce.service.PayHceService}, UID: 10187, description: Google Wallet, Static AID Groups: , Dynamic AID Groups: Category: other, AIDs:4F53452E5641532E3031, A000000476D0000111, , category='other}
08-05 14:41:14.890  2393 25385 D RegisteredAidCache: generateAidCacheLocked: aid cache entryA000000809434343444B417631 val:AidResolveInfo{services=[ApduService: ComponentInfo{com.google.android.gms/com.google.android.gms.dck.service.DckOffHostApduService}, UID: 10187, description: Android Digital Car Key, Static AID Groups: , Dynamic AID Groups: Category: other, AIDs:A000000809434343444B417631, ], defaultService=ApduService: ComponentInfo{com.google.android.gms/com.google.android.gms.dck.service.DckOffHostApduService}, UID: 10187, description: Android Digital Car Key, Static AID Groups: , Dynamic AID Groups: Category: other, AIDs:A000000809434343444B417631, , category='other}
08-05 14:41:14.890  2393 25385 D RegisteredAidCache: generateAidCacheLocked: aid cache entryA000000809434343444B467631 val:AidResolveInfo{services=[ApduService: ComponentInfo{com.google.android.gms/com.google.android.gms.dck.service.DckNfcApduService}, UID: 10187, description: Android Digital Car Key, Static AID Groups: Category: other, AIDs:A000000809434343444B467631, , Dynamic AID Groups: ], defaultService=ApduService: ComponentInfo{com.google.android.gms/com.google.android.gms.dck.service.DckNfcApduService}, UID: 10187, description: Android Digital Car Key, Static AID Groups: Category: other, AIDs:A000000809434343444B467631, , Dynamic AID Groups: , category='other}
08-05 14:41:14.890  2393 25385 D RegisteredAidCache: generateAidCacheLocked: aid cache entryA000000940BCB000 val:AidResolveInfo{services=[ApduService: ComponentInfo{com.google.android.gms/com.google.android.gms.tapandpay.hce.service.TpHceService}, UID: 10187, description: Google Pay, Static AID Groups: Category: payment, AIDs:325041592E5359532E4444463031, , Dynamic AID Groups: Category: payment, AIDs:325041592E5359532E4444463031, A00000047643276C1FDE7A39B9C05716, A000000940BCB000, ], defaultService=ApduService: ComponentInfo{com.google.android.gms/com.google.android.gms.tapandpay.hce.service.TpHceService}, UID: 10187, description: Google Pay, Static AID Groups: Category: payment, AIDs:325041592E5359532E4444463031, , Dynamic AID Groups: Category: payment, AIDs:325041592E5359532E4444463031, A00000047643276C1FDE7A39B9C05716, A000000940BCB000, , category='payment}
08-05 14:41:14.890  2393 25385 D RegisteredAidCache: generateAidCacheLocked: aid cache entryF00000FE2C val:AidResolveInfo{services=[ApduService: ComponentInfo{com.google.android.gms/com.google.android.gms.nearby.mediums.nearfieldcommunication.NfcAdvertisingService}, UID: 10187, description: Nearby, Static AID Groups: Category: other, AIDs:F00000FE2C, , Dynamic AID Groups: ], defaultService=ApduService: ComponentInfo{com.google.android.gms/com.google.android.gms.nearby.mediums.nearfieldcommunication.NfcAdvertisingService}, UID: 10187, description: Nearby, Static AID Groups: Category: other, AIDs:F00000FE2C, , Dynamic AID Groups: , category='other}
08-05 14:41:14.890  2393 25385 E RoutingOptionManager: getAlternativeRouteIfSimIsInvalid: sim is invalid
08-05 14:41:14.890  2393 25385 D AidRoutingManager: configureRouting: Routing table unchanged, not updating
08-05 14:41:14.891  2393 25385 E ApduServiceInfo: Not adding <aid-group> with empty or invalid AIDs
08-05 14:41:14.891  2393  2393 D NfcService: handleMessage: MSG_PREFERRED_PAYMENT_CHANGED
08-05 14:41:14.891  2374  7098 D SecureElementService: getReaders() for com.google.android.nfc
08-05 14:41:14.892  2393 25385 E ApduServiceInfo: Not adding <aid-group> with empty or invalid AIDs
08-05 14:41:14.892 31999  1086 I Dck     : (REDACTED) [DckNfcManager] Polling loop auto transact filter unregistration was successful. Filter: %s
08-05 14:41:14.892  2393 25385 D RegisteredAidCache: onServicesUpdated
08-05 14:41:14.893  2393 25385 D RegisteredAidCache: generateAidCacheLocked: starting with aid 325041592E5359532E4444463031
08-05 14:41:14.893  2393 25385 D RegisteredAidCache: generateAidCacheLocked: Exact AID, resolving.
08-05 14:41:14.893  2393 25385 I RegisteredAidCache: resolveAidConflictLocked: Sim based service is removed due to unknown sim type
08-05 14:41:14.893  2393 25385 D RegisteredAidCache: resolveAidConflictLocked: DECISION: routing to default wallet com.google.android.gms
08-05 14:41:14.893  2393 25385 D RegisteredAidCache: generateAidCacheLocked: AIDs: [325041592E5359532E4444463031] were resolved.
08-05 14:41:14.893  2393 25385 D RegisteredAidCache: generateAidCacheLocked: starting with aid 4F53452E5641532E3031
08-05 14:41:14.893  2393 25385 D RegisteredAidCache: generateAidCacheLocked: Exact AID, resolving.
08-05 14:41:14.893  2393 25385 I RegisteredAidCache: resolveAidConflictLocked: Sim based service is removed due to unknown sim type
08-05 14:41:14.893  2393  2393 D NfcService: handleMessage: MSG_CLEAR_ROUTING_TABLE
08-05 14:41:14.893  2393 25385 D RegisteredAidCache: resolveAidConflictLocked: DECISION: routing to default wallet com.google.android.gms
08-05 14:41:14.893  2393 25385 D RegisteredAidCache: generateAidCacheLocked: AIDs: [4F53452E5641532E3031] were resolved.
08-05 14:41:14.893  2393 25385 D RegisteredAidCache: generateAidCacheLocked: starting with aid A00000047643276C1FDE7A39B9C05716
08-05 14:41:14.893  2393 25385 D RegisteredAidCache: generateAidCacheLocked: Exact AID, resolving.
08-05 14:41:14.893  2393 25385 I RegisteredAidCache: resolveAidConflictLocked: Sim based service is removed due to unknown sim type
08-05 14:41:14.893  2393  2393 D libnfc_nci: nfcManager_clearRoutingEntry: clearFlags=0x1
08-05 14:41:14.893  2393 25385 D RegisteredAidCache: resolveAidConflictLocked: DECISION: routing to default wallet com.google.android.gms
08-05 14:41:14.893  2393 25385 D RegisteredAidCache: generateAidCacheLocked: AIDs: [A00000047643276C1FDE7A39B9C05716] were resolved.
08-05 14:41:14.893  2393  2393 D libnfc_nci: RoutingManager::clearRoutingEntry:   clearFlags = 1
08-05 14:41:14.893  2393 25385 D RegisteredAidCache: generateAidCacheLocked: starting with aid A000000476D0000111
08-05 14:41:14.893  2393  2393 D libnfc_nci: RoutingManager::clearRoutingEntry:  clear all of aid based routing
08-05 14:41:14.893  2393 25385 D RegisteredAidCache: generateAidCacheLocked: Exact AID, resolving.
08-05 14:41:14.893  2393  2393 D libnfc_nci: removeAidRouting: len=8, 0xff 0xff 0xff 0xff 0xff
08-05 14:41:14.893  2393 25385 I RegisteredAidCache: resolveAidConflictLocked: Sim based service is removed due to unknown sim type
08-05 14:41:14.893  2393 25385 D RegisteredAidCache: resolveAidConflictLocked: DECISION: routing to default wallet com.google.android.gms
08-05 14:41:14.893  2393 25385 D RegisteredAidCache: generateAidCacheLocked: AIDs: [A000000476D0000111] were resolved.
08-05 14:41:14.893  2393 25385 D RegisteredAidCache: generateAidCacheLocked: starting with aid A000000809434343444B417631
08-05 14:41:14.893  2393 25385 D RegisteredAidCache: generateAidCacheLocked: Exact AID, resolving.
08-05 14:41:14.893  2393 25385 I RegisteredAidCache: resolveAidConflictLocked: Sim based service is removed due to unknown sim type
08-05 14:41:14.893  2393 25385 D RegisteredAidCache: resolveAidConflictLocked: DECISION: routing to default wallet com.google.android.gms
08-05 14:41:14.893  2393 25385 D RegisteredAidCache: generateAidCacheLocked: AIDs: [A000000809434343444B417631] were resolved.
08-05 14:41:14.893  2393 25385 D RegisteredAidCache: generateAidCacheLocked: starting with aid A000000809434343444B467631
08-05 14:41:14.893  2393 25385 D RegisteredAidCache: generateAidCacheLocked: Exact AID, resolving.
08-05 14:41:14.893  2393 25385 I RegisteredAidCache: resolveAidConflictLocked: Sim based service is removed due to unknown sim type
08-05 14:41:14.893  2393 25385 D RegisteredAidCache: resolveAidConflictLocked: DECISION: routing to default wallet com.google.android.gms
08-05 14:41:14.893  2393 25385 D RegisteredAidCache: generateAidCacheLocked: AIDs: [A000000809434343444B467631] were resolved.
08-05 14:41:14.893  2393 25385 D RegisteredAidCache: generateAidCacheLocked: starting with aid A000000940BCB000
08-05 14:41:14.893  2393 25385 D RegisteredAidCache: generateAidCacheLocked: Exact AID, resolving.
08-05 14:41:14.893  2393 25385 I RegisteredAidCache: resolveAidConflictLocked: Sim based service is removed due to unknown sim type
08-05 14:41:14.893  2393 25385 D RegisteredAidCache: resolveAidConflictLocked: DECISION: routing to default wallet com.google.android.gms
08-05 14:41:14.893  2393  2682 D libnfc_nci: RoutingManager::nfaEeCallback: NFA_EE_REMOVE_AID_EVT  status=0
08-05 14:41:14.893  2393 25385 D RegisteredAidCache: generateAidCacheLocked: AIDs: [A000000940BCB000] were resolved.
08-05 14:41:14.893  2393 25385 D RegisteredAidCache: generateAidCacheLocked: starting with aid F00000FE2C
08-05 14:41:14.893  2393 25385 D RegisteredAidCache: generateAidCacheLocked: Exact AID, resolving.
08-05 14:41:14.893  2393 25385 I RegisteredAidCache: resolveAidConflictLocked: Sim based service is removed due to unknown sim type
08-05 14:41:14.893  2393 25385 D RegisteredAidCache: resolveAidConflictLocked: DECISION: routing to default wallet com.google.android.gms
08-05 14:41:14.893  2393 25385 D RegisteredAidCache: generateAidCacheLocked: AIDs: [F00000FE2C] were resolved.
08-05 14:41:14.893  2393 25385 D RegisteredAidCache: generateAidCacheLocked: Exact or Prefix AID.F00000FE2C
08-05 14:41:14.893  2393 25385 D RegisteredAidCache: generateAidCacheLocked: AIDs: [F00000FE2C] were resolved.
08-05 14:41:14.893  2393 25385 D RegisteredAidCache: generateAidCacheLocked: Exact or Prefix AID.A000000940BCB000
08-05 14:41:14.893  2393 25385 D RegisteredAidCache: generateAidCacheLocked: AIDs: [A000000940BCB000] were resolved.
08-05 14:41:14.893  2393 25385 D RegisteredAidCache: generateAidCacheLocked: Exact or Prefix AID.A000000809434343444B467631
08-05 14:41:14.893  2393 25385 D RegisteredAidCache: generateAidCacheLocked: AIDs: [A000000809434343444B467631] were resolved.
08-05 14:41:14.893  2393 25385 D RegisteredAidCache: generateAidCacheLocked: Exact or Prefix AID.A000000809434343444B417631
08-05 14:41:14.893  2393 25385 D RegisteredAidCache: generateAidCacheLocked: AIDs: [A000000809434343444B417631] were resolved.
08-05 14:41:14.893  2393  2393 D NfcService: handleMessage: MSG_ROUTE_AID
08-05 14:41:14.893  2393 25385 D RegisteredAidCache: generateAidCacheLocked: Exact or Prefix AID.A000000476D0000111
08-05 14:41:14.893  2393 25385 D RegisteredAidCache: generateAidCacheLocked: AIDs: [A000000476D0000111] were resolved.
08-05 14:41:14.893  2393 25385 D RegisteredAidCache: generateAidCacheLocked: Exact or Prefix AID.A00000047643276C1FDE7A39B9C05716
08-05 14:41:14.893  2393 25385 D RegisteredAidCache: generateAidCacheLocked: AIDs: [A00000047643276C1FDE7A39B9C05716] were resolved.
08-05 14:41:14.893  2393 25385 D RegisteredAidCache: generateAidCacheLocked: Exact or Prefix AID.4F53452E5641532E3031
08-05 14:41:14.893  2393  2393 D libnfc_nci: NFA_EeGetInfo:  xx=0 max_ret=5, num_ret=0 nfcee_id=0x86 ee_status=0x0
08-05 14:41:14.893  2393 25385 D RegisteredAidCache: generateAidCacheLocked: AIDs: [4F53452E5641532E3031] were resolved.
08-05 14:41:14.893  2393 25385 D RegisteredAidCache: generateAidCacheLocked: Exact or Prefix AID.325041592E5359532E4444463031
08-05 14:41:14.893  2393  2393 D libnfc_nci: RoutingManager::addAidRouting:  aidLen =0D, route=86, aidInfo=00, power=3f
08-05 14:41:14.893  2393 25385 D RegisteredAidCache: generateAidCacheLocked: AIDs: [325041592E5359532E4444463031] were resolved.
08-05 14:41:14.893  2393  2682 D libnfc_nci: RoutingManager::nfaEeCallback: NFA_EE_ADD_AID_EVT  status=0
08-05 14:41:14.893  2393 25385 D RegisteredAidCache: generateAidCacheLocked: aid cache entry325041592E5359532E4444463031 val:AidResolveInfo{services=[ApduService: ComponentInfo{com.google.android.gms/com.google.android.gms.tapandpay.hce.service.TpHceService}, UID: 10187, description: Google Pay, Static AID Groups: Category: payment, AIDs:325041592E5359532E4444463031, , Dynamic AID Groups: Category: payment, AIDs:325041592E5359532E4444463031, A00000047643276C1FDE7A39B9C05716, A000000940BCB000, ], defaultService=ApduService: ComponentInfo{com.google.android.gms/com.google.android.gms.tapandpay.hce.service.TpHceService}, UID: 10187, description: Google Pay, Static AID Groups: Category: payment, AIDs:325041592E5359532E4444463031, , Dynamic AID Groups: Category: payment, AIDs:325041592E5359532E4444463031, A00000047643276C1FDE7A39B9C05716, A000000940BCB000, , category='payment}
08-05 14:41:14.893  2393 25385 D RegisteredAidCache: generateAidCacheLocked: aid cache entry4F53452E5641532E3031 val:AidResolveInfo{services=[ApduService: ComponentInfo{com.google.android.gms/com.google.android.gms.pay.hce.service.PayHceService}, UID: 10187, description: Google Wallet, Static AID Groups: , Dynamic AID Groups: Category: other, AIDs:4F53452E5641532E3031, A000000476D0000111, ], defaultService=ApduService: ComponentInfo{com.google.android.gms/com.google.android.gms.pay.hce.service.PayHceService}, UID: 10187, description: Google Wallet, Static AID Groups: , Dynamic AID Groups: Category: other, AIDs:4F53452E5641532E3031, A000000476D0000111, , category='other}
08-05 14:41:14.893  2393 25385 D RegisteredAidCache: generateAidCacheLocked: aid cache entryA00000047643276C1FDE7A39B9C05716 val:AidResolveInfo{services=[ApduService: ComponentInfo{com.google.android.gms/com.google.android.gms.tapandpay.hce.service.TpHceService}, UID: 10187, description: Google Pay, Static AID Groups: Category: payment, AIDs:325041592E5359532E4444463031, , Dynamic AID Groups: Category: payment, AIDs:325041592E5359532E4444463031, A00000047643276C1FDE7A39B9C05716, A000000940BCB000, ], defaultService=ApduService: ComponentInfo{com.google.android.gms/com.google.android.gms.tapandpay.hce.service.TpHceService}, UID: 10187, description: Google Pay, Static AID Groups: Category: payment, AIDs:325041592E5359532E4444463031, , Dynamic AID Groups: Category: payment, AIDs:325041592E5359532E4444463031, A00000047643276C1FDE7A39B9C05716, A000000940BCB000, , category='payment}
08-05 14:41:14.893  2393  2393 D NfcService: handleMessage: MSG_ROUTE_AID
08-05 14:41:14.893  2393  2393 D libnfc_nci: RoutingManager::addAidRouting:  default AID on route=00, aidInfo=10, power=39
08-05 14:41:14.893  2393 25385 D RegisteredAidCache: generateAidCacheLocked: aid cache entryA000000476D0000111 val:AidResolveInfo{services=[ApduService: ComponentInfo{com.google.android.gms/com.google.android.gms.pay.hce.service.PayHceService}, UID: 10187, description: Google Wallet, Static AID Groups: , Dynamic AID Groups: Category: other, AIDs:4F53452E5641532E3031, A000000476D0000111, ], defaultService=ApduService: ComponentInfo{com.google.android.gms/com.google.android.gms.pay.hce.service.PayHceService}, UID: 10187, description: Google Wallet, Static AID Groups: , Dynamic AID Groups: Category: other, AIDs:4F53452E5641532E3031, A000000476D0000111, , category='other}
08-05 14:41:14.893  2393 25385 D RegisteredAidCache: generateAidCacheLocked: aid cache entryA000000809434343444B417631 val:AidResolveInfo{services=[ApduService: ComponentInfo{com.google.android.gms/com.google.android.gms.dck.service.DckOffHostApduService}, UID: 10187, description: Android Digital Car Key, Static AID Groups: , Dynamic AID Groups: Category: other, AIDs:A000000809434343444B417631, ], defaultService=ApduService: ComponentInfo{com.google.android.gms/com.google.android.gms.dck.service.DckOffHostApduService}, UID: 10187, description: Android Digital Car Key, Static AID Groups: , Dynamic AID Groups: Category: other, AIDs:A000000809434343444B417631, , category='other}
08-05 14:41:14.893  2393 25385 D RegisteredAidCache: generateAidCacheLocked: aid cache entryA000000809434343444B467631 val:AidResolveInfo{services=[ApduService: ComponentInfo{com.google.android.gms/com.google.android.gms.dck.service.DckNfcApduService}, UID: 10187, description: Android Digital Car Key, Static AID Groups: Category: other, AIDs:A000000809434343444B467631, , Dynamic AID Groups: ], defaultService=ApduService: ComponentInfo{com.google.android.gms/com.google.android.gms.dck.service.DckNfcApduService}, UID: 10187, description: Android Digital Car Key, Static AID Groups: Category: other, AIDs:A000000809434343444B467631, , Dynamic AID Groups: , category='other}
08-05 14:41:14.893  2393 25385 D RegisteredAidCache: generateAidCacheLocked: aid cache entryA000000940BCB000 val:AidResolveInfo{services=[ApduService: ComponentInfo{com.google.android.gms/com.google.android.gms.tapandpay.hce.service.TpHceService}, UID: 10187, description: Google Pay, Static AID Groups: Category: payment, AIDs:325041592E5359532E4444463031, , Dynamic AID Groups: Category: payment, AIDs:325041592E5359532E4444463031, A00000047643276C1FDE7A39B9C05716, A000000940BCB000, ], defaultService=ApduService: ComponentInfo{com.google.android.gms/com.google.android.gms.tapandpay.hce.service.TpHceService}, UID: 10187, description: Google Pay, Static AID Groups: Category: payment, AIDs:325041592E5359532E4444463031, , Dynamic AID Groups: Category: payment, AIDs:325041592E5359532E4444463031, A00000047643276C1FDE7A39B9C05716, A000000940BCB000, , category='payment}
08-05 14:41:14.893  2393  2682 D libnfc_nci: RoutingManager::nfaEeCallback: NFA_EE_ADD_AID_EVT  status=0
08-05 14:41:14.893  2393 25385 D RegisteredAidCache: generateAidCacheLocked: aid cache entryF00000FE2C val:AidResolveInfo{services=[ApduService: ComponentInfo{com.google.android.gms/com.google.android.gms.nearby.mediums.nearfieldcommunication.NfcAdvertisingService}, UID: 10187, description: Nearby, Static AID Groups: Category: other, AIDs:F00000FE2C, , Dynamic AID Groups: ], defaultService=ApduService: ComponentInfo{com.google.android.gms/com.google.android.gms.nearby.mediums.nearfieldcommunication.NfcAdvertisingService}, UID: 10187, description: Nearby, Static AID Groups: Category: other, AIDs:F00000FE2C, , Dynamic AID Groups: , category='other}
08-05 14:41:14.893  2393 25385 E RoutingOptionManager: getAlternativeRouteIfSimIsInvalid: sim is invalid
08-05 14:41:14.893  2393 25385 D AidRoutingManager: configureRouting: Routing table unchanged, not updating
08-05 14:41:14.893  2393  2393 D NfcService: handleMessage: MSG_COMMIT_ROUTING
08-05 14:41:14.893  2393  2393 D libnfc_nci: startRfDiscovery: is start=0
08-05 14:41:14.893  2393  2393 D libnfc_nci: nativeNfcTag_acquireRfInterfaceMutexLock: try to acquire lock
08-05 14:41:14.893  2393  2393 D libnfc_nci: nativeNfcTag_acquireRfInterfaceMutexLock: sRfInterfaceMutex lock
08-05 14:41:14.894  2393 25385 E ApduServiceInfo: Not adding <aid-group> with empty or invalid AIDs
08-05 14:41:14.894  2393  2682 D libnfc_nci: nfaConnectionCallback: NFA_RF_DISCOVERY_STOPPED_EVT: status = 0
08-05 14:41:14.894  2393  2393 D libnfc_nci: nativeNfcTag_releaseRfInterfaceMutexLock: sRfInterfaceMutex unlock
08-05 14:41:14.894  2393  2393 D libnfc_nci: RoutingManager::commitRouting: RT update needed
08-05 14:41:14.894  2393  2682 I libnfc_nci: nfa_dm_get_nfc_secure:  status=0
08-05 14:41:14.895  2393  2682 I libnfc_nci: nfa_dm_get_nfc_secure:  status=0
08-05 14:41:14.895  2393  2682 I libnfc_nci: nfa_dm_get_nfc_secure:  status=0
08-05 14:41:14.895  2393 25385 E ApduServiceInfo: Not adding <aid-group> with empty or invalid AIDs
08-05 14:41:14.895 31999  1086 I Dck     : (REDACTED) [DckNfcManager] Polling loop auto transact filter registration was successful. Filter: %s
08-05 14:41:14.895  2393 25385 D RegisteredAidCache: onServicesUpdated
08-05 14:41:14.896  2393 25385 D RegisteredAidCache: generateAidCacheLocked: starting with aid 325041592E5359532E4444463031
08-05 14:41:14.896  2393 25385 D RegisteredAidCache: generateAidCacheLocked: Exact AID, resolving.
08-05 14:41:14.896  2393 25385 I RegisteredAidCache: resolveAidConflictLocked: Sim based service is removed due to unknown sim type
08-05 14:41:14.896  2393 25385 D RegisteredAidCache: resolveAidConflictLocked: DECISION: routing to default wallet com.google.android.gms
08-05 14:41:14.896  2393 25385 D RegisteredAidCache: generateAidCacheLocked: AIDs: [325041592E5359532E4444463031] were resolved.
08-05 14:41:14.896  2393 25385 D RegisteredAidCache: generateAidCacheLocked: starting with aid 4F53452E5641532E3031
08-05 14:41:14.896  2393 25385 D RegisteredAidCache: generateAidCacheLocked: Exact AID, resolving.
08-05 14:41:14.896  2393 25385 I RegisteredAidCache: resolveAidConflictLocked: Sim based service is removed due to unknown sim type
08-05 14:41:14.896  2393 25385 D RegisteredAidCache: resolveAidConflictLocked: DECISION: routing to default wallet com.google.android.gms
08-05 14:41:14.896  2393 25385 D RegisteredAidCache: generateAidCacheLocked: AIDs: [4F53452E5641532E3031] were resolved.
08-05 14:41:14.896  2393 25385 D RegisteredAidCache: generateAidCacheLocked: starting with aid A00000047643276C1FDE7A39B9C05716
08-05 14:41:14.896  2393 25385 D RegisteredAidCache: generateAidCacheLocked: Exact AID, resolving.
08-05 14:41:14.896  2393 25385 I RegisteredAidCache: resolveAidConflictLocked: Sim based service is removed due to unknown sim type
08-05 14:41:14.896  2393 25385 D RegisteredAidCache: resolveAidConflictLocked: DECISION: routing to default wallet com.google.android.gms
08-05 14:41:14.896  2393 25385 D RegisteredAidCache: generateAidCacheLocked: AIDs: [A00000047643276C1FDE7A39B9C05716] were resolved.
08-05 14:41:14.896  2393 25385 D RegisteredAidCache: generateAidCacheLocked: starting with aid A000000476D0000111
08-05 14:41:14.896  2393 25385 D RegisteredAidCache: generateAidCacheLocked: Exact AID, resolving.
08-05 14:41:14.896  2393 25385 I RegisteredAidCache: resolveAidConflictLocked: Sim based service is removed due to unknown sim type
08-05 14:41:14.896  2393 25385 D RegisteredAidCache: resolveAidConflictLocked: DECISION: routing to default wallet com.google.android.gms
08-05 14:41:14.896  2393 25385 D RegisteredAidCache: generateAidCacheLocked: AIDs: [A000000476D0000111] were resolved.
08-05 14:41:14.896  2393 25385 D RegisteredAidCache: generateAidCacheLocked: starting with aid A000000809434343444B417631
08-05 14:41:14.896  2393 25385 D RegisteredAidCache: generateAidCacheLocked: Exact AID, resolving.
08-05 14:41:14.896  2393 25385 I RegisteredAidCache: resolveAidConflictLocked: Sim based service is removed due to unknown sim type
08-05 14:41:14.896  2393 25385 D RegisteredAidCache: resolveAidConflictLocked: DECISION: routing to default wallet com.google.android.gms
08-05 14:41:14.896  2393 25385 D RegisteredAidCache: generateAidCacheLocked: AIDs: [A000000809434343444B417631] were resolved.
08-05 14:41:14.896  2393 25385 D RegisteredAidCache: generateAidCacheLocked: starting with aid A000000809434343444B467631
08-05 14:41:14.896  2393 25385 D RegisteredAidCache: generateAidCacheLocked: Exact AID, resolving.
08-05 14:41:14.896  2393 25385 I RegisteredAidCache: resolveAidConflictLocked: Sim based service is removed due to unknown sim type
08-05 14:41:14.896  2393 25385 D RegisteredAidCache: resolveAidConflictLocked: DECISION: routing to default wallet com.google.android.gms
08-05 14:41:14.896  2393 25385 D RegisteredAidCache: generateAidCacheLocked: AIDs: [A000000809434343444B467631] were resolved.
08-05 14:41:14.896  2393 25385 D RegisteredAidCache: generateAidCacheLocked: starting with aid A000000940BCB000
08-05 14:41:14.896  2393 25385 D RegisteredAidCache: generateAidCacheLocked: Exact AID, resolving.
08-05 14:41:14.896  2393 25385 I RegisteredAidCache: resolveAidConflictLocked: Sim based service is removed due to unknown sim type
08-05 14:41:14.896  2393 25385 D RegisteredAidCache: resolveAidConflictLocked: DECISION: routing to default wallet com.google.android.gms
08-05 14:41:14.896  2393 25385 D RegisteredAidCache: generateAidCacheLocked: AIDs: [A000000940BCB000] were resolved.
08-05 14:41:14.896  2393 25385 D RegisteredAidCache: generateAidCacheLocked: starting with aid F00000FE2C
08-05 14:41:14.896  2393 25385 D RegisteredAidCache: generateAidCacheLocked: Exact AID, resolving.
08-05 14:41:14.896  2393 25385 I RegisteredAidCache: resolveAidConflictLocked: Sim based service is removed due to unknown sim type
08-05 14:41:14.896  2393 25385 D RegisteredAidCache: resolveAidConflictLocked: DECISION: routing to default wallet com.google.android.gms
08-05 14:41:14.896  2393 25385 D RegisteredAidCache: generateAidCacheLocked: AIDs: [F00000FE2C] were resolved.
08-05 14:41:14.896  2393 25385 D RegisteredAidCache: generateAidCacheLocked: Exact or Prefix AID.F00000FE2C
08-05 14:41:14.896  2393 25385 D RegisteredAidCache: generateAidCacheLocked: AIDs: [F00000FE2C] were resolved.
08-05 14:41:14.896  2393 25385 D RegisteredAidCache: generateAidCacheLocked: Exact or Prefix AID.A000000940BCB000
08-05 14:41:14.896  2393 25385 D RegisteredAidCache: generateAidCacheLocked: AIDs: [A000000940BCB000] were resolved.
08-05 14:41:14.896  2393 25385 D RegisteredAidCache: generateAidCacheLocked: Exact or Prefix AID.A000000809434343444B467631
08-05 14:41:14.896  2393 25385 D RegisteredAidCache: generateAidCacheLocked: AIDs: [A000000809434343444B467631] were resolved.
08-05 14:41:14.896  2393 25385 D RegisteredAidCache: generateAidCacheLocked: Exact or Prefix AID.A000000809434343444B417631
08-05 14:41:14.896  2393 25385 D RegisteredAidCache: generateAidCacheLocked: AIDs: [A000000809434343444B417631] were resolved.
08-05 14:41:14.896  2393 25385 D RegisteredAidCache: generateAidCacheLocked: Exact or Prefix AID.A000000476D0000111
08-05 14:41:14.896  2393 25385 D RegisteredAidCache: generateAidCacheLocked: AIDs: [A000000476D0000111] were resolved.
08-05 14:41:14.896  2393 25385 D RegisteredAidCache: generateAidCacheLocked: Exact or Prefix AID.A00000047643276C1FDE7A39B9C05716
08-05 14:41:14.896  2393 25385 D RegisteredAidCache: generateAidCacheLocked: AIDs: [A00000047643276C1FDE7A39B9C05716] were resolved.
08-05 14:41:14.896  2393 25385 D RegisteredAidCache: generateAidCacheLocked: Exact or Prefix AID.4F53452E5641532E3031
08-05 14:41:14.896  2393 25385 D RegisteredAidCache: generateAidCacheLocked: AIDs: [4F53452E5641532E3031] were resolved.
08-05 14:41:14.896  2393 25385 D RegisteredAidCache: generateAidCacheLocked: Exact or Prefix AID.325041592E5359532E4444463031
08-05 14:41:14.896  2393 25385 D RegisteredAidCache: generateAidCacheLocked: AIDs: [325041592E5359532E4444463031] were resolved.
08-05 14:41:14.896  2393 25385 D RegisteredAidCache: generateAidCacheLocked: aid cache entry325041592E5359532E4444463031 val:AidResolveInfo{services=[ApduService: ComponentInfo{com.google.android.gms/com.google.android.gms.tapandpay.hce.service.TpHceService}, UID: 10187, description: Google Pay, Static AID Groups: Category: payment, AIDs:325041592E5359532E4444463031, , Dynamic AID Groups: Category: payment, AIDs:325041592E5359532E4444463031, A00000047643276C1FDE7A39B9C05716, A000000940BCB000, ], defaultService=ApduService: ComponentInfo{com.google.android.gms/com.google.android.gms.tapandpay.hce.service.TpHceService}, UID: 10187, description: Google Pay, Static AID Groups: Category: payment, AIDs:325041592E5359532E4444463031, , Dynamic AID Groups: Category: payment, AIDs:325041592E5359532E4444463031, A00000047643276C1FDE7A39B9C05716, A000000940BCB000, , category='payment}
08-05 14:41:14.896  2393 25385 D RegisteredAidCache: generateAidCacheLocked: aid cache entry4F53452E5641532E3031 val:AidResolveInfo{services=[ApduService: ComponentInfo{com.google.android.gms/com.google.android.gms.pay.hce.service.PayHceService}, UID: 10187, description: Google Wallet, Static AID Groups: , Dynamic AID Groups: Category: other, AIDs:4F53452E5641532E3031, A000000476D0000111, ], defaultService=ApduService: ComponentInfo{com.google.android.gms/com.google.android.gms.pay.hce.service.PayHceService}, UID: 10187, description: Google Wallet, Static AID Groups: , Dynamic AID Groups: Category: other, AIDs:4F53452E5641532E3031, A000000476D0000111, , category='other}
08-05 14:41:14.896  2393 25385 D RegisteredAidCache: generateAidCacheLocked: aid cache entryA00000047643276C1FDE7A39B9C05716 val:AidResolveInfo{services=[ApduService: ComponentInfo{com.google.android.gms/com.google.android.gms.tapandpay.hce.service.TpHceService}, UID: 10187, description: Google Pay, Static AID Groups: Category: payment, AIDs:325041592E5359532E4444463031, , Dynamic AID Groups: Category: payment, AIDs:325041592E5359532E4444463031, A00000047643276C1FDE7A39B9C05716, A000000940BCB000, ], defaultService=ApduService: ComponentInfo{com.google.android.gms/com.google.android.gms.tapandpay.hce.service.TpHceService}, UID: 10187, description: Google Pay, Static AID Groups: Category: payment, AIDs:325041592E5359532E4444463031, , Dynamic AID Groups: Category: payment, AIDs:325041592E5359532E4444463031, A00000047643276C1FDE7A39B9C05716, A000000940BCB000, , category='payment}
08-05 14:41:14.896  2393 25385 D RegisteredAidCache: generateAidCacheLocked: aid cache entryA000000476D0000111 val:AidResolveInfo{services=[ApduService: ComponentInfo{com.google.android.gms/com.google.android.gms.pay.hce.service.PayHceService}, UID: 10187, description: Google Wallet, Static AID Groups: , Dynamic AID Groups: Category: other, AIDs:4F53452E5641532E3031, A000000476D0000111, ], defaultService=ApduService: ComponentInfo{com.google.android.gms/com.google.android.gms.pay.hce.service.PayHceService}, UID: 10187, description: Google Wallet, Static AID Groups: , Dynamic AID Groups: Category: other, AIDs:4F53452E5641532E3031, A000000476D0000111, , category='other}
08-05 14:41:14.896  2393 25385 D RegisteredAidCache: generateAidCacheLocked: aid cache entryA000000809434343444B417631 val:AidResolveInfo{services=[ApduService: ComponentInfo{com.google.android.gms/com.google.android.gms.dck.service.DckOffHostApduService}, UID: 10187, description: Android Digital Car Key, Static AID Groups: , Dynamic AID Groups: Category: other, AIDs:A000000809434343444B417631, ], defaultService=ApduService: ComponentInfo{com.google.android.gms/com.google.android.gms.dck.service.DckOffHostApduService}, UID: 10187, description: Android Digital Car Key, Static AID Groups: , Dynamic AID Groups: Category: other, AIDs:A000000809434343444B417631, , category='other}
08-05 14:41:14.896  2393 25385 D RegisteredAidCache: generateAidCacheLocked: aid cache entryA000000809434343444B467631 val:AidResolveInfo{services=[ApduService: ComponentInfo{com.google.android.gms/com.google.android.gms.dck.service.DckNfcApduService}, UID: 10187, description: Android Digital Car Key, Static AID Groups: Category: other, AIDs:A000000809434343444B467631, , Dynamic AID Groups: ], defaultService=ApduService: ComponentInfo{com.google.android.gms/com.google.android.gms.dck.service.DckNfcApduService}, UID: 10187, description: Android Digital Car Key, Static AID Groups: Category: other, AIDs:A000000809434343444B467631, , Dynamic AID Groups: , category='other}
08-05 14:41:14.896  2393 25385 D RegisteredAidCache: generateAidCacheLocked: aid cache entryA000000940BCB000 val:AidResolveInfo{services=[ApduService: ComponentInfo{com.google.android.gms/com.google.android.gms.tapandpay.hce.service.TpHceService}, UID: 10187, description: Google Pay, Static AID Groups: Category: payment, AIDs:325041592E5359532E4444463031, , Dynamic AID Groups: Category: payment, AIDs:325041592E5359532E4444463031, A00000047643276C1FDE7A39B9C05716, A000000940BCB000, ], defaultService=ApduService: ComponentInfo{com.google.android.gms/com.google.android.gms.tapandpay.hce.service.TpHceService}, UID: 10187, description: Google Pay, Static AID Groups: Category: payment, AIDs:325041592E5359532E4444463031, , Dynamic AID Groups: Category: payment, AIDs:325041592E5359532E4444463031, A00000047643276C1FDE7A39B9C05716, A000000940BCB000, , category='payment}
08-05 14:41:14.896  2393 25385 D RegisteredAidCache: generateAidCacheLocked: aid cache entryF00000FE2C val:AidResolveInfo{services=[ApduService: ComponentInfo{com.google.android.gms/com.google.android.gms.nearby.mediums.nearfieldcommunication.NfcAdvertisingService}, UID: 10187, description: Nearby, Static AID Groups: Category: other, AIDs:F00000FE2C, , Dynamic AID Groups: ], defaultService=ApduService: ComponentInfo{com.google.android.gms/com.google.android.gms.nearby.mediums.nearfieldcommunication.NfcAdvertisingService}, UID: 10187, description: Nearby, Static AID Groups: Category: other, AIDs:F00000FE2C, , Dynamic AID Groups: , category='other}
08-05 14:41:14.896  2393 25385 E RoutingOptionManager: getAlternativeRouteIfSimIsInvalid: sim is invalid
08-05 14:41:14.896  2393 25385 D AidRoutingManager: configureRouting: Routing table unchanged, not updating
08-05 14:41:14.897  2393 25385 E ApduServiceInfo: Not adding <aid-group> with empty or invalid AIDs
08-05 14:41:14.898  2393 25385 E ApduServiceInfo: Not adding <aid-group> with empty or invalid AIDs
08-05 14:41:14.898 31999  1086 I Dck     : (REDACTED) [DckNfcManager] Polling loop auto transact filter registration was successful. Filter: %s
08-05 14:41:14.898  2393 25385 D RegisteredAidCache: onServicesUpdated
08-05 14:41:14.898  2393 25385 D RegisteredAidCache: generateAidCacheLocked: starting with aid 325041592E5359532E4444463031
08-05 14:41:14.899  2393 25385 D RegisteredAidCache: generateAidCacheLocked: Exact AID, resolving.
08-05 14:41:14.899  2393 25385 I RegisteredAidCache: resolveAidConflictLocked: Sim based service is removed due to unknown sim type
08-05 14:41:14.899  2393 25385 D RegisteredAidCache: resolveAidConflictLocked: DECISION: routing to default wallet com.google.android.gms
08-05 14:41:14.899  2393 25385 D RegisteredAidCache: generateAidCacheLocked: AIDs: [325041592E5359532E4444463031] were resolved.
08-05 14:41:14.899  2393 25385 D RegisteredAidCache: generateAidCacheLocked: starting with aid 4F53452E5641532E3031
08-05 14:41:14.899  2393 25385 D RegisteredAidCache: generateAidCacheLocked: Exact AID, resolving.
08-05 14:41:14.899  2393 25385 I RegisteredAidCache: resolveAidConflictLocked: Sim based service is removed due to unknown sim type
08-05 14:41:14.899  2393 25385 D RegisteredAidCache: resolveAidConflictLocked: DECISION: routing to default wallet com.google.android.gms
08-05 14:41:14.899  2393 25385 D RegisteredAidCache: generateAidCacheLocked: AIDs: [4F53452E5641532E3031] were resolved.
08-05 14:41:14.899  2393 25385 D RegisteredAidCache: generateAidCacheLocked: starting with aid A00000047643276C1FDE7A39B9C05716
08-05 14:41:14.899  2393 25385 D RegisteredAidCache: generateAidCacheLocked: Exact AID, resolving.
08-05 14:41:14.899  2393 25385 I RegisteredAidCache: resolveAidConflictLocked: Sim based service is removed due to unknown sim type
08-05 14:41:14.899  2393 25385 D RegisteredAidCache: resolveAidConflictLocked: DECISION: routing to default wallet com.google.android.gms
08-05 14:41:14.899  2393 25385 D RegisteredAidCache: generateAidCacheLocked: AIDs: [A00000047643276C1FDE7A39B9C05716] were resolved.
08-05 14:41:14.899  2393 25385 D RegisteredAidCache: generateAidCacheLocked: starting with aid A000000476D0000111
08-05 14:41:14.899  2393 25385 D RegisteredAidCache: generateAidCacheLocked: Exact AID, resolving.
08-05 14:41:14.899  2393 25385 I RegisteredAidCache: resolveAidConflictLocked: Sim based service is removed due to unknown sim type
08-05 14:41:14.899  2393 25385 D RegisteredAidCache: resolveAidConflictLocked: DECISION: routing to default wallet com.google.android.gms
08-05 14:41:14.899  2393 25385 D RegisteredAidCache: generateAidCacheLocked: AIDs: [A000000476D0000111] were resolved.
08-05 14:41:14.899  2393 25385 D RegisteredAidCache: generateAidCacheLocked: starting with aid A000000809434343444B417631
08-05 14:41:14.899  2393 25385 D RegisteredAidCache: generateAidCacheLocked: Exact AID, resolving.
08-05 14:41:14.899  2393 25385 I RegisteredAidCache: resolveAidConflictLocked: Sim based service is removed due to unknown sim type
08-05 14:41:14.899  2393 25385 D RegisteredAidCache: resolveAidConflictLocked: DECISION: routing to default wallet com.google.android.gms
08-05 14:41:14.899  2393 25385 D RegisteredAidCache: generateAidCacheLocked: AIDs: [A000000809434343444B417631] were resolved.
08-05 14:41:14.899  2393 25385 D RegisteredAidCache: generateAidCacheLocked: starting with aid A000000809434343444B467631
08-05 14:41:14.899  2393 25385 D RegisteredAidCache: generateAidCacheLocked: Exact AID, resolving.
08-05 14:41:14.899  2393 25385 I RegisteredAidCache: resolveAidConflictLocked: Sim based service is removed due to unknown sim type
08-05 14:41:14.899  2393 25385 D RegisteredAidCache: resolveAidConflictLocked: DECISION: routing to default wallet com.google.android.gms
08-05 14:41:14.899  2393 25385 D RegisteredAidCache: generateAidCacheLocked: AIDs: [A000000809434343444B467631] were resolved.
08-05 14:41:14.899  2393 25385 D RegisteredAidCache: generateAidCacheLocked: starting with aid A000000940BCB000
08-05 14:41:14.899  2393 25385 D RegisteredAidCache: generateAidCacheLocked: Exact AID, resolving.
08-05 14:41:14.899  2393 25385 I RegisteredAidCache: resolveAidConflictLocked: Sim based service is removed due to unknown sim type
08-05 14:41:14.899  2393 25385 D RegisteredAidCache: resolveAidConflictLocked: DECISION: routing to default wallet com.google.android.gms
08-05 14:41:14.899  2393 25385 D RegisteredAidCache: generateAidCacheLocked: AIDs: [A000000940BCB000] were resolved.
08-05 14:41:14.899  2393 25385 D RegisteredAidCache: generateAidCacheLocked: starting with aid F00000FE2C
08-05 14:41:14.899  2393 25385 D RegisteredAidCache: generateAidCacheLocked: Exact AID, resolving.
08-05 14:41:14.899  2393 25385 I RegisteredAidCache: resolveAidConflictLocked: Sim based service is removed due to unknown sim type
08-05 14:41:14.899  2393 25385 D RegisteredAidCache: resolveAidConflictLocked: DECISION: routing to default wallet com.google.android.gms
08-05 14:41:14.899  2393 25385 D RegisteredAidCache: generateAidCacheLocked: AIDs: [F00000FE2C] were resolved.
08-05 14:41:14.899  2393 25385 D RegisteredAidCache: generateAidCacheLocked: Exact or Prefix AID.F00000FE2C
08-05 14:41:14.899  2393 25385 D RegisteredAidCache: generateAidCacheLocked: AIDs: [F00000FE2C] were resolved.
08-05 14:41:14.899  2393 25385 D RegisteredAidCache: generateAidCacheLocked: Exact or Prefix AID.A000000940BCB000
08-05 14:41:14.899  2393 25385 D RegisteredAidCache: generateAidCacheLocked: AIDs: [A000000940BCB000] were resolved.
08-05 14:41:14.899  2393 25385 D RegisteredAidCache: generateAidCacheLocked: Exact or Prefix AID.A000000809434343444B467631
08-05 14:41:14.899  2393 25385 D RegisteredAidCache: generateAidCacheLocked: AIDs: [A000000809434343444B467631] were resolved.
08-05 14:41:14.899  2393 25385 D RegisteredAidCache: generateAidCacheLocked: Exact or Prefix AID.A000000809434343444B417631
08-05 14:41:14.899  2393 25385 D RegisteredAidCache: generateAidCacheLocked: AIDs: [A000000809434343444B417631] were resolved.
08-05 14:41:14.899  2393 25385 D RegisteredAidCache: generateAidCacheLocked: Exact or Prefix AID.A000000476D0000111
08-05 14:41:14.899  2393 25385 D RegisteredAidCache: generateAidCacheLocked: AIDs: [A000000476D0000111] were resolved.
08-05 14:41:14.899  2393 25385 D RegisteredAidCache: generateAidCacheLocked: Exact or Prefix AID.A00000047643276C1FDE7A39B9C05716
08-05 14:41:14.899  2393 25385 D RegisteredAidCache: generateAidCacheLocked: AIDs: [A00000047643276C1FDE7A39B9C05716] were resolved.
08-05 14:41:14.899  2393 25385 D RegisteredAidCache: generateAidCacheLocked: Exact or Prefix AID.4F53452E5641532E3031
08-05 14:41:14.899  2393 25385 D RegisteredAidCache: generateAidCacheLocked: AIDs: [4F53452E5641532E3031] were resolved.
08-05 14:41:14.899  2393 25385 D RegisteredAidCache: generateAidCacheLocked: Exact or Prefix AID.325041592E5359532E4444463031
08-05 14:41:14.899  2393 25385 D RegisteredAidCache: generateAidCacheLocked: AIDs: [325041592E5359532E4444463031] were resolved.
