08-05 14:41:15.499 31999  1086 I Dck     : (REDACTED) Received response: %s
08-05 14:41:15.503   873   873 D THALES_HAL: SecureElement:closeChannel start
08-05 14:41:15.510   873   873 D THALES_HAL: SecureElement:closeChannel All Channels are closed
08-05 14:41:15.510   873   873 D THALES_HAL: SecureElement:deinitializeSE start
08-05 14:41:15.512   873   873 D THALES_HAL: SecureElement:deinitializeSE end
08-05 14:41:15.512   873   873 D THALES_HAL: SecureElement:closeChannel end
08-05 14:41:15.512  2287  2661 V bluetooth: system/gd/hci/le_scanning_reassembler.cc:62 ProcessAdvertisingReport: Dropping repeated legacy advertising data
08-05 14:41:15.512  2287  2661 V bluetooth: system/gd/hci/le_scanning_reassembler.cc:96 ProcessAdvertisingReport: Full advertising report has been reassembled
08-05 14:41:15.512  2287  2652 V bt_btm_ble: system/stack/btm/btm_ble_gap.cc:1955 btm_ble_process_adv_addr: bda=xx:xx:xx:xx:e9:e3
08-05 14:41:15.512  2287  2652 V bt_btm_ble: system/stack/btm/btm_ble_gap.cc:1946 btm_ble_update_inq_result: NOT_BR/EDR support bit set, treat device as LE only
08-05 14:41:15.512  2287  2703 V ScanController: onScanResult() - eventType=0x10, addressType=1, address=XX:XX:XX:XX:E9:E3, primaryPhy=1, secondaryPhy=0, advertisingSid=0xff, txPower=127, rssi=-79, periodicAdvInt=0x0, originalAddress=00:00:00:00:00:00
08-05 14:41:15.512 31999  1086 I Dck     : (REDACTED) Channel closed for client %s
08-05 14:41:15.513  2287  2703 V ScanController: Skipping client: permission=true matches=false
08-05 14:41:15.513 31999  1086 I Dck     : (REDACTED) Found %d keys at SE:
08-05 14:41:15.513  2287  2703 V ScanController: Skipping client: permission=true matches=false
08-05 14:41:15.513  2287  2703 V ScanController: Skipping client: permission=true matches=false
08-05 14:41:15.513 31999  1086 I Dck     : (REDACTED) [StorageManager] setHasCarKeyDownloadCondition(): %s
08-05 14:41:15.513 31999  1086 I Dck     : (REDACTED) [StorageManager] Updating has car key condition: %s
08-05 14:41:15.513  2287  2703 V ScanController: Skipping client: permission=true matches=false
08-05 14:41:15.519  2133  2133 W Choreographer: Frame time is 0.055547 ms in the future!  Check that graphics HAL is generating vsync timestamps using the correct timebase.
08-05 14:41:15.526 31999  1086 I Dck     : Checking user auth monitor service is required. [CONTEXT service_id=289 ]
08-05 14:41:15.535 31999  1086 I Dck     : (REDACTED) Sending broadcast intent: %s
08-05 14:41:15.536 31999  1086 I Dck     : Attempting to read the DK Applet version... [CONTEXT service_id=289 ]
08-05 14:41:15.538 31999  1086 I Dck     : (REDACTED) featureToSeCallFlowType from feature:%s
08-05 14:41:15.538 31999  1086 I Dck     : (REDACTED) Open channel requested by %s
08-05 14:41:15.538 31999  5550 I Dck     : (REDACTED) disableDckSupport: %s
08-05 14:41:15.538 31999  5550 I Dck     : [WirelessCapabilitiesFeatures] wccSysProp: 3 [CONTEXT service_id=289 ]
08-05 14:41:15.538 31999  5550 I Dck     : [WirelessCapabilitiesFeatures] wccMendel: 3 [CONTEXT service_id=289 ]
08-05 14:41:15.539 31999  5550 I Dck     : [WirelessCapabilitiesFeatures] deviceWccOverride: false [CONTEXT service_id=289 ]
08-05 14:41:15.539 31999  5550 I Dck     : [WirelessCapabilitiesFeatures] replaceSupportedWccWithWccOverride: true [CONTEXT service_id=289 ]
08-05 14:41:15.539 31999  5550 I Dck     : [WirelessCapabilitiesFeatures] wccOverride: not set [CONTEXT service_id=289 ]
08-05 14:41:15.539 31999  5550 I Dck     : (REDACTED) [WirelessCapabilitiesFeatures] wcc: %s
08-05 14:41:15.539 31999  5550 I Dck     : Dck module condition - isDckModuleEligible: true [CONTEXT service_id=289 ]
08-05 14:41:15.539 31999  5550 I Dck     : (REDACTED) [GatedIntentOperation] Intent propagated: %s
08-05 14:41:15.539 31999  5550 I Dck     : Immediately scheduling one off task for sync digital car key data [CONTEXT service_id=289 ]
08-05 14:41:15.540 31999  5550 W Dck     : No keys with missing data were passed in. Not scheduling task... [CONTEXT service_id=289 ]
08-05 14:41:15.540  2374  2407 W SecureElement-Terminal-eSE1: Enable access control on logical channel for com.google.android.gms
08-05 14:41:15.541   873   873 D THALES_HAL: SecureElement:openLogicalChannel start
08-05 14:41:15.541   873   873 D THALES_HAL: SecureElement:initializeSE start
08-05 14:41:15.541   873   873 D THALES_HAL: SecureElement:openConfigFile Open Config file : /vendor/etc/libse-gto-hal.conf
08-05 14:41:15.541   873   873 D THALES_HAL: SecureElement:parseConfigFile Defined node : /dev/st54spi
08-05 14:41:15.541   873   873 D THALES_HAL: INFO:eSE GTO: using /dev/st54spi
08-05 14:41:15.544 31999  1640 W TracingHelper: No RequestContext found in the trace or trace not available. [CONTEXT service_id=259 ratelimit_count=100000 ]
08-05 14:41:15.545 31999  5550 I Dck     : (REDACTED) disableDckSupport: %s
08-05 14:41:15.545 31999  5550 I Dck     : [WirelessCapabilitiesFeatures] wccSysProp: 3 [CONTEXT service_id=289 ]
08-05 14:41:15.546 31999  5550 I Dck     : [WirelessCapabilitiesFeatures] wccMendel: 3 [CONTEXT service_id=289 ]
08-05 14:41:15.546 31999  5550 I Dck     : [WirelessCapabilitiesFeatures] deviceWccOverride: false [CONTEXT service_id=289 ]
08-05 14:41:15.546 31999  5550 I Dck     : [WirelessCapabilitiesFeatures] replaceSupportedWccWithWccOverride: true [CONTEXT service_id=289 ]
08-05 14:41:15.546 31999  5550 I Dck     : [WirelessCapabilitiesFeatures] wccOverride: not set [CONTEXT service_id=289 ]
08-05 14:41:15.546 31999  5550 I Dck     : (REDACTED) [WirelessCapabilitiesFeatures] wcc: %s
08-05 14:41:15.546 31999  5550 I Dck     : Dck module condition - isDckModuleEligible: true [CONTEXT service_id=289 ]
08-05 14:41:15.546 31999  5550 I Dck     : (REDACTED) [GatedIntentOperation] Intent propagated: %s
08-05 14:41:15.546 31999  5550 I Dck     : (REDACTED) Broadcast intent received in account agnostic broadcast handler with action: %s
08-05 14:41:15.547 31999  5550 W Dck     : [DckEvents] No active account found in account PDS [CONTEXT service_id=289 ]
08-05 14:41:15.558   873   873 D THALES_HAL: SecureElement:resetSE se_gto_reset start
08-05 14:41:15.562   873   873 D THALES_HAL: SecureElement:resetSE received ATR of 15 bytes
08-05 14:41:15.562   873   873 D THALES_HAL: SecureElement:initializeSE end
08-05 14:41:15.565 25398  5391 W PhBaseOp: Phenotype API error. Event: # hhgx@972c12ad, EventCode: COMMIT_CONFIG [CONTEXT service_id=51 ]
08-05 14:41:15.565 25398  5391 W PhBaseOp: efni: 29537: Stale snapshot for com.google.android.libraries.surveys#com.google.android.gms(new configuration available)
08-05 14:41:15.565 25398  5391 W PhBaseOp: 	at efph.d(:com.google.android.gms@252932035@25.29.32 (260400-787198374):466)
08-05 14:41:15.565 25398  5391 W PhBaseOp: 	at efph.b(:com.google.android.gms@252932035@25.29.32 (260400-787198374):43)
08-05 14:41:15.565 25398  5391 W PhBaseOp: 	at efpg.i(:com.google.android.gms@252932035@25.29.32 (260400-787198374):3)
08-05 14:41:15.565 25398  5391 W PhBaseOp: 	at efpc.h(:com.google.android.gms@252932035@25.29.32 (260400-787198374):35)
08-05 14:41:15.565 25398  5391 W PhBaseOp: 	at efpc.f(:com.google.android.gms@252932035@25.29.32 (260400-787198374):17)
08-05 14:41:15.565 25398  5391 W PhBaseOp: 	at chsy.fE(:com.google.android.gms@252932035@25.29.32 (260400-787198374):1)
08-05 14:41:15.565 25398  5391 W PhBaseOp: 	at chtc.run(:com.google.android.gms@252932035@25.29.32 (260400-787198374):128)
08-05 14:41:15.565 25398  5391 W PhBaseOp: 	at fzpz.run(:com.google.android.gms@252932035@25.29.32 (260400-787198374):21)
08-05 14:41:15.565 25398  5391 W PhBaseOp: 	at azuw.c(:com.google.android.gms@252932035@25.29.32 (260400-787198374):50)
08-05 14:41:15.565 25398  5391 W PhBaseOp: 	at azuw.run(:com.google.android.gms@252932035@25.29.32 (260400-787198374):70)
08-05 14:41:15.565 25398  5391 W PhBaseOp: 	at java.util.concurrent.ThreadPoolExecutor.runWorker(ThreadPoolExecutor.java:1156)
08-05 14:41:15.565 25398  5391 W PhBaseOp: 	at java.util.concurrent.ThreadPoolExecutor$Worker.run(ThreadPoolExecutor.java:651)
08-05 14:41:15.565 25398  5391 W PhBaseOp: 	at baao.run(:com.google.android.gms@252932035@25.29.32 (260400-787198374):8)
08-05 14:41:15.565 25398  5391 W PhBaseOp: 	at java.lang.Thread.run(Thread.java:1119)
08-05 14:41:15.566 25398  5391 W AsyncOperation: operation=CommitToConfigurationOperationCall, opStatusCode=29537 [CONTEXT service_id=51 ]
08-05 14:41:15.566 25398  5391 W AsyncOperation: OperationException[Status{statusCode=Stale snapshot for com.google.android.libraries.surveys#com.google.android.gms(new configuration available), resolution=null}]
08-05 14:41:15.566 25398  5391 W AsyncOperation: 	at efpc.h(:com.google.android.gms@252932035@25.29.32 (260400-787198374):65)
08-05 14:41:15.566 25398  5391 W AsyncOperation: 	at efpc.f(:com.google.android.gms@252932035@25.29.32 (260400-787198374):17)
08-05 14:41:15.566 25398  5391 W AsyncOperation: 	at chsy.fE(:com.google.android.gms@252932035@25.29.32 (260400-787198374):1)
08-05 14:41:15.566 25398  5391 W AsyncOperation: 	at chtc.run(:com.google.android.gms@252932035@25.29.32 (260400-787198374):128)
08-05 14:41:15.566 25398  5391 W AsyncOperation: 	at fzpz.run(:com.google.android.gms@252932035@25.29.32 (260400-787198374):21)
08-05 14:41:15.566 25398  5391 W AsyncOperation: 	at azuw.c(:com.google.android.gms@252932035@25.29.32 (260400-787198374):50)
08-05 14:41:15.566 25398  5391 W AsyncOperation: 	at azuw.run(:com.google.android.gms@252932035@25.29.32 (260400-787198374):70)
08-05 14:41:15.566 25398  5391 W AsyncOperation: 	at java.util.concurrent.ThreadPoolExecutor.runWorker(ThreadPoolExecutor.java:1156)
08-05 14:41:15.566 25398  5391 W AsyncOperation: 	at java.util.concurrent.ThreadPoolExecutor$Worker.run(ThreadPoolExecutor.java:651)
08-05 14:41:15.566 25398  5391 W AsyncOperation: 	at baao.run(:com.google.android.gms@252932035@25.29.32 (260400-787198374):8)
08-05 14:41:15.566 25398  5391 W AsyncOperation: 	at java.lang.Thread.run(Thread.java:1119)
08-05 14:41:15.588   873   873 D THALES_HAL: SecureElement:openLogicalChannel Manage channel resp_len = 3
08-05 14:41:15.588   873   873 D THALES_HAL: SecureElement:openLogicalChannel Free memory after manage channel
08-05 14:41:15.588   873   873 D THALES_HAL: SecureElement:openLogicalChannel mSecureElementStatus = 0
08-05 14:41:15.588   873   873 D THALES_HAL: SecureElement:openLogicalChannel Sending selectApdu
08-05 14:41:15.599   873   873 D THALES_HAL: SecureElement:openLogicalChannel selectApdu resp_len = 49
08-05 14:41:15.599   873   873 D THALES_HAL: SecureElement:openLogicalChannel mSecureElementStatus = 0
08-05 14:41:15.599   873   873 D THALES_HAL: SecureElement:openLogicalChannel Free memory after selectApdu
08-05 14:41:15.605  5434  5556 I cn_CronetUrlRequestContext: destroyNativeStreamLocked org.chromium.net.impl.CronetBidirectionalStream@826ef13
08-05 14:41:15.609  5434  5525 I BugleNetwork: Pull completed, messagecount: 0, pulledAll: true [CONTEXT PullHandler="TACHYON_REGISTRATION_TYPE_PHONE_NUMBER" ]
08-05 14:41:15.609  5434  5524 I BugleNetwork: End of pullMessagesForPhone
08-05 14:41:15.611  2374  2407 I SecureElement-AraController: Refresh tag unchanged. Using access rules from cache.
08-05 14:41:15.611   873   873 D THALES_HAL: SecureElement:closeChannel start
08-05 14:41:15.613  5434  5481 I SyncManagerImpl: #sync() complete
08-05 14:41:15.615  5434  5481 I SyncManagerImpl: Completed sync. Scheduling next wakeup
08-05 14:41:15.616  5434  5481 I SyncWorkManagerPeriodic: Scheduling next periodic WorkManager workers
08-05 14:41:15.616   873   873 D THALES_HAL: SecureElement:closeChannel All Channels are closed
08-05 14:41:15.616   873   873 D THALES_HAL: SecureElement:deinitializeSE start
08-05 14:41:15.617   873   873 D THALES_HAL: SecureElement:deinitializeSE end
08-05 14:41:15.617   873   873 D THALES_HAL: SecureElement:closeChannel end
08-05 14:41:15.617   873   873 D THALES_HAL: SecureElement:openLogicalChannel start
08-05 14:41:15.617   873   873 D THALES_HAL: SecureElement:initializeSE start
08-05 14:41:15.618   873   873 D THALES_HAL: SecureElement:openConfigFile Open Config file : /vendor/etc/libse-gto-hal.conf
08-05 14:41:15.618   873   873 D THALES_HAL: SecureElement:parseConfigFile Defined node : /dev/st54spi
08-05 14:41:15.618   873   873 D THALES_HAL: INFO:eSE GTO: using /dev/st54spi
08-05 14:41:15.625  5434  5493 I WM-WorkerWrapper: Worker result SUCCESS for Work [ id=06d80fef-9578-48aa-b51c-1c72033133af, tags={ com.google.apps.tiktok.contrib.work.TikTokListenableWorker,com.google.apps.tiktok.sync.impl.workmanager.SyncPeriodicWorker,TikTokWorker#com.google.apps.tiktok.sync.impl.workmanager.SyncPeriodicWorker } ]
08-05 14:41:15.633  5434  5434 D WM-Processor: rtb 06d80fef-9578-48aa-b51c-1c72033133af executed; reschedule = false
08-05 14:41:15.634   873   873 D THALES_HAL: SecureElement:resetSE se_gto_reset start
08-05 14:41:15.637  1407 13332 W JobScheduler.JobStatus: Exempted app com.whoop.android considered buggy
08-05 14:41:15.638  1407 13332 W JobScheduler.JobStatus: Exempted app com.whoop.android considered buggy
08-05 14:41:15.638  1407 13332 W JobScheduler.JobStatus: Exempted app com.whoop.android considered buggy
08-05 14:41:15.638  1407 13332 W JobScheduler.JobStatus: Exempted app com.whoop.android considered buggy
08-05 14:41:15.638  1407 13332 W JobScheduler.JobStatus: Exempted app com.whoop.android considered buggy
08-05 14:41:15.638  1407 13332 W JobScheduler.JobStatus: Exempted app com.whoop.android considered buggy
08-05 14:41:15.638  1407 13332 W JobScheduler.JobStatus: Exempted app com.whoop.android considered buggy
08-05 14:41:15.638  1407 13332 W JobScheduler.JobStatus: Exempted app com.whoop.android considered buggy
08-05 14:41:15.638  1407 13332 W JobScheduler.JobStatus: Exempted app com.whoop.android considered buggy
08-05 14:41:15.639  1407 13332 W JobScheduler.JobStatus: Exempted app com.whoop.android considered buggy
08-05 14:41:15.639  1407 13332 W JobScheduler.JobStatus: Exempted app com.whoop.android considered buggy
08-05 14:41:15.639  1407 13332 W JobScheduler.JobStatus: Exempted app com.whoop.android considered buggy
08-05 14:41:15.639  1407 13332 W JobScheduler.JobStatus: Exempted app com.whoop.android considered buggy
08-05 14:41:15.639  1407 13332 W JobScheduler.JobStatus: Exempted app com.whoop.android considered buggy
08-05 14:41:15.639  1407 13332 W JobScheduler.JobStatus: Exempted app com.whoop.android considered buggy
08-05 14:41:15.640  5434  5492 D WM-GreedyScheduler: Cancelling work ID 96dfbb34-5bff-48cd-9e82-014488d0e515
08-05 14:41:15.639   873   873 D THALES_HAL: SecureElement:resetSE received ATR of 15 bytes
08-05 14:41:15.640   873   873 D THALES_HAL: SecureElement:initializeSE end
08-05 14:41:15.647  5434  5492 D WM-SystemJobScheduler: Scheduling work ID 96dfbb34-5bff-48cd-9e82-014488d0e515Job ID 1961
08-05 14:41:15.649  5434  5492 D WM-SystemJobScheduler: Scheduling work ID 06d80fef-9578-48aa-b51c-1c72033133afJob ID 1962
08-05 14:41:15.651  5434  5492 D WM-GreedyScheduler: Ignoring {WorkSpec: 96515a5d-149c-4492-a067-ca4660beac26}. Requires device idle.
08-05 14:41:15.651  5434  5492 D WM-GreedyScheduler: Ignoring {WorkSpec: ac801815-0ebe-493f-9c87-5acc89f0c06f}. Requires device idle.
08-05 14:41:15.651  5434  5492 D WM-GreedyScheduler: Ignoring {WorkSpec: f0ffa3f5-1093-40e8-95db-627f1b7faff1}. Requires ContentUri triggers.
08-05 14:41:15.651  5434  5492 D WM-GreedyScheduler: Ignoring {WorkSpec: 8b0abd79-b0c1-42e1-8752-08d26dcfeb9e}. Requires ContentUri triggers.
08-05 14:41:15.657  1407 13332 W JobScheduler.JobStatus: Exempted app com.whoop.android considered buggy
08-05 14:41:15.657  1407 13332 W JobScheduler.JobStatus: Exempted app com.whoop.android considered buggy
08-05 14:41:15.657  1407 13332 W JobScheduler.JobStatus: Exempted app com.whoop.android considered buggy
08-05 14:41:15.657  1407 13332 W JobScheduler.JobStatus: Exempted app com.whoop.android considered buggy
08-05 14:41:15.657  1407 13332 W JobScheduler.JobStatus: Exempted app com.whoop.android considered buggy
08-05 14:41:15.657  1407 13332 W JobScheduler.JobStatus: Exempted app com.whoop.android considered buggy
08-05 14:41:15.657  1407 13332 W JobScheduler.JobStatus: Exempted app com.whoop.android considered buggy
08-05 14:41:15.657  1407 13332 W JobScheduler.JobStatus: Exempted app com.whoop.android considered buggy
08-05 14:41:15.657  1407 13332 W JobScheduler.JobStatus: Exempted app com.whoop.android considered buggy
08-05 14:41:15.657  1407 13332 W JobScheduler.JobStatus: Exempted app com.whoop.android considered buggy
08-05 14:41:15.657  1407 13332 W JobScheduler.JobStatus: Exempted app com.whoop.android considered buggy
08-05 14:41:15.658  1407 13332 W JobScheduler.JobStatus: Exempted app com.whoop.android considered buggy
08-05 14:41:15.658  1407 13332 W JobScheduler.JobStatus: Exempted app com.whoop.android considered buggy
08-05 14:41:15.658  1407 13332 W JobScheduler.JobStatus: Exempted app com.whoop.android considered buggy
08-05 14:41:15.658  1407 13332 W JobScheduler.JobStatus: Exempted app com.whoop.android considered buggy
08-05 14:41:15.658  5434  5493 D WM-GreedyScheduler: Cancelling work ID 06d80fef-9578-48aa-b51c-1c72033133af
08-05 14:41:15.663  5434  5493 D WM-SystemJobScheduler: Scheduling work ID 06d80fef-9578-48aa-b51c-1c72033133afJob ID 1963
08-05 14:41:15.665  5434  5493 D WM-GreedyScheduler: Ignoring {WorkSpec: 96515a5d-149c-4492-a067-ca4660beac26}. Requires device idle.
08-05 14:41:15.665  5434  5493 D WM-GreedyScheduler: Ignoring {WorkSpec: ac801815-0ebe-493f-9c87-5acc89f0c06f}. Requires device idle.
08-05 14:41:15.665  5434  5493 D WM-GreedyScheduler: Ignoring {WorkSpec: f0ffa3f5-1093-40e8-95db-627f1b7faff1}. Requires ContentUri triggers.
08-05 14:41:15.665  5434  5493 D WM-GreedyScheduler: Ignoring {WorkSpec: 8b0abd79-b0c1-42e1-8752-08d26dcfeb9e}. Requires ContentUri triggers.
08-05 14:41:15.667   873   873 D THALES_HAL: SecureElement:openLogicalChannel Manage channel resp_len = 3
08-05 14:41:15.667   873   873 D THALES_HAL: SecureElement:openLogicalChannel Free memory after manage channel
08-05 14:41:15.667   873   873 D THALES_HAL: SecureElement:openLogicalChannel mSecureElementStatus = 0
08-05 14:41:15.667   873   873 D THALES_HAL: SecureElement:openLogicalChannel Sending selectApdu
08-05 14:41:15.668  1407 13332 W JobScheduler.JobStatus: Exempted app com.whoop.android considered buggy
08-05 14:41:15.668  1407 13332 W JobScheduler.JobStatus: Exempted app com.whoop.android considered buggy
08-05 14:41:15.668  1407 13332 W JobScheduler.JobStatus: Exempted app com.whoop.android considered buggy
08-05 14:41:15.668  1407 13332 W JobScheduler.JobStatus: Exempted app com.whoop.android considered buggy
08-05 14:41:15.668  1407 13332 W JobScheduler.JobStatus: Exempted app com.whoop.android considered buggy
08-05 14:41:15.668  1407 13332 W JobScheduler.JobStatus: Exempted app com.whoop.android considered buggy
08-05 14:41:15.669  1407 13332 W JobScheduler.JobStatus: Exempted app com.whoop.android considered buggy
08-05 14:41:15.669  1407 13332 W JobScheduler.JobStatus: Exempted app com.whoop.android considered buggy
08-05 14:41:15.669  1407 13332 W JobScheduler.JobStatus: Exempted app com.whoop.android considered buggy
08-05 14:41:15.669  1407 13332 W JobScheduler.JobStatus: Exempted app com.whoop.android considered buggy
08-05 14:41:15.669  1407 13332 W JobScheduler.JobStatus: Exempted app com.whoop.android considered buggy
08-05 14:41:15.669  1407 13332 W JobScheduler.JobStatus: Exempted app com.whoop.android considered buggy
08-05 14:41:15.669  1407 13332 W JobScheduler.JobStatus: Exempted app com.whoop.android considered buggy
08-05 14:41:15.669  1407 13332 W JobScheduler.JobStatus: Exempted app com.whoop.android considered buggy
08-05 14:41:15.669  1407 13332 W JobScheduler.JobStatus: Exempted app com.whoop.android considered buggy
08-05 14:41:15.670  5434  5492 D WM-GreedyScheduler: Cancelling work ID 533e3635-da43-47cc-a726-408dbfe2c3fb
08-05 14:41:15.674  5434  5492 D WM-SystemJobScheduler: Scheduling work ID 533e3635-da43-47cc-a726-408dbfe2c3fbJob ID 1964
08-05 14:41:15.675  5434  5492 D WM-GreedyScheduler: Ignoring {WorkSpec: 96515a5d-149c-4492-a067-ca4660beac26}. Requires device idle.
08-05 14:41:15.675  5434  5492 D WM-GreedyScheduler: Ignoring {WorkSpec: ac801815-0ebe-493f-9c87-5acc89f0c06f}. Requires device idle.
08-05 14:41:15.675  5434  5492 D WM-GreedyScheduler: Ignoring {WorkSpec: f0ffa3f5-1093-40e8-95db-627f1b7faff1}. Requires ContentUri triggers.
08-05 14:41:15.675  5434  5492 D WM-GreedyScheduler: Ignoring {WorkSpec: 8b0abd79-b0c1-42e1-8752-08d26dcfeb9e}. Requires ContentUri triggers.
08-05 14:41:15.679  1407 13332 W JobScheduler.JobStatus: Exempted app com.whoop.android considered buggy
08-05 14:41:15.679  1407 13332 W JobScheduler.JobStatus: Exempted app com.whoop.android considered buggy
08-05 14:41:15.679  1407 13332 W JobScheduler.JobStatus: Exempted app com.whoop.android considered buggy
08-05 14:41:15.679  1407 13332 W JobScheduler.JobStatus: Exempted app com.whoop.android considered buggy
08-05 14:41:15.680  1407 13332 W JobScheduler.JobStatus: Exempted app com.whoop.android considered buggy
08-05 14:41:15.680  1407 13332 W JobScheduler.JobStatus: Exempted app com.whoop.android considered buggy
08-05 14:41:15.680  1407 13332 W JobScheduler.JobStatus: Exempted app com.whoop.android considered buggy
08-05 14:41:15.680  1407 13332 W JobScheduler.JobStatus: Exempted app com.whoop.android considered buggy
08-05 14:41:15.680  1407 13332 W JobScheduler.JobStatus: Exempted app com.whoop.android considered buggy
08-05 14:41:15.680  1407 13332 W JobScheduler.JobStatus: Exempted app com.whoop.android considered buggy
08-05 14:41:15.680  1407 13332 W JobScheduler.JobStatus: Exempted app com.whoop.android considered buggy
08-05 14:41:15.680  1407 13332 W JobScheduler.JobStatus: Exempted app com.whoop.android considered buggy
08-05 14:41:15.680  1407 13332 W JobScheduler.JobStatus: Exempted app com.whoop.android considered buggy
08-05 14:41:15.680  1407 13332 W JobScheduler.JobStatus: Exempted app com.whoop.android considered buggy
08-05 14:41:15.680   873   873 D THALES_HAL: SecureElement:openLogicalChannel selectApdu resp_len = 6
08-05 14:41:15.680   873   873 D THALES_HAL: SecureElement:openLogicalChannel mSecureElementStatus = 0
08-05 14:41:15.680  1407 13332 W JobScheduler.JobStatus: Exempted app com.whoop.android considered buggy
08-05 14:41:15.680   873   873 D THALES_HAL: SecureElement:openLogicalChannel Free memory after selectApdu
08-05 14:41:15.680  5434  5524 I SyncWorkManagerPeriodic: Successfully scheduled next periodic workers
08-05 14:41:15.680  2374  2407 I SecureElementService: openLogicalChannel() Success. Channel: 1
08-05 14:41:15.681  5434  5493 D WM-GreedyScheduler: Cancelling work ID 06d80fef-9578-48aa-b51c-1c72033133af
08-05 14:41:15.681 31999  1086 I Dck     : (REDACTED) Logical channel opened for AID: %s
08-05 14:41:15.682 31999  1086 I Dck     : (REDACTED) Channel open response: %s
08-05 14:41:15.684  5434  5493 D WM-GreedyScheduler: Ignoring {WorkSpec: 96515a5d-149c-4492-a067-ca4660beac26}. Requires device idle.
08-05 14:41:15.684  5434  5493 D WM-GreedyScheduler: Ignoring {WorkSpec: ac801815-0ebe-493f-9c87-5acc89f0c06f}. Requires device idle.
08-05 14:41:15.684  5434  5493 D WM-GreedyScheduler: Ignoring {WorkSpec: f0ffa3f5-1093-40e8-95db-627f1b7faff1}. Requires ContentUri triggers.
08-05 14:41:15.684  5434  5493 D WM-GreedyScheduler: Ignoring {WorkSpec: 8b0abd79-b0c1-42e1-8752-08d26dcfeb9e}. Requires ContentUri triggers.
08-05 14:41:15.684 31999  1086 I Dck     : (REDACTED) DCK applet channel acquired by %s
08-05 14:41:15.684 31999  1086 I Dck     : (REDACTED) Sending command: %s
08-05 14:41:15.693  2133  2694 I vol.Events: writeEvent suppressor_changed null null
08-05 14:41:15.695 31999  1086 I Dck     : (REDACTED) Received response: %s
08-05 14:41:15.695   873   873 D THALES_HAL: SecureElement:closeChannel start
08-05 14:41:15.702   873   873 D THALES_HAL: SecureElement:closeChannel All Channels are closed
08-05 14:41:15.702   873   873 D THALES_HAL: SecureElement:deinitializeSE start
08-05 14:41:15.703   873   873 D THALES_HAL: SecureElement:deinitializeSE end
08-05 14:41:15.703   873   873 D THALES_HAL: SecureElement:closeChannel end
08-05 14:41:15.704 31999  1086 I Dck     : (REDACTED) Channel closed for client %s
08-05 14:41:15.704 31999  1086 I Dck     : (REDACTED) Got response data from GET_DATA query: %s
08-05 14:41:15.704 31999  1086 I Dck     : (REDACTED) featureToSeCallFlowType from feature:%s
08-05 14:41:15.706 31999  1086 I Dck     : (REDACTED) The DK Applet Version is: %s
08-05 14:41:15.706 31999  1086 I Dck     : (REDACTED) featureToSeCallFlowType from feature:%s
08-05 14:41:15.706 31999  1086 I Dck     : (REDACTED) [%s] Module version is: %s
08-05 14:41:15.706 31999  1086 I Dck     : (REDACTED) [%s] Environment is: %s
08-05 14:41:15.707 31999  1086 I Dck     : (REDACTED) [%s] Module info from module context: module ID: %s, module version: %d
08-05 14:41:15.712 31999 32028 W Dck     : [DckEvents] No active account found in account PDS [CONTEXT service_id=289 ]
08-05 14:41:15.720 31999  1086 I Dck     : (REDACTED) [AllWearableKeysGetter] getAllWearableKeys(%s)
08-05 14:41:15.723 31999  1086 I Dck     : (REDACTED) Request sent to nodeId %s
08-05 14:41:15.725 31999  1086 W Dck     : getting watch key details: no running timer to cancel. [CONTEXT service_id=289 ]
08-05 14:41:15.725 31999  1086 I Dck     : (REDACTED) %s timer scheduled.
08-05 14:41:15.734 25398 25398 I Dck     : DckPersistentChimeraService started [CONTEXT service_id=289 ]
08-05 14:41:15.737  2287  2747 V bluetooth: system/bta/jv/bta_jv_api.cc:547 BTA_JvRfcommWrite: handle:135, req_id:155, hi:6, si:0
08-05 14:41:15.737  2287  2747 V bluetooth: system/bta/jv/bta_jv_api.cc:553 BTA_JvRfcommWrite: write ok
08-05 14:41:15.737  2287  2652 V bluetooth: system/bta/jv/bta_jv_act.cc:2060 bta_jv_pm_state_change: p_cb=0x70b6ef37e4, jv_handle=0x87, busy/idle_state=1, app_id=1, conn_state=BTA_JV_CONN_BUSY(0x7)
08-05 14:41:15.737  2287  2652 D bt_bta_dm: system/bta/dm/bta_dm_act.cc:889 bta_dm_rm_cback: BTA Role management callback count:0 status:BTA_SYS_CONN_BUSY peer:xx:xx:xx:xx:05:91
08-05 14:41:15.737  2287  2652 V bluetooth: system/bta/dm/bta_dm_pm.cc:427 bta_dm_pm_cback: Power management callback status:BTA_SYS_CONN_BUSY[7] id:BTA_ID_JV[26], app:1
08-05 14:41:15.737  2287  2652 V bluetooth: system/bta/dm/bta_dm_pm.cc:445 bta_dm_pm_cback: Stopped all timers for service to device:xx:xx:xx:xx:05:91 id:BTA_ID_JV[26]
08-05 14:41:15.737  2287  2652 V bluetooth: system/bta/dm/bta_dm_pm.cc:451 bta_dm_pm_cback: Device info:0x00:none
08-05 14:41:15.737  2287  2652 V bluetooth: system/bta/dm/bta_dm_pm.cc:180 bta_dm_pm_stop_timer: 
08-05 14:41:15.737  2287  2652 V bluetooth: system/bta/dm/bta_dm_pm.cc:528 bta_dm_pm_cback: bta_dm_pm_stop_timer for current service, restart other service timers: count = 3
08-05 14:41:15.737  2287  2652 V bluetooth: system/bta/dm/bta_dm_pm.cc:630 bta_dm_pm_set_mode: Service:BTA_ID_AG[5] state:BTA_SYS_CONN_IDLE[6] allowed_modes:0x30 service_index:1
08-05 14:41:15.737  2287  2652 V bluetooth: system/bta/dm/bta_dm_pm.cc:630 bta_dm_pm_set_mode: Service:BTA_ID_JV[26] state:BTA_SYS_CONN_BUSY[7] allowed_modes:0x30 service_index:17
08-05 14:41:15.737  2287  2652 V bluetooth: system/bta/dm/bta_dm_pm.cc:630 bta_dm_pm_set_mode: Service:BTA_ID_JV[26] state:BTA_SYS_CONN_IDLE[6] allowed_modes:0x30 service_index:18
08-05 14:41:15.737  2287  2652 V bluetooth: system/bta/dm/bta_dm_pm.cc:738 bta_dm_pm_set_mode: Setting link to active mode peer:xx:xx:xx:xx:05:91
08-05 14:41:15.737  2287  2652 D bt_btm_pm: system/stack/acl/btm_pm.cc:229 BTM_SetPowerMode: Device is already in requested mode 0, interval: 0, max: 0, min: 0
08-05 14:41:15.737  2287  2652 D bluetooth: system/bta/dm/bta_dm_pm.cc:987 bta_dm_pm_active: Active power mode already set for device:xx:xx:xx:xx:05:91
08-05 14:41:15.737  2287  2652 V bt_port_api: system/stack/rfcomm/port_api.cc:902 PORT_WriteDataCO: handle:24
08-05 14:41:15.737  2287  2652 V bluetooth: system/bta/jv/bta_jv_act.cc:1380 bta_jv_port_data_co_cback: p_cb=0x70b6ef3010, p_pcb=0x70b6ef36b8, len=4, type=2
08-05 14:41:15.737  2287  2652 V bluetooth: system/bta/jv/bta_jv_act.cc:1380 bta_jv_port_data_co_cback: p_cb=0x70b6ef3010, p_pcb=0x70b6ef36b8, len=160, type=3
08-05 14:41:15.737  2287  2652 V bt_port_api: system/stack/rfcomm/port_api.cc:1004 PORT_WriteDataCO: 160 bytes
08-05 14:41:15.737  2287  2652 V bt_port_api: system/stack/rfcomm/port_api.cc:877 port_write: Data is being sent
08-05 14:41:15.737  2287  2652 V bluetooth: system/stack/rfcomm/rfc_port_fsm.cc:480 rfc_port_sm_opened: RFC_PORT_EVENT_DATA bd_addr:xx:xx:xx:xx:05:91 port_handle:24 dlci:52 scn:26
08-05 14:41:15.737  2287  2652 V bt_l2cap: system/stack/l2cap/l2c_api.cc:1482 L2CA_DataWrite: L2CA_DataWrite()  CID: 0x0064  Len: 165
08-05 14:41:15.737  2287  2652 V l2c_csm : system/stack/l2cap/l2c_csm.cc:1321 l2c_csm_open: LCID: 0x0064  st: OPEN  evt: L2CEVT_L2CA_DATA_WRITE(0x1e) psm: BT_PSM_RFCOMM(0x0003)
08-05 14:41:15.738  2287  2652 V l2c_link: system/stack/l2cap/l2c_link.cc:872 l2c_link_check_send_pkts: Direct send, transport=1, xmit_window=12, le_xmit_window=15, sent_not_acked=0, link_xmit_quota=12
08-05 14:41:15.738  2287  2652 V l2c_link: system/stack/l2cap/l2c_link.cc:883 l2c_link_check_send_pkts: No transmit data, skipping
08-05 14:41:15.738  2287  2652 V l2c_link: system/stack/l2cap/l2c_link.cc:894 l2c_link_check_send_pkts: Trying to send other data when single_write is false
08-05 14:41:15.738  2287  2652 V l2c_link: system/stack/l2cap/l2c_link.cc:1177 l2cu_get_next_channel_in_rr: RR service pri=2, quota=4, lcid=0x0064
08-05 14:41:15.738  2287  2652 V l2c_link: system/stack/l2cap/l2c_link.cc:904 l2c_link_check_send_pkts: Sending to lower layer
08-05 14:41:15.738  2287  2652 V l2c_link: system/stack/l2cap/l2c_link.cc:948 l2c_link_send_to_lower_br_edr: TotalWin=11,Hndl=0xb,Quota=12,Unack=1,RRQuota=0,RRUnack=0
08-05 14:41:15.738  2287  2652 V l2c_link: system/stack/l2cap/l2c_link.cc:901 l2c_link_check_send_pkts: No next buffer, skipping
08-05 14:41:15.738  2287  2652 V l2c_csm : system/stack/l2cap/l2c_csm.cc:1500 l2c_csm_open: Exit chnl_state=CST_OPEN [6], event=L2CEVT_L2CA_DATA_WRITE(0x1e) [30]
08-05 14:41:15.738  2287  2652 V bluetooth: system/bta/jv/bta_jv_act.cc:1486 bta_jv_port_event_cl_cback: port_handle=24
08-05 14:41:15.738  2287  2652 V bluetooth: system/bta/jv/bta_jv_act.cc:1491 bta_jv_port_event_cl_cback: code=0x4, port_handle=24, rfc_handle=135
08-05 14:41:15.738  2287  2652 V bluetooth: system/bta/jv/bta_jv_act.cc:2060 bta_jv_pm_state_change: p_cb=0x70b6ef37e4, jv_handle=0x87, busy/idle_state=2, app_id=1, conn_state=BTA_JV_CONN_IDLE(0x6)
08-05 14:41:15.738  2287  2652 D bt_bta_dm: system/bta/dm/bta_dm_act.cc:889 bta_dm_rm_cback: BTA Role management callback count:0 status:BTA_SYS_CONN_IDLE peer:xx:xx:xx:xx:05:91
08-05 14:41:15.738  2287  2652 V bluetooth: system/bta/dm/bta_dm_pm.cc:427 bta_dm_pm_cback: Power management callback status:BTA_SYS_CONN_IDLE[6] id:BTA_ID_JV[26], app:1
08-05 14:41:15.738  2287  2652 V bluetooth: system/bta/dm/bta_dm_pm.cc:445 bta_dm_pm_cback: Stopped all timers for service to device:xx:xx:xx:xx:05:91 id:BTA_ID_JV[26]
08-05 14:41:15.738  2287  2652 V bluetooth: system/bta/dm/bta_dm_pm.cc:451 bta_dm_pm_cback: Device info:0x00:none
08-05 14:41:15.738  2287  2652 V bluetooth: system/bta/dm/bta_dm_pm.cc:180 bta_dm_pm_stop_timer: 
08-05 14:41:15.738  2287  2652 V bluetooth: system/bta/dm/bta_dm_pm.cc:528 bta_dm_pm_cback: bta_dm_pm_stop_timer for current service, restart other service timers: count = 3
08-05 14:41:15.738  2287  2652 V bluetooth: system/bta/dm/bta_dm_pm.cc:630 bta_dm_pm_set_mode: Service:BTA_ID_AG[5] state:BTA_SYS_CONN_IDLE[6] allowed_modes:0x30 service_index:1
08-05 14:41:15.738  2287  2652 V bluetooth: system/bta/dm/bta_dm_pm.cc:630 bta_dm_pm_set_mode: Service:BTA_ID_JV[26] state:BTA_SYS_CONN_IDLE[6] allowed_modes:0x30 service_index:17
08-05 14:41:15.738  2287  2652 V bluetooth: system/bta/dm/bta_dm_pm.cc:630 bta_dm_pm_set_mode: Service:BTA_ID_JV[26] state:BTA_SYS_CONN_IDLE[6] allowed_modes:0x30 service_index:18
08-05 14:41:15.738  2287  2652 V bt_btif_sock_rfcomm: system/btif/src/btif_sock_rfc.cc:990 rfcomm_cback: handling BTA_JV_RFCOMM_WRITE_EVT, slot_id:155
08-05 14:41:15.743  2287 25384 I AdapterProperties: getBondedDevices: length=7
08-05 14:41:15.753 31999  1086 W Dck     : [BleAddressFactory] Invalid BLE address: A0:38:F8:13:A5:38/RANDOM [CONTEXT service_id=289 ]
08-05 14:41:15.753 31999  1086 W Dck     : java.lang.IllegalArgumentException: Unsupported Random Type Bits: 0b10
08-05 14:41:15.753 31999  1086 W Dck     : 	at m20.nqj.<init>(:com.google.android.gms.optional_dck@252932041@25.29.32 (150400-0):3)
08-05 14:41:15.753 31999  1086 W Dck     : 	at m20.nqk.b(:com.google.android.gms.optional_dck@252932041@25.29.32 (150400-0):28)
08-05 14:41:15.753 31999  1086 W Dck     : 	at m20.ogu.a(:com.google.android.gms.optional_dck@252932041@25.29.32 (150400-0):213)
08-05 14:41:15.753 31999  1086 W Dck     : 	at m20.ogw.b(:com.google.android.gms.optional_dck@252932041@25.29.32 (150400-0):8)
08-05 14:41:15.753 31999  1086 W Dck     : 	at m20.aoam.v(:com.google.android.gms.optional_dck@252932041@25.29.32 (150400-0):12)
08-05 14:41:15.753 31999  1086 W Dck     : 	at m20.aois.run(:com.google.android.gms.optional_dck@252932041@25.29.32 (150400-0):112)
08-05 14:41:15.753 31999  1086 W Dck     : 	at m20.jva.c(:com.google.android.gms.optional_dck@252932041@25.29.32 (150400-0):50)
08-05 14:41:15.753 31999  1086 W Dck     : 	at m20.jva.run(:com.google.android.gms.optional_dck@252932041@25.29.32 (150400-0):89)
08-05 14:41:15.753 31999  1086 W Dck     : 	at java.util.concurrent.ThreadPoolExecutor.runWorker(ThreadPoolExecutor.java:1156)
08-05 14:41:15.753 31999  1086 W Dck     : 	at java.util.concurrent.ThreadPoolExecutor$Worker.run(ThreadPoolExecutor.java:651)
08-05 14:41:15.753 31999  1086 W Dck     : 	at baao.run(:com.google.android.gms@252932035@25.29.32 (260400-787198374):8)
08-05 14:41:15.753 31999  1086 W Dck     : 	at java.lang.Thread.run(Thread.java:1119)
08-05 14:41:15.755 31999 32028 W Dck     : [DckEvents] No active account found in account PDS [CONTEXT service_id=289 ]
08-05 14:41:15.758  2287  2652 V l2c_link: system/stack/l2cap/l2c_link.cc:872 l2c_link_check_send_pkts: Direct send, transport=1, xmit_window=12, le_xmit_window=15, sent_not_acked=0, link_xmit_quota=12
08-05 14:41:15.758  2287  2652 V l2c_link: system/stack/l2cap/l2c_link.cc:883 l2c_link_check_send_pkts: No transmit data, skipping
08-05 14:41:15.758  2287  2652 V l2c_link: system/stack/l2cap/l2c_link.cc:894 l2c_link_check_send_pkts: Trying to send other data when single_write is false
08-05 14:41:15.758  2287  2652 V l2c_link: system/stack/l2cap/l2c_link.cc:901 l2c_link_check_send_pkts: No next buffer, skipping
08-05 14:41:15.771 31999  1086 I Dck     : (REDACTED) [AllWearableKeysGetter] getAllWearableKeys(%s)
08-05 14:41:15.773 31999  1086 I Dck     : (REDACTED) Request sent to nodeId %s
08-05 14:41:15.773 31999  1086 W Dck     : getting watch key details: no running timer to cancel. [CONTEXT service_id=289 ]
08-05 14:41:15.774 31999  1086 I Dck     : (REDACTED) %s timer scheduled.
08-05 14:41:15.775 31999  1086 I Dck     : Check and resume all keys that were suspended due to device lost if any [CONTEXT service_id=289 ]
08-05 14:41:15.775 31999  1086 I Dck     : [DckEvents] Handling resume all keys that were suspended due to device lost [CONTEXT service_id=289 ]
08-05 14:41:15.775 31999  1086 I Dck     : [PersistentBleConnectionManagerClient] Registering persistent BLE connection listener [CONTEXT service_id=289 ]
08-05 14:41:15.776 31999  1086 I Dck     : [AidlWrapper] Linked to death of remote binder [CONTEXT service_id=289 ]
08-05 14:41:15.776 25398 27522 I Dck     : [PersistentBleConnectionManagerService] Received request to register connection listener [CONTEXT service_id=289 ]
08-05 14:41:15.776  2287  2747 V bluetooth: system/bta/jv/bta_jv_api.cc:547 BTA_JvRfcommWrite: handle:135, req_id:155, hi:6, si:0
08-05 14:41:15.776  2287  2747 V bluetooth: system/bta/jv/bta_jv_api.cc:553 BTA_JvRfcommWrite: write ok
08-05 14:41:15.776 25398 27522 I Dck     : [AidlWrapper] Linked to death of remote binder [CONTEXT service_id=289 ]
08-05 14:41:15.776  2287  2652 V bluetooth: system/bta/jv/bta_jv_act.cc:2060 bta_jv_pm_state_change: p_cb=0x70b6ef37e4, jv_handle=0x87, busy/idle_state=1, app_id=1, conn_state=BTA_JV_CONN_BUSY(0x7)
08-05 14:41:15.776  2287  2652 D bt_bta_dm: system/bta/dm/bta_dm_act.cc:889 bta_dm_rm_cback: BTA Role management callback count:0 status:BTA_SYS_CONN_BUSY peer:xx:xx:xx:xx:05:91
08-05 14:41:15.776  2287  2652 V bluetooth: system/bta/dm/bta_dm_pm.cc:427 bta_dm_pm_cback: Power management callback status:BTA_SYS_CONN_BUSY[7] id:BTA_ID_JV[26], app:1
08-05 14:41:15.776  2287  2652 V bluetooth: system/bta/dm/bta_dm_pm.cc:445 bta_dm_pm_cback: Stopped all timers for service to device:xx:xx:xx:xx:05:91 id:BTA_ID_JV[26]
08-05 14:41:15.776 25398 27522 I Dck     : [PersistentBleConnectionManagerService] Successfully registered connection listener [CONTEXT service_id=289 ]
08-05 14:41:15.776  2287  2652 V bluetooth: system/bta/dm/bta_dm_pm.cc:451 bta_dm_pm_cback: Device info:0x00:none
08-05 14:41:15.776  2287  2652 V bluetooth: system/bta/dm/bta_dm_pm.cc:180 bta_dm_pm_stop_timer: 
08-05 14:41:15.776  2287  2652 V bluetooth: system/bta/dm/bta_dm_pm.cc:528 bta_dm_pm_cback: bta_dm_pm_stop_timer for current service, restart other service timers: count = 3
08-05 14:41:15.776  2287  2652 V bluetooth: system/bta/dm/bta_dm_pm.cc:630 bta_dm_pm_set_mode: Service:BTA_ID_AG[5] state:BTA_SYS_CONN_IDLE[6] allowed_modes:0x30 service_index:1
08-05 14:41:15.776  2287  2652 V bluetooth: system/bta/dm/bta_dm_pm.cc:630 bta_dm_pm_set_mode: Service:BTA_ID_JV[26] state:BTA_SYS_CONN_BUSY[7] allowed_modes:0x30 service_index:17
08-05 14:41:15.777  2287  2652 V bluetooth: system/bta/dm/bta_dm_pm.cc:630 bta_dm_pm_set_mode: Service:BTA_ID_JV[26] state:BTA_SYS_CONN_IDLE[6] allowed_modes:0x30 service_index:18
08-05 14:41:15.777  2287  2652 V bluetooth: system/bta/dm/bta_dm_pm.cc:738 bta_dm_pm_set_mode: Setting link to active mode peer:xx:xx:xx:xx:05:91
08-05 14:41:15.777  2287  2652 D bt_btm_pm: system/stack/acl/btm_pm.cc:229 BTM_SetPowerMode: Device is already in requested mode 0, interval: 0, max: 0, min: 0
08-05 14:41:15.777  2287  2652 D bluetooth: system/bta/dm/bta_dm_pm.cc:987 bta_dm_pm_active: Active power mode already set for device:xx:xx:xx:xx:05:91
08-05 14:41:15.777  2287  2652 V bt_port_api: system/stack/rfcomm/port_api.cc:902 PORT_WriteDataCO: handle:24
08-05 14:41:15.777  2287  2652 V bluetooth: system/bta/jv/bta_jv_act.cc:1380 bta_jv_port_data_co_cback: p_cb=0x70b6ef3010, p_pcb=0x70b6ef36b8, len=4, type=2
08-05 14:41:15.777  2287  2652 V bluetooth: system/bta/jv/bta_jv_act.cc:1380 bta_jv_port_data_co_cback: p_cb=0x70b6ef3010, p_pcb=0x70b6ef36b8, len=160, type=3
08-05 14:41:15.777  2287  2652 V bt_port_api: system/stack/rfcomm/port_api.cc:1004 PORT_WriteDataCO: 160 bytes
08-05 14:41:15.777  2287  2652 V bt_port_api: system/stack/rfcomm/port_api.cc:877 port_write: Data is being sent
08-05 14:41:15.777  2287  2652 V bluetooth: system/stack/rfcomm/rfc_port_fsm.cc:480 rfc_port_sm_opened: RFC_PORT_EVENT_DATA bd_addr:xx:xx:xx:xx:05:91 port_handle:24 dlci:52 scn:26
08-05 14:41:15.777  2287  2652 V bt_l2cap: system/stack/l2cap/l2c_api.cc:1482 L2CA_DataWrite: L2CA_DataWrite()  CID: 0x0064  Len: 165
08-05 14:41:15.777  2287  2652 V l2c_csm : system/stack/l2cap/l2c_csm.cc:1321 l2c_csm_open: LCID: 0x0064  st: OPEN  evt: L2CEVT_L2CA_DATA_WRITE(0x1e) psm: BT_PSM_RFCOMM(0x0003)
08-05 14:41:15.777  2287  2652 V l2c_link: system/stack/l2cap/l2c_link.cc:872 l2c_link_check_send_pkts: Direct send, transport=1, xmit_window=12, le_xmit_window=15, sent_not_acked=0, link_xmit_quota=12
08-05 14:41:15.777  2287  2652 V l2c_link: system/stack/l2cap/l2c_link.cc:883 l2c_link_check_send_pkts: No transmit data, skipping
08-05 14:41:15.777  2287  2652 V l2c_link: system/stack/l2cap/l2c_link.cc:894 l2c_link_check_send_pkts: Trying to send other data when single_write is false
08-05 14:41:15.777  2287  2652 V l2c_link: system/stack/l2cap/l2c_link.cc:1177 l2cu_get_next_channel_in_rr: RR service pri=2, quota=4, lcid=0x0064
08-05 14:41:15.777  2287  2652 V l2c_link: system/stack/l2cap/l2c_link.cc:904 l2c_link_check_send_pkts: Sending to lower layer
08-05 14:41:15.777  2287  2652 V l2c_link: system/stack/l2cap/l2c_link.cc:948 l2c_link_send_to_lower_br_edr: TotalWin=11,Hndl=0xb,Quota=12,Unack=1,RRQuota=0,RRUnack=0
08-05 14:41:15.777  2287  2652 V l2c_link: system/stack/l2cap/l2c_link.cc:901 l2c_link_check_send_pkts: No next buffer, skipping
08-05 14:41:15.777  2287  2652 V l2c_csm : system/stack/l2cap/l2c_csm.cc:1500 l2c_csm_open: Exit chnl_state=CST_OPEN [6], event=L2CEVT_L2CA_DATA_WRITE(0x1e) [30]
08-05 14:41:15.777  2287  2652 V bluetooth: system/bta/jv/bta_jv_act.cc:1486 bta_jv_port_event_cl_cback: port_handle=24
08-05 14:41:15.777  2287  2652 V bluetooth: system/bta/jv/bta_jv_act.cc:1491 bta_jv_port_event_cl_cback: code=0x4, port_handle=24, rfc_handle=135
08-05 14:41:15.777  2287  2652 V bluetooth: system/bta/jv/bta_jv_act.cc:2060 bta_jv_pm_state_change: p_cb=0x70b6ef37e4, jv_handle=0x87, busy/idle_state=2, app_id=1, conn_state=BTA_JV_CONN_IDLE(0x6)
08-05 14:41:15.777  2287  2652 D bt_bta_dm: system/bta/dm/bta_dm_act.cc:889 bta_dm_rm_cback: BTA Role management callback count:0 status:BTA_SYS_CONN_IDLE peer:xx:xx:xx:xx:05:91
08-05 14:41:15.777  2287  2652 V bluetooth: system/bta/dm/bta_dm_pm.cc:427 bta_dm_pm_cback: Power management callback status:BTA_SYS_CONN_IDLE[6] id:BTA_ID_JV[26], app:1
08-05 14:41:15.777  2287  2652 V bluetooth: system/bta/dm/bta_dm_pm.cc:445 bta_dm_pm_cback: Stopped all timers for service to device:xx:xx:xx:xx:05:91 id:BTA_ID_JV[26]
08-05 14:41:15.777  2287  2652 V bluetooth: system/bta/dm/bta_dm_pm.cc:451 bta_dm_pm_cback: Device info:0x00:none
08-05 14:41:15.777  2287  2652 V bluetooth: system/bta/dm/bta_dm_pm.cc:180 bta_dm_pm_stop_timer: 
08-05 14:41:15.777  2287  2652 V bluetooth: system/bta/dm/bta_dm_pm.cc:528 bta_dm_pm_cback: bta_dm_pm_stop_timer for current service, restart other service timers: count = 3
08-05 14:41:15.777  2287  2652 V bluetooth: system/bta/dm/bta_dm_pm.cc:630 bta_dm_pm_set_mode: Service:BTA_ID_AG[5] state:BTA_SYS_CONN_IDLE[6] allowed_modes:0x30 service_index:1
08-05 14:41:15.777  2287  2652 V bluetooth: system/bta/dm/bta_dm_pm.cc:630 bta_dm_pm_set_mode: Service:BTA_ID_JV[26] state:BTA_SYS_CONN_IDLE[6] allowed_modes:0x30 service_index:17
08-05 14:41:15.777  2287  2652 V bluetooth: system/bta/dm/bta_dm_pm.cc:630 bta_dm_pm_set_mode: Service:BTA_ID_JV[26] state:BTA_SYS_CONN_IDLE[6] allowed_modes:0x30 service_index:18
08-05 14:41:15.777  2287  2652 V bt_btif_sock_rfcomm: system/btif/src/btif_sock_rfc.cc:990 rfcomm_cback: handling BTA_JV_RFCOMM_WRITE_EVT, slot_id:155
08-05 14:41:15.784  2287  2652 V l2c_link: system/stack/l2cap/l2c_link.cc:872 l2c_link_check_send_pkts: Direct send, transport=1, xmit_window=12, le_xmit_window=15, sent_not_acked=0, link_xmit_quota=12
08-05 14:41:15.784  2287  2652 V l2c_link: system/stack/l2cap/l2c_link.cc:883 l2c_link_check_send_pkts: No transmit data, skipping
08-05 14:41:15.784  2287  2652 V l2c_link: system/stack/l2cap/l2c_link.cc:894 l2c_link_check_send_pkts: Trying to send other data when single_write is false
08-05 14:41:15.784  2287  2652 V l2c_link: system/stack/l2cap/l2c_link.cc:901 l2c_link_check_send_pkts: No next buffer, skipping
08-05 14:41:15.784  2287  2652 V l2c_csm : system/stack/l2cap/l2c_csm.cc:1321 l2c_csm_open: LCID: 0x0064  st: OPEN  evt: L2CEVT_L2CAP_DATA(0x14) psm: BT_PSM_RFCOMM(0x0003)
08-05 14:41:15.784  2287  2652 V bluetooth: system/stack/rfcomm/rfc_l2cap_if.cc:323 RFCOMM_BufDataInd: Handling UIH event, buf_len=0, credit=2
08-05 14:41:15.784  2287  2652 V rfcomm  : system/stack/rfcomm/rfc_utils.cc:374 rfc_inc_credit: rfc_inc_credit:9
08-05 14:41:15.784  2287  2652 V l2c_csm : system/stack/l2cap/l2c_csm.cc:1500 l2c_csm_open: Exit chnl_state=CST_OPEN [6], event=L2CEVT_L2CAP_DATA(0x14) [20]
08-05 14:41:15.785 31999  1086 I Dck     : (REDACTED) [AllWearableKeysGetter] getAllWearableKeys(%s)
08-05 14:41:15.785 31999  1086 I Dck     : (REDACTED) Request sent to nodeId %s
08-05 14:41:15.785 31999  1086 W Dck     : getting watch key details: no running timer to cancel. [CONTEXT service_id=289 ]
08-05 14:41:15.786 31999  1086 I Dck     : (REDACTED) %s timer scheduled.
08-05 14:41:15.788  2287  2747 V bluetooth: system/bta/jv/bta_jv_api.cc:547 BTA_JvRfcommWrite: handle:135, req_id:155, hi:6, si:0
08-05 14:41:15.788  2287  2747 V bluetooth: system/bta/jv/bta_jv_api.cc:553 BTA_JvRfcommWrite: write ok
08-05 14:41:15.788  2287  2652 V bluetooth: system/bta/jv/bta_jv_act.cc:2060 bta_jv_pm_state_change: p_cb=0x70b6ef37e4, jv_handle=0x87, busy/idle_state=1, app_id=1, conn_state=BTA_JV_CONN_BUSY(0x7)
08-05 14:41:15.788  2287  2652 D bt_bta_dm: system/bta/dm/bta_dm_act.cc:889 bta_dm_rm_cback: BTA Role management callback count:0 status:BTA_SYS_CONN_BUSY peer:xx:xx:xx:xx:05:91
08-05 14:41:15.788  2287  2652 V bluetooth: system/bta/dm/bta_dm_pm.cc:427 bta_dm_pm_cback: Power management callback status:BTA_SYS_CONN_BUSY[7] id:BTA_ID_JV[26], app:1
08-05 14:41:15.788  2287  2652 V bluetooth: system/bta/dm/bta_dm_pm.cc:445 bta_dm_pm_cback: Stopped all timers for service to device:xx:xx:xx:xx:05:91 id:BTA_ID_JV[26]
08-05 14:41:15.788  2287  2652 V bluetooth: system/bta/dm/bta_dm_pm.cc:451 bta_dm_pm_cback: Device info:0x00:none
08-05 14:41:15.788  2287  2652 V bluetooth: system/bta/dm/bta_dm_pm.cc:180 bta_dm_pm_stop_timer: 
08-05 14:41:15.788  2287  2652 V bluetooth: system/bta/dm/bta_dm_pm.cc:528 bta_dm_pm_cback: bta_dm_pm_stop_timer for current service, restart other service timers: count = 3
08-05 14:41:15.788  2287  2652 V bluetooth: system/bta/dm/bta_dm_pm.cc:630 bta_dm_pm_set_mode: Service:BTA_ID_AG[5] state:BTA_SYS_CONN_IDLE[6] allowed_modes:0x30 service_index:1
08-05 14:41:15.788  2287  2652 V bluetooth: system/bta/dm/bta_dm_pm.cc:630 bta_dm_pm_set_mode: Service:BTA_ID_JV[26] state:BTA_SYS_CONN_BUSY[7] allowed_modes:0x30 service_index:17
08-05 14:41:15.788  2287  2652 V bluetooth: system/bta/dm/bta_dm_pm.cc:630 bta_dm_pm_set_mode: Service:BTA_ID_JV[26] state:BTA_SYS_CONN_IDLE[6] allowed_modes:0x30 service_index:18
08-05 14:41:15.788  2287  2652 V bluetooth: system/bta/dm/bta_dm_pm.cc:738 bta_dm_pm_set_mode: Setting link to active mode peer:xx:xx:xx:xx:05:91
08-05 14:41:15.788  2287  2652 D bt_btm_pm: system/stack/acl/btm_pm.cc:229 BTM_SetPowerMode: Device is already in requested mode 0, interval: 0, max: 0, min: 0
08-05 14:41:15.788  2287  2652 D bluetooth: system/bta/dm/bta_dm_pm.cc:987 bta_dm_pm_active: Active power mode already set for device:xx:xx:xx:xx:05:91
08-05 14:41:15.788  2287  2652 V bt_port_api: system/stack/rfcomm/port_api.cc:902 PORT_WriteDataCO: handle:24
08-05 14:41:15.788  2287  2652 V bluetooth: system/bta/jv/bta_jv_act.cc:1380 bta_jv_port_data_co_cback: p_cb=0x70b6ef3010, p_pcb=0x70b6ef36b8, len=4, type=2
08-05 14:41:15.788  2287  2652 V bluetooth: system/bta/jv/bta_jv_act.cc:1380 bta_jv_port_data_co_cback: p_cb=0x70b6ef3010, p_pcb=0x70b6ef36b8, len=160, type=3
08-05 14:41:15.788  2287  2652 V bt_port_api: system/stack/rfcomm/port_api.cc:1004 PORT_WriteDataCO: 160 bytes
08-05 14:41:15.788  2287  2652 V bt_port_api: system/stack/rfcomm/port_api.cc:877 port_write: Data is being sent
08-05 14:41:15.788  2287  2652 V bluetooth: system/stack/rfcomm/rfc_port_fsm.cc:480 rfc_port_sm_opened: RFC_PORT_EVENT_DATA bd_addr:xx:xx:xx:xx:05:91 port_handle:24 dlci:52 scn:26
08-05 14:41:15.788  2287  2652 V bt_l2cap: system/stack/l2cap/l2c_api.cc:1482 L2CA_DataWrite: L2CA_DataWrite()  CID: 0x0064  Len: 165
08-05 14:41:15.788  2287  2652 V l2c_csm : system/stack/l2cap/l2c_csm.cc:1321 l2c_csm_open: LCID: 0x0064  st: OPEN  evt: L2CEVT_L2CA_DATA_WRITE(0x1e) psm: BT_PSM_RFCOMM(0x0003)
08-05 14:41:15.788  2287  2652 V l2c_link: system/stack/l2cap/l2c_link.cc:872 l2c_link_check_send_pkts: Direct send, transport=1, xmit_window=12, le_xmit_window=15, sent_not_acked=0, link_xmit_quota=12
08-05 14:41:15.788  2287  2652 V l2c_link: system/stack/l2cap/l2c_link.cc:883 l2c_link_check_send_pkts: No transmit data, skipping
08-05 14:41:15.788  2287  2652 V l2c_link: system/stack/l2cap/l2c_link.cc:894 l2c_link_check_send_pkts: Trying to send other data when single_write is false
08-05 14:41:15.788  2287  2652 V l2c_link: system/stack/l2cap/l2c_link.cc:1177 l2cu_get_next_channel_in_rr: RR service pri=2, quota=4, lcid=0x0064
08-05 14:41:15.788  2287  2652 V l2c_link: system/stack/l2cap/l2c_link.cc:904 l2c_link_check_send_pkts: Sending to lower layer
08-05 14:41:15.788  2287  2652 V l2c_link: system/stack/l2cap/l2c_link.cc:948 l2c_link_send_to_lower_br_edr: TotalWin=11,Hndl=0xb,Quota=12,Unack=1,RRQuota=0,RRUnack=0
08-05 14:41:15.788  2287  2652 V l2c_link: system/stack/l2cap/l2c_link.cc:901 l2c_link_check_send_pkts: No next buffer, skipping
08-05 14:41:15.788  2287  2652 V l2c_csm : system/stack/l2cap/l2c_csm.cc:1500 l2c_csm_open: Exit chnl_state=CST_OPEN [6], event=L2CEVT_L2CA_DATA_WRITE(0x1e) [30]
08-05 14:41:15.788  2287  2652 V bluetooth: system/bta/jv/bta_jv_act.cc:1486 bta_jv_port_event_cl_cback: port_handle=24
08-05 14:41:15.788  2287  2652 V bluetooth: system/bta/jv/bta_jv_act.cc:1491 bta_jv_port_event_cl_cback: code=0x4, port_handle=24, rfc_handle=135
08-05 14:41:15.788  2287  2652 V bluetooth: system/bta/jv/bta_jv_act.cc:2060 bta_jv_pm_state_change: p_cb=0x70b6ef37e4, jv_handle=0x87, busy/idle_state=2, app_id=1, conn_state=BTA_JV_CONN_IDLE(0x6)
08-05 14:41:15.788  2287  2652 D bt_bta_dm: system/bta/dm/bta_dm_act.cc:889 bta_dm_rm_cback: BTA Role management callback count:0 status:BTA_SYS_CONN_IDLE peer:xx:xx:xx:xx:05:91
