08-05 14:41:15.002 31999  5570 I DMABUFHEAPS: Using DMA-BUF heap named: system
08-05 14:41:15.002   857   934 D CHRE    : @ 70567.862: Parsed nanoapp message from host: app ID 0x476f6f676c001028 endpoint 0xd msgType 1 payload size 6
08-05 14:41:15.002 31999  1086 I Dck     : Created new OmapiConnection. [CONTEXT service_id=289 ]
08-05 14:41:15.003   857   934 D CHRE.HAL: Received a nanoapp message from 0x476f6f676c001028 endpoint 0xd: Type 0x2 size 16 
08-05 14:41:15.003  2393  2682 I libnfc_nci: nfaVSCallback: RSP status: 0 to Android proprietary cmd 6
08-05 14:41:15.003  2393  2393 D libnfc_nci: startRfDiscovery: is start=1
08-05 14:41:15.003  2393  2393 D libnfc_nci: nativeNfcTag_acquireRfInterfaceMutexLock: try to acquire lock
08-05 14:41:15.003  2393  2393 D libnfc_nci: nativeNfcTag_acquireRfInterfaceMutexLock: sRfInterfaceMutex lock
08-05 14:41:15.003  2393  2682 D libnfc_nci: nfa_dm_set_rf_field_info_ntf:  val = 0x1
08-05 14:41:15.004  1179  5574 D SimpleC2Component: Using output block pool with poolID 160 => got 160 - 0
08-05 14:41:15.004  2393  2682 D libnfc_nci: nfaConnectionCallback: NFA_RF_DISCOVERY_STARTED_EVT: status = 0
08-05 14:41:15.004  2393  2393 D libnfc_nci: nativeNfcTag_releaseRfInterfaceMutexLock: sRfInterfaceMutex unlock
08-05 14:41:15.004  2393  2393 D NfcService: handleMessage: MSG_PREFERRED_PAYMENT_CHANGED
08-05 14:41:15.005 31999 31999 I OMAPI.SEService: Service onServiceConnected
08-05 14:41:15.005  2374  7098 D SecureElementService: getReaders() for com.google.android.nfc
08-05 14:41:15.005 31999  5570 W gle.android.gms: AIBinder_linkToDeath is being called with a non-null cookie and no onUnlink callback set. This might not be intended. AIBinder_DeathRecipient_setOnUnlinked should be called first.
08-05 14:41:15.005   857   934 D CHRE    : @ 70567.862: [DCK][APP_MANAGER] Got host message with type 1 size 6 endpoint 13
08-05 14:41:15.005   857   934 I CHRE    : @ 70567.862: [DCK][APP_MANAGER] *** Receiving StopMotionDetect request ***
08-05 14:41:15.005   857   934 I CHRE    : @ 70567.862: [DCK][APP_MANAGER] StopRequest client type 1
08-05 14:41:15.005   857   934 I CHRE    : @ 70567.862: [DCK][APP_MANAGER] Disable stats caching 0
08-05 14:41:15.005   857   934 D CHRE    : @ 70567.863: [DCK][APP_MANAGER] Delivering response 1 error 1
08-05 14:41:15.007 31999  5550 I Dck     : (REDACTED) disableDckSupport: %s
08-05 14:41:15.007 31999  5550 I Dck     : [WirelessCapabilitiesFeatures] wccSysProp: 3 [CONTEXT service_id=289 ]
08-05 14:41:15.007 31999  5550 I Dck     : [WirelessCapabilitiesFeatures] wccMendel: 3 [CONTEXT service_id=289 ]
08-05 14:41:15.007 31999  5550 I Dck     : [WirelessCapabilitiesFeatures] deviceWccOverride: false [CONTEXT service_id=289 ]
08-05 14:41:15.007 31999  5550 I Dck     : [WirelessCapabilitiesFeatures] replaceSupportedWccWithWccOverride: true [CONTEXT service_id=289 ]
08-05 14:41:15.007 31999  5550 I Dck     : [WirelessCapabilitiesFeatures] wccOverride: not set [CONTEXT service_id=289 ]
08-05 14:41:15.007 31999 32016 I Dck     : SEService connection established using blocking executor. [CONTEXT service_id=289 ]
08-05 14:41:15.007 31999  5550 I Dck     : (REDACTED) [WirelessCapabilitiesFeatures] wcc: %s
08-05 14:41:15.007 31999  5550 I Dck     : Dck module condition - isDckModuleEligible: true [CONTEXT service_id=289 ]
08-05 14:41:15.008 31999  5550 I Dck     : (REDACTED) [GatedIntentOperation] Intent propagated: %s
08-05 14:41:15.008  2393  2393 D CardEmulationManager: updateFirmwareExitFramesForWalletRole: 4 frames
08-05 14:41:15.008  2393  2393 D libnfc_nci: nfcManager_setFirmwareExitFrameTable: Setting firmware exit frame table
08-05 14:41:15.008 31999 32016 I Dck     : OMAPI connection initialized. [CONTEXT service_id=289 ]
08-05 14:41:15.008  2393  2393 D libnfc_nci: startRfDiscovery: is start=0
08-05 14:41:15.008  2393  2393 D libnfc_nci: nativeNfcTag_acquireRfInterfaceMutexLock: try to acquire lock
08-05 14:41:15.008  2393  2393 D libnfc_nci: nativeNfcTag_acquireRfInterfaceMutexLock: sRfInterfaceMutex lock
08-05 14:41:15.008 31999  5550 I Dck     : (REDACTED) [DckNanoAppClient] Stopped Motion Detect for %s.
08-05 14:41:15.009  2393  2682 D libnfc_nci: nfaConnectionCallback: NFA_RF_DISCOVERY_STOPPED_EVT: status = 0
08-05 14:41:15.009  2393  2393 D libnfc_nci: nativeNfcTag_releaseRfInterfaceMutexLock: sRfInterfaceMutex unlock
08-05 14:41:15.010 31999 32191 W Dck     : [DckEvents] No active account found in account PDS [CONTEXT service_id=289 ]
08-05 14:41:15.010 31999  5550 I Dck     : (REDACTED) disableDckSupport: %s
08-05 14:41:15.010 31999  1003 W Dck     : [DckEvents] No active account found in account PDS [CONTEXT service_id=289 ]
08-05 14:41:15.010 31999  5550 I Dck     : [WirelessCapabilitiesFeatures] wccSysProp: 3 [CONTEXT service_id=289 ]
08-05 14:41:15.010 31999  5550 I Dck     : [WirelessCapabilitiesFeatures] wccMendel: 3 [CONTEXT service_id=289 ]
08-05 14:41:15.010 31999  5550 I Dck     : [WirelessCapabilitiesFeatures] deviceWccOverride: false [CONTEXT service_id=289 ]
08-05 14:41:15.011 31999 32028 W Dck     : [DckEvents] No active account found in account PDS [CONTEXT service_id=289 ]
08-05 14:41:15.011 31999  5550 I Dck     : [WirelessCapabilitiesFeatures] replaceSupportedWccWithWccOverride: true [CONTEXT service_id=289 ]
08-05 14:41:15.011 31999  5550 I Dck     : [WirelessCapabilitiesFeatures] wccOverride: not set [CONTEXT service_id=289 ]
08-05 14:41:15.011 31999 32016 I Dck     : Secure element manager initialized. [CONTEXT service_id=289 ]
08-05 14:41:15.011 31999  5550 I Dck     : (REDACTED) [WirelessCapabilitiesFeatures] wcc: %s
08-05 14:41:15.011 31999  5550 I Dck     : Dck module condition - isDckModuleEligible: true [CONTEXT service_id=289 ]
08-05 14:41:15.012 31999  1086 I Dck     : Secure element initialized in a blocking way. [CONTEXT service_id=289 ]
08-05 14:41:15.012 31999  5550 I Dck     : (REDACTED) [GatedIntentOperation] Intent propagated: %s
08-05 14:41:15.012  2393  2682 I libnfc_nci: nfaVSCallback: RSP status: 0 to Android proprietary cmd 6
08-05 14:41:15.012 31999  1086 I Dck     : Reconciling keys with KeyReconciler. [CONTEXT service_id=289 ]
08-05 14:41:15.012  2393  2393 D libnfc_nci: startRfDiscovery: is start=1
08-05 14:41:15.012  2393  2393 D libnfc_nci: nativeNfcTag_acquireRfInterfaceMutexLock: try to acquire lock
08-05 14:41:15.012  2393  2393 D libnfc_nci: nativeNfcTag_acquireRfInterfaceMutexLock: sRfInterfaceMutex lock
08-05 14:41:15.012  2393  2682 D libnfc_nci: nfa_dm_set_rf_field_info_ntf:  val = 0x1
08-05 14:41:15.012 31999  5550 I Dck     : (REDACTED) [DckNanoAppClient] Stopped Motion Detect for %s.
08-05 14:41:15.013  1179  5574 W mediaswcodec: AIBinder_linkToDeath is being called with a non-null cookie and no onUnlink callback set. This might not be intended. AIBinder_DeathRecipient_setOnUnlinked should be called first.
08-05 14:41:15.013 31999  1086 I Dck     : (REDACTED) Open channel requested by %s
08-05 14:41:15.014  2393  2682 D libnfc_nci: nfaConnectionCallback: NFA_RF_DISCOVERY_STARTED_EVT: status = 0
08-05 14:41:15.014  2393  2393 D libnfc_nci: nativeNfcTag_releaseRfInterfaceMutexLock: sRfInterfaceMutex unlock
08-05 14:41:15.014  2393  2393 D NfcService: handleMessage: MSG_PREFERRED_PAYMENT_CHANGED
08-05 14:41:15.014  2374  7098 D SecureElementService: getReaders() for com.google.android.nfc
08-05 14:41:15.015  2374  2407 D SecureElementService: getReaders() for com.google.android.gms
08-05 14:41:15.015  2374  2407 D SecureElementService: getReader() eSE1
08-05 14:41:15.016  2374  2407 D SecureElementService: getReader() for com.google.android.gms
08-05 14:41:15.016  2374  2407 D SecureElementService: getReader() SIM1
08-05 14:41:15.016  2374  2407 D SecureElementService: getReader() for com.google.android.gms
08-05 14:41:15.016  2374  2407 D SecureElementService: getReader() SIM2
08-05 14:41:15.016  2374  2407 D SecureElementService: getReader() for com.google.android.gms
08-05 14:41:15.016 31999  5550 I Dck     : (REDACTED) disableDckSupport: %s
08-05 14:41:15.017 31999  5550 I Dck     : [WirelessCapabilitiesFeatures] wccSysProp: 3 [CONTEXT service_id=289 ]
08-05 14:41:15.017  2393  2393 D CardEmulationManager: updateFirmwareExitFramesForWalletRole: 4 frames
08-05 14:41:15.017  2393  2393 D libnfc_nci: nfcManager_setFirmwareExitFrameTable: Setting firmware exit frame table
08-05 14:41:15.017  2393  2393 D libnfc_nci: startRfDiscovery: is start=0
08-05 14:41:15.017 31999  5550 I Dck     : [WirelessCapabilitiesFeatures] wccMendel: 3 [CONTEXT service_id=289 ]
08-05 14:41:15.017  2393  2393 D libnfc_nci: nativeNfcTag_acquireRfInterfaceMutexLock: try to acquire lock
08-05 14:41:15.017  2393  2393 D libnfc_nci: nativeNfcTag_acquireRfInterfaceMutexLock: sRfInterfaceMutex lock
08-05 14:41:15.017 31999 32016 W Dck     : [DckEvents] No active account found in account PDS [CONTEXT service_id=289 ]
08-05 14:41:15.017 31999  5550 I Dck     : [WirelessCapabilitiesFeatures] deviceWccOverride: false [CONTEXT service_id=289 ]
08-05 14:41:15.017 31999  5550 I Dck     : [WirelessCapabilitiesFeatures] replaceSupportedWccWithWccOverride: true [CONTEXT service_id=289 ]
08-05 14:41:15.017 31999  5550 I Dck     : [WirelessCapabilitiesFeatures] wccOverride: not set [CONTEXT service_id=289 ]
08-05 14:41:15.017 31999  5550 I Dck     : (REDACTED) [WirelessCapabilitiesFeatures] wcc: %s
08-05 14:41:15.018 31999  5550 I Dck     : Dck module condition - isDckModuleEligible: true [CONTEXT service_id=289 ]
08-05 14:41:15.018 31999  1086 I Dck     : (REDACTED) Opening session with reader: %s
08-05 14:41:15.018 31999  5550 I Dck     : (REDACTED) [GatedIntentOperation] Intent propagated: %s
08-05 14:41:15.018 31999  5550 I Dck     : (REDACTED) [DckNanoAppClient] Stopped Motion Detect for %s.
08-05 14:41:15.018  2393  2682 D libnfc_nci: nfaConnectionCallback: NFA_RF_DISCOVERY_STOPPED_EVT: status = 0
08-05 14:41:15.019  2393  2393 D libnfc_nci: nativeNfcTag_releaseRfInterfaceMutexLock: sRfInterfaceMutex unlock
08-05 14:41:15.020 31999  5550 I Dck     : (REDACTED) disableDckSupport: %s
08-05 14:41:15.020 31999  5550 I Dck     : [WirelessCapabilitiesFeatures] wccSysProp: 3 [CONTEXT service_id=289 ]
08-05 14:41:15.021 31999  5550 I Dck     : [WirelessCapabilitiesFeatures] wccMendel: 3 [CONTEXT service_id=289 ]
08-05 14:41:15.021 31999  5550 I Dck     : [WirelessCapabilitiesFeatures] deviceWccOverride: false [CONTEXT service_id=289 ]
08-05 14:41:15.021 31999  5550 I Dck     : [WirelessCapabilitiesFeatures] replaceSupportedWccWithWccOverride: true [CONTEXT service_id=289 ]
08-05 14:41:15.021 31999  5550 I Dck     : [WirelessCapabilitiesFeatures] wccOverride: not set [CONTEXT service_id=289 ]
08-05 14:41:15.021 31999  5550 I Dck     : (REDACTED) [WirelessCapabilitiesFeatures] wcc: %s
08-05 14:41:15.021  2393  2682 I libnfc_nci: nfaVSCallback: RSP status: 0 to Android proprietary cmd 6
08-05 14:41:15.021 31999  5550 I Dck     : Dck module condition - isDckModuleEligible: true [CONTEXT service_id=289 ]
08-05 14:41:15.021  2393  2393 D libnfc_nci: startRfDiscovery: is start=1
08-05 14:41:15.021  2393  2393 D libnfc_nci: nativeNfcTag_acquireRfInterfaceMutexLock: try to acquire lock
08-05 14:41:15.021  2393  2393 D libnfc_nci: nativeNfcTag_acquireRfInterfaceMutexLock: sRfInterfaceMutex lock
08-05 14:41:15.021 31999  5550 I Dck     : (REDACTED) [GatedIntentOperation] Intent propagated: %s
08-05 14:41:15.021  2393  2682 D libnfc_nci: nfa_dm_set_rf_field_info_ntf:  val = 0x1
08-05 14:41:15.022  2374  2407 W SecureElement-Terminal-eSE1: Enable access control on logical channel for com.google.android.gms
08-05 14:41:15.022 31999  5550 I Dck     : (REDACTED) [DckNanoAppClient] Stopped Motion Detect for %s.
08-05 14:41:15.023  2393  2682 D libnfc_nci: nfaConnectionCallback: NFA_RF_DISCOVERY_STARTED_EVT: status = 0
08-05 14:41:15.023   873   873 D THALES_HAL: SecureElement:openLogicalChannel start
08-05 14:41:15.023  2393  2393 D libnfc_nci: nativeNfcTag_releaseRfInterfaceMutexLock: sRfInterfaceMutex unlock
08-05 14:41:15.023   873   873 D THALES_HAL: SecureElement:initializeSE start
08-05 14:41:15.023  2393  2393 D NfcService: handleMessage: MSG_PREFERRED_PAYMENT_CHANGED
08-05 14:41:15.023 31999  5578 I Dck     : (REDACTED) [DckNanoAppClient] Requesting stop motion detection for %s.
08-05 14:41:15.023  2374  7098 D SecureElementService: getReaders() for com.google.android.nfc
08-05 14:41:15.024   873   873 D THALES_HAL: SecureElement:openConfigFile Open Config file : /vendor/etc/libse-gto-hal.conf
08-05 14:41:15.025   873   873 D THALES_HAL: SecureElement:parseConfigFile Defined node : /dev/st54spi
08-05 14:41:15.025   873   873 D THALES_HAL: INFO:eSE GTO: using /dev/st54spi
08-05 14:41:15.027   857   934 D CHRE    : @ 70567.887: Parsed nanoapp message from host: app ID 0x476f6f676c001028 endpoint 0xd msgType 1 payload size 6
08-05 14:41:15.028   857   934 D CHRE.HAL: Received a nanoapp message from 0x476f6f676c001028 endpoint 0xd: Type 0x2 size 16 
08-05 14:41:15.029   857   934 D CHRE    : @ 70567.888: [DCK][APP_MANAGER] Got host message with type 1 size 6 endpoint 13
08-05 14:41:15.029   857   934 I CHRE    : @ 70567.888: [DCK][APP_MANAGER] *** Receiving StopMotionDetect request ***
08-05 14:41:15.029   857   934 I CHRE    : @ 70567.888: [DCK][APP_MANAGER] StopRequest client type 1
08-05 14:41:15.029   857   934 I CHRE    : @ 70567.888: [DCK][APP_MANAGER] Disable stats caching 0
08-05 14:41:15.029   857   934 D CHRE    : @ 70567.888: [DCK][APP_MANAGER] Delivering response 1 error 1
08-05 14:41:15.033 31999  5550 I Dck     : (REDACTED) disableDckSupport: %s
08-05 14:41:15.033 31999  5550 I Dck     : [WirelessCapabilitiesFeatures] wccSysProp: 3 [CONTEXT service_id=289 ]
08-05 14:41:15.034 31999  5550 I Dck     : [WirelessCapabilitiesFeatures] wccMendel: 3 [CONTEXT service_id=289 ]
08-05 14:41:15.034 31999  5550 I Dck     : [WirelessCapabilitiesFeatures] deviceWccOverride: false [CONTEXT service_id=289 ]
08-05 14:41:15.034 31999  5550 I Dck     : [WirelessCapabilitiesFeatures] replaceSupportedWccWithWccOverride: true [CONTEXT service_id=289 ]
08-05 14:41:15.034 31999  5550 I Dck     : [WirelessCapabilitiesFeatures] wccOverride: not set [CONTEXT service_id=289 ]
08-05 14:41:15.034 31999  5550 I Dck     : (REDACTED) [WirelessCapabilitiesFeatures] wcc: %s
08-05 14:41:15.035 31999  5550 I Dck     : Dck module condition - isDckModuleEligible: true [CONTEXT service_id=289 ]
08-05 14:41:15.035 31999  5550 I Dck     : (REDACTED) [GatedIntentOperation] Intent propagated: %s
08-05 14:41:15.035 31999  5550 I Dck     : (REDACTED) [DckNanoAppClient] Stopped Motion Detect for %s.
08-05 14:41:15.041   873   873 D THALES_HAL: SecureElement:resetSE se_gto_reset start
08-05 14:41:15.046   873   873 D THALES_HAL: SecureElement:resetSE received ATR of 15 bytes
08-05 14:41:15.046   873   873 D THALES_HAL: SecureElement:initializeSE end
08-05 14:41:15.072   873   873 D THALES_HAL: SecureElement:openLogicalChannel Manage channel resp_len = 3
08-05 14:41:15.072   873   873 D THALES_HAL: SecureElement:openLogicalChannel Free memory after manage channel
08-05 14:41:15.072   873   873 D THALES_HAL: SecureElement:openLogicalChannel mSecureElementStatus = 0
08-05 14:41:15.072   873   873 D THALES_HAL: SecureElement:openLogicalChannel Sending selectApdu
08-05 14:41:15.080   873   873 D THALES_HAL: SecureElement:openLogicalChannel selectApdu resp_len = 49
08-05 14:41:15.080   873   873 D THALES_HAL: SecureElement:openLogicalChannel mSecureElementStatus = 0
08-05 14:41:15.080   873   873 D THALES_HAL: SecureElement:openLogicalChannel Free memory after selectApdu
08-05 14:41:15.082 31999  5570 D CCodecBufferChannel: [c2.android.vorbis.decoder#199] MediaCodec discarded an unknown buffer
08-05 14:41:15.082 31999  5570 D CCodecBufferChannel: [c2.android.vorbis.decoder#199] MediaCodec discarded an unknown buffer
08-05 14:41:15.084  1179  2230 I BpBinder: onLastStrongRef automatically unlinking death recipients: android.hardware.media.bufferpool2.IClientManager
08-05 14:41:15.085  1179  2230 D AidlBufferPool: Destruction - bufferpool2 0xb40000735a8d8c68 cached: 0/0M, 0/0% in use; allocs: 0, 0% recycled; transfers: 0, 0% unfetched
08-05 14:41:15.091  2374  2407 I SecureElement-AraController: Refresh tag unchanged. Using access rules from cache.
08-05 14:41:15.092   873   873 D THALES_HAL: SecureElement:closeChannel start
08-05 14:41:15.096   873   873 D THALES_HAL: SecureElement:closeChannel All Channels are closed
08-05 14:41:15.096   873   873 D THALES_HAL: SecureElement:deinitializeSE start
08-05 14:41:15.098   873   873 D THALES_HAL: SecureElement:deinitializeSE end
08-05 14:41:15.098   873   873 D THALES_HAL: SecureElement:closeChannel end
08-05 14:41:15.099   873   873 D THALES_HAL: SecureElement:openLogicalChannel start
08-05 14:41:15.099   873   873 D THALES_HAL: SecureElement:initializeSE start
08-05 14:41:15.099   873   873 D THALES_HAL: SecureElement:openConfigFile Open Config file : /vendor/etc/libse-gto-hal.conf
08-05 14:41:15.099   873   873 D THALES_HAL: SecureElement:parseConfigFile Defined node : /dev/st54spi
08-05 14:41:15.099   873   873 D THALES_HAL: INFO:eSE GTO: using /dev/st54spi
08-05 14:41:15.106 27831 27831 W kbc     : [Gmail] MailSyncAdapterService: MailSyncAdapterService is destroyed! [CONTEXT android_log_tag="MailSyncAdapterService" ]
--------- beginning of system
08-05 14:41:15.106  1407  1407 W JobScheduler.JobStatus: Exempted app com.whoop.android considered buggy
08-05 14:41:15.106  1407  1407 W JobScheduler.JobStatus: Exempted app com.whoop.android considered buggy
08-05 14:41:15.106  1407  1407 W JobScheduler.JobStatus: Exempted app com.whoop.android considered buggy
08-05 14:41:15.106  1407  1407 W JobScheduler.JobStatus: Exempted app com.whoop.android considered buggy
08-05 14:41:15.106  1407  1407 W JobScheduler.JobStatus: Exempted app com.whoop.android considered buggy
08-05 14:41:15.107  1407  1407 W JobScheduler.JobStatus: Exempted app com.whoop.android considered buggy
08-05 14:41:15.107  1407  1407 W JobScheduler.JobStatus: Exempted app com.whoop.android considered buggy
08-05 14:41:15.107  1407  1407 W JobScheduler.JobStatus: Exempted app com.whoop.android considered buggy
08-05 14:41:15.107  1407  1407 W JobScheduler.JobStatus: Exempted app com.whoop.android considered buggy
08-05 14:41:15.107  1407  1407 W JobScheduler.JobStatus: Exempted app com.whoop.android considered buggy
08-05 14:41:15.107  1407  1407 W JobScheduler.JobStatus: Exempted app com.whoop.android considered buggy
08-05 14:41:15.107  1407  1407 W JobScheduler.JobStatus: Exempted app com.whoop.android considered buggy
08-05 14:41:15.107  1407  1407 W JobScheduler.JobStatus: Exempted app com.whoop.android considered buggy
08-05 14:41:15.107  1407  1407 W JobScheduler.JobStatus: Exempted app com.whoop.android considered buggy
08-05 14:41:15.108  1407  1407 W JobScheduler.JobStatus: Exempted app com.whoop.android considered buggy
08-05 14:41:15.115   873   873 D THALES_HAL: SecureElement:resetSE se_gto_reset start
08-05 14:41:15.120   873   873 D THALES_HAL: SecureElement:resetSE received ATR of 15 bytes
08-05 14:41:15.120   873   873 D THALES_HAL: SecureElement:initializeSE end
08-05 14:41:15.132  2287  2652 V l2c_csm : system/stack/l2cap/l2c_csm.cc:1321 l2c_csm_open: LCID: 0x0064  st: OPEN  evt: L2CEVT_L2CAP_DATA(0x14) psm: BT_PSM_RFCOMM(0x0003)
08-05 14:41:15.132  2287  2652 V bluetooth: system/stack/rfcomm/rfc_l2cap_if.cc:323 RFCOMM_BufDataInd: Handling UIH event, buf_len=4, credit=0
08-05 14:41:15.132  2287  2652 V bluetooth: system/stack/rfcomm/rfc_port_fsm.cc:527 rfc_port_sm_opened: RFC_PORT_EVENT_UIH bd_addr:xx:xx:xx:xx:05:91, port_handle:24 dlci:52 scn:26
08-05 14:41:15.132  2287  2652 V rfcomm  : system/stack/rfcomm/port_rfc.cc:841 PORT_DataInd: PORT_DataInd with data length 4, p_mcb:0x70b6f3b188,p_port:0x70b6f3a838,dlci:52
08-05 14:41:15.132  2287  2652 V bluetooth: system/bta/jv/bta_jv_act.cc:1380 bta_jv_port_data_co_cback: p_cb=0x70b6ef3010, p_pcb=0x70b6ef36b8, len=65535, type=1
08-05 14:41:15.133  2287  2652 V l2c_csm : system/stack/l2cap/l2c_csm.cc:1500 l2c_csm_open: Exit chnl_state=CST_OPEN [6], event=L2CEVT_L2CAP_DATA(0x14) [20]
08-05 14:41:15.134  2287  2652 V l2c_csm : system/stack/l2cap/l2c_csm.cc:1321 l2c_csm_open: LCID: 0x0064  st: OPEN  evt: L2CEVT_L2CAP_DATA(0x14) psm: BT_PSM_RFCOMM(0x0003)
08-05 14:41:15.134  2287  2652 V bluetooth: system/stack/rfcomm/rfc_l2cap_if.cc:323 RFCOMM_BufDataInd: Handling UIH event, buf_len=178, credit=0
08-05 14:41:15.134  2287  2652 V bluetooth: system/stack/rfcomm/rfc_port_fsm.cc:527 rfc_port_sm_opened: RFC_PORT_EVENT_UIH bd_addr:xx:xx:xx:xx:05:91, port_handle:24 dlci:52 scn:26
08-05 14:41:15.134  2287  2652 V rfcomm  : system/stack/rfcomm/port_rfc.cc:841 PORT_DataInd: PORT_DataInd with data length 178, p_mcb:0x70b6f3b188,p_port:0x70b6f3a838,dlci:52
08-05 14:41:15.134  2287  2652 V bluetooth: system/bta/jv/bta_jv_act.cc:1380 bta_jv_port_data_co_cback: p_cb=0x70b6ef3010, p_pcb=0x70b6ef36b8, len=65535, type=1
08-05 14:41:15.134  2287  2652 V bt_l2cap: system/stack/l2cap/l2c_api.cc:1482 L2CA_DataWrite: L2CA_DataWrite()  CID: 0x0064  Len: 5
08-05 14:41:15.134  2287  2652 V l2c_csm : system/stack/l2cap/l2c_csm.cc:1321 l2c_csm_open: LCID: 0x0064  st: OPEN  evt: L2CEVT_L2CA_DATA_WRITE(0x1e) psm: BT_PSM_RFCOMM(0x0003)
08-05 14:41:15.134  2287  2652 V l2c_link: system/stack/l2cap/l2c_link.cc:872 l2c_link_check_send_pkts: Direct send, transport=1, xmit_window=12, le_xmit_window=15, sent_not_acked=0, link_xmit_quota=12
08-05 14:41:15.134  2287  2652 V l2c_link: system/stack/l2cap/l2c_link.cc:883 l2c_link_check_send_pkts: No transmit data, skipping
08-05 14:41:15.134  2287  2652 V l2c_link: system/stack/l2cap/l2c_link.cc:894 l2c_link_check_send_pkts: Trying to send other data when single_write is false
08-05 14:41:15.134  2287  2652 V l2c_link: system/stack/l2cap/l2c_link.cc:1177 l2cu_get_next_channel_in_rr: RR service pri=2, quota=4, lcid=0x0064
08-05 14:41:15.134  2287  2652 V l2c_link: system/stack/l2cap/l2c_link.cc:904 l2c_link_check_send_pkts: Sending to lower layer
08-05 14:41:15.134  2287  2652 V l2c_link: system/stack/l2cap/l2c_link.cc:948 l2c_link_send_to_lower_br_edr: TotalWin=11,Hndl=0xb,Quota=12,Unack=1,RRQuota=0,RRUnack=0
08-05 14:41:15.134  2287  2652 V l2c_link: system/stack/l2cap/l2c_link.cc:901 l2c_link_check_send_pkts: No next buffer, skipping
08-05 14:41:15.134  2287  2652 V l2c_csm : system/stack/l2cap/l2c_csm.cc:1500 l2c_csm_open: Exit chnl_state=CST_OPEN [6], event=L2CEVT_L2CA_DATA_WRITE(0x1e) [30]
08-05 14:41:15.134  2287  2652 V l2c_csm : system/stack/l2cap/l2c_csm.cc:1500 l2c_csm_open: Exit chnl_state=CST_OPEN [6], event=L2CEVT_L2CAP_DATA(0x14) [20]
08-05 14:41:15.140 25398  5391 I ActiveUnlock: (REDACTED) unlockGranter for device id: %d is %s
08-05 14:41:15.140 25398  5391 I ActiveUnlock: Relock heartbeat received [CONTEXT service_id=327 ]
08-05 14:41:15.140  2287  2652 V l2c_link: system/stack/l2cap/l2c_link.cc:872 l2c_link_check_send_pkts: Direct send, transport=1, xmit_window=12, le_xmit_window=15, sent_not_acked=0, link_xmit_quota=12
08-05 14:41:15.140  2287  2652 V l2c_link: system/stack/l2cap/l2c_link.cc:883 l2c_link_check_send_pkts: No transmit data, skipping
08-05 14:41:15.140  2287  2652 V l2c_link: system/stack/l2cap/l2c_link.cc:894 l2c_link_check_send_pkts: Trying to send other data when single_write is false
08-05 14:41:15.140  2287  2652 V l2c_link: system/stack/l2cap/l2c_link.cc:901 l2c_link_check_send_pkts: No next buffer, skipping
08-05 14:41:15.146   873   873 D THALES_HAL: SecureElement:openLogicalChannel Manage channel resp_len = 3
08-05 14:41:15.146   873   873 D THALES_HAL: SecureElement:openLogicalChannel Free memory after manage channel
08-05 14:41:15.146   873   873 D THALES_HAL: SecureElement:openLogicalChannel mSecureElementStatus = 0
08-05 14:41:15.146   873   873 D THALES_HAL: SecureElement:openLogicalChannel Sending selectApdu
08-05 14:41:15.149  2287  2747 V bluetooth: system/bta/jv/bta_jv_api.cc:547 BTA_JvRfcommWrite: handle:135, req_id:155, hi:6, si:0
08-05 14:41:15.149  2287  2747 V bluetooth: system/bta/jv/bta_jv_api.cc:553 BTA_JvRfcommWrite: write ok
08-05 14:41:15.149  2287  2652 V bluetooth: system/bta/jv/bta_jv_act.cc:2060 bta_jv_pm_state_change: p_cb=0x70b6ef37e4, jv_handle=0x87, busy/idle_state=1, app_id=1, conn_state=BTA_JV_CONN_BUSY(0x7)
08-05 14:41:15.149  2287  2652 D bt_bta_dm: system/bta/dm/bta_dm_act.cc:889 bta_dm_rm_cback: BTA Role management callback count:0 status:BTA_SYS_CONN_BUSY peer:xx:xx:xx:xx:05:91
08-05 14:41:15.149  2287  2652 V bluetooth: system/bta/dm/bta_dm_pm.cc:427 bta_dm_pm_cback: Power management callback status:BTA_SYS_CONN_BUSY[7] id:BTA_ID_JV[26], app:1
08-05 14:41:15.149  2287  2652 V bluetooth: system/bta/dm/bta_dm_pm.cc:445 bta_dm_pm_cback: Stopped all timers for service to device:xx:xx:xx:xx:05:91 id:BTA_ID_JV[26]
08-05 14:41:15.149  2287  2652 V bluetooth: system/bta/dm/bta_dm_pm.cc:451 bta_dm_pm_cback: Device info:0x00:none
08-05 14:41:15.149  2287  2652 V bluetooth: system/bta/dm/bta_dm_pm.cc:180 bta_dm_pm_stop_timer: 
08-05 14:41:15.149  2287  2652 V bluetooth: system/bta/dm/bta_dm_pm.cc:528 bta_dm_pm_cback: bta_dm_pm_stop_timer for current service, restart other service timers: count = 3
08-05 14:41:15.149  2287  2652 V bluetooth: system/bta/dm/bta_dm_pm.cc:630 bta_dm_pm_set_mode: Service:BTA_ID_AG[5] state:BTA_SYS_CONN_IDLE[6] allowed_modes:0x30 service_index:1
08-05 14:41:15.149  2287  2652 V bluetooth: system/bta/dm/bta_dm_pm.cc:630 bta_dm_pm_set_mode: Service:BTA_ID_JV[26] state:BTA_SYS_CONN_BUSY[7] allowed_modes:0x30 service_index:17
08-05 14:41:15.149  2287  2652 V bluetooth: system/bta/dm/bta_dm_pm.cc:630 bta_dm_pm_set_mode: Service:BTA_ID_JV[26] state:BTA_SYS_CONN_IDLE[6] allowed_modes:0x30 service_index:18
08-05 14:41:15.149  2287  2652 V bluetooth: system/bta/dm/bta_dm_pm.cc:738 bta_dm_pm_set_mode: Setting link to active mode peer:xx:xx:xx:xx:05:91
08-05 14:41:15.149  2287  2652 D bt_btm_pm: system/stack/acl/btm_pm.cc:229 BTM_SetPowerMode: Device is already in requested mode 0, interval: 0, max: 0, min: 0
08-05 14:41:15.149  2287  2652 D bluetooth: system/bta/dm/bta_dm_pm.cc:987 bta_dm_pm_active: Active power mode already set for device:xx:xx:xx:xx:05:91
08-05 14:41:15.149  2287  2652 V bt_port_api: system/stack/rfcomm/port_api.cc:902 PORT_WriteDataCO: handle:24
08-05 14:41:15.149  2287  2652 V bluetooth: system/bta/jv/bta_jv_act.cc:1380 bta_jv_port_data_co_cback: p_cb=0x70b6ef3010, p_pcb=0x70b6ef36b8, len=4, type=2
08-05 14:41:15.149  2287  2652 V bluetooth: system/bta/jv/bta_jv_act.cc:1380 bta_jv_port_data_co_cback: p_cb=0x70b6ef3010, p_pcb=0x70b6ef36b8, len=178, type=3
08-05 14:41:15.149  2287  2652 V bt_port_api: system/stack/rfcomm/port_api.cc:1004 PORT_WriteDataCO: 178 bytes
08-05 14:41:15.149  2287  2652 V bt_port_api: system/stack/rfcomm/port_api.cc:877 port_write: Data is being sent
08-05 14:41:15.149  2287  2652 V bluetooth: system/stack/rfcomm/rfc_port_fsm.cc:480 rfc_port_sm_opened: RFC_PORT_EVENT_DATA bd_addr:xx:xx:xx:xx:05:91 port_handle:24 dlci:52 scn:26
08-05 14:41:15.149  2287  2652 V bt_l2cap: system/stack/l2cap/l2c_api.cc:1482 L2CA_DataWrite: L2CA_DataWrite()  CID: 0x0064  Len: 183
08-05 14:41:15.149  2287  2652 V l2c_csm : system/stack/l2cap/l2c_csm.cc:1321 l2c_csm_open: LCID: 0x0064  st: OPEN  evt: L2CEVT_L2CA_DATA_WRITE(0x1e) psm: BT_PSM_RFCOMM(0x0003)
08-05 14:41:15.149  2287  2652 V l2c_link: system/stack/l2cap/l2c_link.cc:872 l2c_link_check_send_pkts: Direct send, transport=1, xmit_window=12, le_xmit_window=15, sent_not_acked=0, link_xmit_quota=12
08-05 14:41:15.149  2287  2652 V l2c_link: system/stack/l2cap/l2c_link.cc:883 l2c_link_check_send_pkts: No transmit data, skipping
08-05 14:41:15.149  2287  2652 V l2c_link: system/stack/l2cap/l2c_link.cc:894 l2c_link_check_send_pkts: Trying to send other data when single_write is false
08-05 14:41:15.149  2287  2652 V l2c_link: system/stack/l2cap/l2c_link.cc:1177 l2cu_get_next_channel_in_rr: RR service pri=2, quota=4, lcid=0x0064
08-05 14:41:15.149  2287  2652 V l2c_link: system/stack/l2cap/l2c_link.cc:904 l2c_link_check_send_pkts: Sending to lower layer
08-05 14:41:15.149  2287  2652 V l2c_link: system/stack/l2cap/l2c_link.cc:948 l2c_link_send_to_lower_br_edr: TotalWin=11,Hndl=0xb,Quota=12,Unack=1,RRQuota=0,RRUnack=0
08-05 14:41:15.149  2287  2652 V l2c_link: system/stack/l2cap/l2c_link.cc:901 l2c_link_check_send_pkts: No next buffer, skipping
08-05 14:41:15.149  2287  2652 V l2c_csm : system/stack/l2cap/l2c_csm.cc:1500 l2c_csm_open: Exit chnl_state=CST_OPEN [6], event=L2CEVT_L2CA_DATA_WRITE(0x1e) [30]
08-05 14:41:15.149  2287  2652 V bluetooth: system/bta/jv/bta_jv_act.cc:1486 bta_jv_port_event_cl_cback: port_handle=24
08-05 14:41:15.149  2287  2652 V bluetooth: system/bta/jv/bta_jv_act.cc:1491 bta_jv_port_event_cl_cback: code=0x4, port_handle=24, rfc_handle=135
08-05 14:41:15.149  2287  2652 V bluetooth: system/bta/jv/bta_jv_act.cc:2060 bta_jv_pm_state_change: p_cb=0x70b6ef37e4, jv_handle=0x87, busy/idle_state=2, app_id=1, conn_state=BTA_JV_CONN_IDLE(0x6)
08-05 14:41:15.149  2287  2652 D bt_bta_dm: system/bta/dm/bta_dm_act.cc:889 bta_dm_rm_cback: BTA Role management callback count:0 status:BTA_SYS_CONN_IDLE peer:xx:xx:xx:xx:05:91
08-05 14:41:15.149  2287  2652 V bluetooth: system/bta/dm/bta_dm_pm.cc:427 bta_dm_pm_cback: Power management callback status:BTA_SYS_CONN_IDLE[6] id:BTA_ID_JV[26], app:1
08-05 14:41:15.149  2287  2652 V bluetooth: system/bta/dm/bta_dm_pm.cc:445 bta_dm_pm_cback: Stopped all timers for service to device:xx:xx:xx:xx:05:91 id:BTA_ID_JV[26]
08-05 14:41:15.149  2287  2652 V bluetooth: system/bta/dm/bta_dm_pm.cc:451 bta_dm_pm_cback: Device info:0x00:none
08-05 14:41:15.149  2287  2652 V bluetooth: system/bta/dm/bta_dm_pm.cc:180 bta_dm_pm_stop_timer: 
08-05 14:41:15.149  2287  2652 V bluetooth: system/bta/dm/bta_dm_pm.cc:528 bta_dm_pm_cback: bta_dm_pm_stop_timer for current service, restart other service timers: count = 3
08-05 14:41:15.149  2287  2652 V bluetooth: system/bta/dm/bta_dm_pm.cc:630 bta_dm_pm_set_mode: Service:BTA_ID_AG[5] state:BTA_SYS_CONN_IDLE[6] allowed_modes:0x30 service_index:1
08-05 14:41:15.149  2287  2652 V bluetooth: system/bta/dm/bta_dm_pm.cc:630 bta_dm_pm_set_mode: Service:BTA_ID_JV[26] state:BTA_SYS_CONN_IDLE[6] allowed_modes:0x30 service_index:17
08-05 14:41:15.149  2287  2652 V bluetooth: system/bta/dm/bta_dm_pm.cc:630 bta_dm_pm_set_mode: Service:BTA_ID_JV[26] state:BTA_SYS_CONN_IDLE[6] allowed_modes:0x30 service_index:18
08-05 14:41:15.149  2287  2652 V bt_btif_sock_rfcomm: system/btif/src/btif_sock_rfc.cc:990 rfcomm_cback: handling BTA_JV_RFCOMM_WRITE_EVT, slot_id:155
08-05 14:41:15.152 25398  5391 I ActiveUnlock: (REDACTED) Heartbeat tick: missedHeartbeats: %s | totalHeartbeats: %s
08-05 14:41:15.155  2287  2652 V l2c_link: system/stack/l2cap/l2c_link.cc:872 l2c_link_check_send_pkts: Direct send, transport=1, xmit_window=12, le_xmit_window=15, sent_not_acked=0, link_xmit_quota=12
08-05 14:41:15.155  2287  2652 V l2c_link: system/stack/l2cap/l2c_link.cc:883 l2c_link_check_send_pkts: No transmit data, skipping
08-05 14:41:15.155  2287  2652 V l2c_link: system/stack/l2cap/l2c_link.cc:894 l2c_link_check_send_pkts: Trying to send other data when single_write is false
08-05 14:41:15.155  2287  2652 V l2c_link: system/stack/l2cap/l2c_link.cc:901 l2c_link_check_send_pkts: No next buffer, skipping
08-05 14:41:15.160   873   873 D THALES_HAL: SecureElement:openLogicalChannel selectApdu resp_len = 6
08-05 14:41:15.160   873   873 D THALES_HAL: SecureElement:openLogicalChannel mSecureElementStatus = 0
08-05 14:41:15.160   873   873 D THALES_HAL: SecureElement:openLogicalChannel Free memory after selectApdu
08-05 14:41:15.161  2374  2407 I SecureElementService: openLogicalChannel() Success. Channel: 1
08-05 14:41:15.162 31999  1086 I Dck     : (REDACTED) Logical channel opened for AID: %s
08-05 14:41:15.163 31999  1086 I Dck     : (REDACTED) Channel open response: %s
08-05 14:41:15.163   873   873 D THALES_HAL: SecureElement:closeChannel start
08-05 14:41:15.165  2393  2393 D CardEmulationManager: updateFirmwareExitFramesForWalletRole: 4 frames
08-05 14:41:15.165  2393  2393 D libnfc_nci: nfcManager_setFirmwareExitFrameTable: Setting firmware exit frame table
08-05 14:41:15.165  2393  2393 D libnfc_nci: startRfDiscovery: is start=0
08-05 14:41:15.165  2393  2393 D libnfc_nci: nativeNfcTag_acquireRfInterfaceMutexLock: try to acquire lock
08-05 14:41:15.165  2393  2393 D libnfc_nci: nativeNfcTag_acquireRfInterfaceMutexLock: sRfInterfaceMutex lock
08-05 14:41:15.166  2393  2682 D libnfc_nci: nfaConnectionCallback: NFA_RF_DISCOVERY_STOPPED_EVT: status = 0
08-05 14:41:15.166  2393  2393 D libnfc_nci: nativeNfcTag_releaseRfInterfaceMutexLock: sRfInterfaceMutex unlock
08-05 14:41:15.168  2393  2682 I libnfc_nci: nfaVSCallback: RSP status: 0 to Android proprietary cmd 6
08-05 14:41:15.168  2393  2393 D libnfc_nci: startRfDiscovery: is start=1
08-05 14:41:15.168  2393  2393 D libnfc_nci: nativeNfcTag_acquireRfInterfaceMutexLock: try to acquire lock
08-05 14:41:15.168  2393  2393 D libnfc_nci: nativeNfcTag_acquireRfInterfaceMutexLock: sRfInterfaceMutex lock
08-05 14:41:15.168  2393  2682 D libnfc_nci: nfa_dm_set_rf_field_info_ntf:  val = 0x1
08-05 14:41:15.169  2393  2682 D libnfc_nci: nfaConnectionCallback: NFA_RF_DISCOVERY_STARTED_EVT: status = 0
08-05 14:41:15.170  2393  2393 D libnfc_nci: nativeNfcTag_releaseRfInterfaceMutexLock: sRfInterfaceMutex unlock
08-05 14:41:15.170  2393  2393 D NfcService: handleMessage: MSG_PREFERRED_PAYMENT_CHANGED
08-05 14:41:15.170  2374  2407 D SecureElementService: getReaders() for com.google.android.nfc
08-05 14:41:15.170   873   873 D THALES_HAL: SecureElement:closeChannel All Channels are closed
08-05 14:41:15.170   873   873 D THALES_HAL: SecureElement:deinitializeSE start
08-05 14:41:15.172   873   873 D THALES_HAL: SecureElement:deinitializeSE end
08-05 14:41:15.172   873   873 D THALES_HAL: SecureElement:closeChannel end
08-05 14:41:15.172 31999  1086 I Dck     : (REDACTED) DCK applet found with reader: %s
08-05 14:41:15.173 31999  1086 I Dck     : (REDACTED) Opening session with reader: %s
08-05 14:41:15.173  2374  2407 W SecureElement-Terminal-eSE1: Enable access control on logical channel for com.google.android.gms
08-05 14:41:15.174   873   873 D THALES_HAL: SecureElement:openLogicalChannel start
08-05 14:41:15.174   873   873 D THALES_HAL: SecureElement:initializeSE start
08-05 14:41:15.174   873   873 D THALES_HAL: SecureElement:openConfigFile Open Config file : /vendor/etc/libse-gto-hal.conf
08-05 14:41:15.174   873   873 D THALES_HAL: SecureElement:parseConfigFile Defined node : /dev/st54spi
08-05 14:41:15.174   873   873 D THALES_HAL: INFO:eSE GTO: using /dev/st54spi
08-05 14:41:15.175  2287  2661 V bluetooth: system/gd/hci/le_scanning_reassembler.cc:96 ProcessAdvertisingReport: Full advertising report has been reassembled
08-05 14:41:15.175  2287  2652 V bt_btm_ble: system/stack/btm/btm_ble_gap.cc:1955 btm_ble_process_adv_addr: bda=xx:xx:xx:xx:c1:b4
08-05 14:41:15.175  2287  2652 V bt_btm_ble: system/stack/btm/btm_ble_gap.cc:1946 btm_ble_update_inq_result: NOT_BR/EDR support bit set, treat device as LE only
08-05 14:41:15.176  2287  2703 V ScanController: onScanResult() - eventType=0x0, addressType=1, address=XX:XX:XX:XX:C1:B4, primaryPhy=1, secondaryPhy=1, advertisingSid=0x1, txPower=127, rssi=-83, periodicAdvInt=0x0, originalAddress=00:00:00:00:00:00
08-05 14:41:15.176  2287  2703 V ScanController: Legacy scan, non legacy result; skip.
08-05 14:41:15.176  2287  2703 V ScanController: Skipping client: permission=true matches=false
08-05 14:41:15.176  2287  2703 V ScanController: Legacy scan, non legacy result; skip.
08-05 14:41:15.177  2287  2703 V ScanController: Legacy scan, non legacy result; skip.
08-05 14:41:15.191   873   873 D THALES_HAL: SecureElement:resetSE se_gto_reset start
08-05 14:41:15.196   873   873 D THALES_HAL: SecureElement:resetSE received ATR of 15 bytes
08-05 14:41:15.196   873   873 D THALES_HAL: SecureElement:initializeSE end
08-05 14:41:15.221   873   873 D THALES_HAL: SecureElement:openLogicalChannel Manage channel resp_len = 3
08-05 14:41:15.221   873   873 D THALES_HAL: SecureElement:openLogicalChannel Free memory after manage channel
08-05 14:41:15.221   873   873 D THALES_HAL: SecureElement:openLogicalChannel mSecureElementStatus = 0
08-05 14:41:15.221   873   873 D THALES_HAL: SecureElement:openLogicalChannel Sending selectApdu
08-05 14:41:15.228  2287  2661 V bluetooth: system/gd/hci/le_scanning_reassembler.cc:62 ProcessAdvertisingReport: Dropping repeated legacy advertising data
08-05 14:41:15.228  2287  2661 V bluetooth: system/gd/hci/le_scanning_reassembler.cc:96 ProcessAdvertisingReport: Full advertising report has been reassembled
08-05 14:41:15.228  2287  2652 V bt_btm_ble: system/stack/btm/btm_ble_gap.cc:1955 btm_ble_process_adv_addr: bda=xx:xx:xx:xx:e9:e3
08-05 14:41:15.228  2287  2652 V bt_btm_ble: system/stack/btm/btm_ble_gap.cc:1946 btm_ble_update_inq_result: NOT_BR/EDR support bit set, treat device as LE only
08-05 14:41:15.229  2287  2703 V ScanController: onScanResult() - eventType=0x10, addressType=1, address=XX:XX:XX:XX:E9:E3, primaryPhy=1, secondaryPhy=0, advertisingSid=0xff, txPower=127, rssi=-83, periodicAdvInt=0x0, originalAddress=00:00:00:00:00:00
08-05 14:41:15.229  2287  2703 V ScanController: Skipping client: permission=true matches=false
08-05 14:41:15.229  2287  2703 V ScanController: Skipping client: permission=true matches=false
08-05 14:41:15.229  2287  2703 V ScanController: Skipping client: permission=true matches=false
08-05 14:41:15.229  2287  2703 V ScanController: Skipping client: permission=true matches=false
08-05 14:41:15.230   873   873 D THALES_HAL: SecureElement:openLogicalChannel selectApdu resp_len = 49
08-05 14:41:15.230   873   873 D THALES_HAL: SecureElement:openLogicalChannel mSecureElementStatus = 0
08-05 14:41:15.231   873   873 D THALES_HAL: SecureElement:openLogicalChannel Free memory after selectApdu
08-05 14:41:15.242  2374  2407 I SecureElement-AraController: Refresh tag unchanged. Using access rules from cache.
08-05 14:41:15.242   873   873 D THALES_HAL: SecureElement:closeChannel start
08-05 14:41:15.247   873   873 D THALES_HAL: SecureElement:closeChannel All Channels are closed
08-05 14:41:15.247   873   873 D THALES_HAL: SecureElement:deinitializeSE start
08-05 14:41:15.249   873   873 D THALES_HAL: SecureElement:deinitializeSE end
08-05 14:41:15.249   873   873 D THALES_HAL: SecureElement:closeChannel end
08-05 14:41:15.249   873   873 D THALES_HAL: SecureElement:openLogicalChannel start
08-05 14:41:15.249   873   873 D THALES_HAL: SecureElement:initializeSE start
08-05 14:41:15.249   873   873 D THALES_HAL: SecureElement:openConfigFile Open Config file : /vendor/etc/libse-gto-hal.conf
08-05 14:41:15.249   873   873 D THALES_HAL: SecureElement:parseConfigFile Defined node : /dev/st54spi
08-05 14:41:15.249   873   873 D THALES_HAL: INFO:eSE GTO: using /dev/st54spi
08-05 14:41:15.266   873   873 D THALES_HAL: SecureElement:resetSE se_gto_reset start
08-05 14:41:15.271   873   873 D THALES_HAL: SecureElement:resetSE received ATR of 15 bytes
08-05 14:41:15.271   873   873 D THALES_HAL: SecureElement:initializeSE end
08-05 14:41:15.297   873   873 D THALES_HAL: SecureElement:openLogicalChannel Manage channel resp_len = 3
08-05 14:41:15.297   873   873 D THALES_HAL: SecureElement:openLogicalChannel Free memory after manage channel
08-05 14:41:15.297   873   873 D THALES_HAL: SecureElement:openLogicalChannel mSecureElementStatus = 0
08-05 14:41:15.297   873   873 D THALES_HAL: SecureElement:openLogicalChannel Sending selectApdu
08-05 14:41:15.310   873   873 D THALES_HAL: SecureElement:openLogicalChannel selectApdu resp_len = 6
08-05 14:41:15.310   873   873 D THALES_HAL: SecureElement:openLogicalChannel mSecureElementStatus = 0
08-05 14:41:15.310   873   873 D THALES_HAL: SecureElement:openLogicalChannel Free memory after selectApdu
08-05 14:41:15.311  2374  2407 I SecureElementService: openLogicalChannel() Success. Channel: 1
08-05 14:41:15.312 31999  1086 I Dck     : (REDACTED) Logical channel opened for AID: %s
08-05 14:41:15.313 31999  1086 I Dck     : (REDACTED) Channel open response: %s
08-05 14:41:15.313 31999  1086 I Dck     : (REDACTED) DCK applet channel acquired by %s
08-05 14:41:15.317 31999  1086 I Dck     : (REDACTED) Sending command: %s
08-05 14:41:15.323 31999  5582 W Dck     : [DckEvents] No active account found in account PDS [CONTEXT service_id=289 ]
08-05 14:41:15.328 31999  1086 I Dck     : (REDACTED) Received response: %s
08-05 14:41:15.329   873   873 D THALES_HAL: SecureElement:closeChannel start
08-05 14:41:15.336   873   873 D THALES_HAL: SecureElement:closeChannel All Channels are closed
08-05 14:41:15.336   873   873 D THALES_HAL: SecureElement:deinitializeSE start
08-05 14:41:15.337   873   873 D THALES_HAL: SecureElement:deinitializeSE end
08-05 14:41:15.337   873   873 D THALES_HAL: SecureElement:closeChannel end
08-05 14:41:15.338 31999  1086 I Dck     : (REDACTED) Channel closed for client %s
08-05 14:41:15.338 31999  1086 I Dck     : (REDACTED) found Instance CAs on secure element; %s
08-05 14:41:15.338 31999  1086 I Dck     : (REDACTED) found Instance CAs in local storage; %s
08-05 14:41:15.339 31999  1086 I Dck     : reconciling keys [CONTEXT service_id=289 ]
08-05 14:41:15.339 31999  1086 I Dck     : (REDACTED) Open channel requested by %s
08-05 14:41:15.340  2374  2407 W SecureElement-Terminal-eSE1: Enable access control on logical channel for com.google.android.gms
08-05 14:41:15.341   873   873 D THALES_HAL: SecureElement:openLogicalChannel start
08-05 14:41:15.341   873   873 D THALES_HAL: SecureElement:initializeSE start
08-05 14:41:15.341   873   873 D THALES_HAL: SecureElement:openConfigFile Open Config file : /vendor/etc/libse-gto-hal.conf
08-05 14:41:15.341   873   873 D THALES_HAL: SecureElement:parseConfigFile Defined node : /dev/st54spi
08-05 14:41:15.341   873   873 D THALES_HAL: INFO:eSE GTO: using /dev/st54spi
08-05 14:41:15.345 31999 32016 W Dck     : [DckEvents] No active account found in account PDS [CONTEXT service_id=289 ]
08-05 14:41:15.348  5434  5556 I cn_CronetUrlRequestContext: destroyNativeStreamLocked org.chromium.net.impl.CronetBidirectionalStream@e93398e
08-05 14:41:15.358   873   873 D THALES_HAL: SecureElement:resetSE se_gto_reset start
08-05 14:41:15.361  5434  5481 I BugleNetwork: RegistrationProvider: Received Tachyon registration refresh token
08-05 14:41:15.367   873   873 D THALES_HAL: SecureElement:resetSE received ATR of 15 bytes
08-05 14:41:15.367   873   873 D THALES_HAL: SecureElement:initializeSE end
08-05 14:41:15.373  5434  5492 I BugleProtoData: TachyonPhoneDataService: Setting probationary values, state: 3, client feature flags: [6, 15], client capabilities extension: [# fdav@903cf161, # fdav@21a40069, # fdav@e07b5824, # fdav@d53aab91, # fdav@1575ce86, # fdav@a2ba5d75, # fdav@4e083e2b, # fdav@6e0da6cf, # fdav@5fe00964, # fdav@5a823ddb, # fdav@7f9bd6b7, # fdav@b2051f47, # fdav@db7b0b8c, # fdav@12c40670, # fdav@14f9d732, # fdav@4b92e0b7, # fdav@6db73379, # fdav@5d8c23e4, # fdav@8a0c8992, # fdav@67d273c6, # fdav@67e25aa1, # fdav@2216766b], client caps: [3, 1, 2, 5]
08-05 14:41:15.376  5434  5513 I BugleE2eeEtouffee: EtouffeeStateMachine: onRegistrationUpdate from Tachyon, previousState: REGISTERED_WITH_PREKEYS, newState: REGISTERED_WITH_PREKEYS, reason: TACHYON_UPDATE_REFRESH
08-05 14:41:15.378  5434  5513 I BugleE2eeMls: MLS provisioning not enabled, skip certificate refresh with KDS
08-05 14:41:15.378  5434  5492 I BugleE2eeEtouffee: EtouffeeStateMachine: E2EE provisioning state update, Previous Etouffee status: PROVISIONED, New Etouffee status: PROVISIONED
08-05 14:41:15.382  5434  5524 I BugleNetwork: Issuing a new PullMessages RPC [CONTEXT PullHandler="TACHYON_REGISTRATION_TYPE_PHONE_NUMBER" ]
08-05 14:41:15.392   873   873 D THALES_HAL: SecureElement:openLogicalChannel Manage channel resp_len = 3
08-05 14:41:15.392   873   873 D THALES_HAL: SecureElement:openLogicalChannel Free memory after manage channel
08-05 14:41:15.392   873   873 D THALES_HAL: SecureElement:openLogicalChannel mSecureElementStatus = 0
08-05 14:41:15.392   873   873 D THALES_HAL: SecureElement:openLogicalChannel Sending selectApdu
08-05 14:41:15.401   873   873 D THALES_HAL: SecureElement:openLogicalChannel selectApdu resp_len = 49
08-05 14:41:15.401   873   873 D THALES_HAL: SecureElement:openLogicalChannel mSecureElementStatus = 0
08-05 14:41:15.401   873   873 D THALES_HAL: SecureElement:openLogicalChannel Free memory after selectApdu
08-05 14:41:15.413  2374  2407 I SecureElement-AraController: Refresh tag unchanged. Using access rules from cache.
08-05 14:41:15.413   873   873 D THALES_HAL: SecureElement:closeChannel start
08-05 14:41:15.418   873   873 D THALES_HAL: SecureElement:closeChannel All Channels are closed
08-05 14:41:15.419   873   873 D THALES_HAL: SecureElement:deinitializeSE start
08-05 14:41:15.420   873   873 D THALES_HAL: SecureElement:deinitializeSE end
08-05 14:41:15.420   873   873 D THALES_HAL: SecureElement:closeChannel end
08-05 14:41:15.421   873   873 D THALES_HAL: SecureElement:openLogicalChannel start
08-05 14:41:15.421   873   873 D THALES_HAL: SecureElement:initializeSE start
08-05 14:41:15.421   873   873 D THALES_HAL: SecureElement:openConfigFile Open Config file : /vendor/etc/libse-gto-hal.conf
08-05 14:41:15.421   873   873 D THALES_HAL: SecureElement:parseConfigFile Defined node : /dev/st54spi
08-05 14:41:15.421   873   873 D THALES_HAL: INFO:eSE GTO: using /dev/st54spi
08-05 14:41:15.421  5434  5492 W .apps.messaging: ClassLoaderContext classpath size mismatch. expected=1, found=0 (DLC[];PCL[base.apk*4138776503]{PCL[/system/framework/org.apache.http.legacy.jar*4247870504]#PCL[/system/framework/com.android.media.remotedisplay.jar*487574312]#PCL[/system/framework/com.android.location.provider.jar*1570284764]#PCL[/system_ext/framework/org.carconnectivity.android.digitalkey.timesync.jar*889882842]#PCL[/system_ext/framework/androidx.window.extensions.jar*1030441313]#PCL[/system_ext/framework/androidx.window.sidecar.jar*3860983653]} | DLC[];PCL[])
08-05 14:41:15.427  5434  5492 I DynamiteModule: Considering local module com.google.android.gms.cronet_dynamite:0 and remote module com.google.android.gms.cronet_dynamite:3811
08-05 14:41:15.428  5434  5492 I DynamiteModule: Selected remote version of com.google.android.gms.cronet_dynamite, version >= 3811
08-05 14:41:15.428  5434  5492 V DynamiteModule: Dynamite loader version >= 2, using loadModule2NoCrashUtils
08-05 14:41:15.438   873   873 D THALES_HAL: SecureElement:resetSE se_gto_reset start
08-05 14:41:15.443   873   873 D THALES_HAL: SecureElement:resetSE received ATR of 15 bytes
08-05 14:41:15.443   873   873 D THALES_HAL: SecureElement:initializeSE end
08-05 14:41:15.444  5434  5492 W System  : ClassLoader referenced unknown path: 
08-05 14:41:15.445  5434  5492 D nativeloader: Configuring clns-11 for other apk . target_sdk_version=36, uses_libraries=, library_path=/data/app/~~9OPS7GJJ3k-S5ZaR19eAlg==/com.google.android.gms-adynyJ8tUfRkwC66scg_Cg==/lib/arm64:/data/app/~~9OPS7GJJ3k-S5ZaR19eAlg==/com.google.android.gms-adynyJ8tUfRkwC66scg_Cg==/base.apk!/lib/arm64-v8a, permitted_path=/data:/mnt/expand:/data/user/0/com.google.android.gms
08-05 14:41:15.455  5434  5492 I .apps.messaging: AssetManager2(0xb4000072458e20f8) locale list changing from [] to [en-US]
08-05 14:41:15.469   873   873 D THALES_HAL: SecureElement:openLogicalChannel Manage channel resp_len = 3
08-05 14:41:15.469   873   873 D THALES_HAL: SecureElement:openLogicalChannel Free memory after manage channel
08-05 14:41:15.469   873   873 D THALES_HAL: SecureElement:openLogicalChannel mSecureElementStatus = 0
08-05 14:41:15.469   873   873 D THALES_HAL: SecureElement:openLogicalChannel Sending selectApdu
08-05 14:41:15.471  5434  5492 W .apps.messaging: ClassLoaderContext classpath element checksum mismatch. expected=4138776503, found=3036837495 (DLC[];PCL[base.apk*4138776503]{PCL[/system/framework/org.apache.http.legacy.jar*4247870504]#PCL[/system/framework/com.android.media.remotedisplay.jar*487574312]#PCL[/system/framework/com.android.location.provider.jar*1570284764]#PCL[/system_ext/framework/org.carconnectivity.android.digitalkey.timesync.jar*889882842]#PCL[/system_ext/framework/androidx.window.extensions.jar*1030441313]#PCL[/system_ext/framework/androidx.window.sidecar.jar*3860983653]} | DLC[];PCL[/data/app/~~KLrmtaT4fl37SZ592GsyKA==/com.google.android.apps.messaging-nDxVtu0Qj9BSHhpwKYxiEw==/base.apk*3036837495]{PCL[/system/framework/org.apache.http.legacy.jar*4247870504]#PCL[/system_ext/framework/SatelliteClient.jar*339338149]#PCL[/system_ext/framework/androidx.window.extensions.jar*1030441313]#PCL[/system_ext/framework/androidx.window.sidecar.jar*3860983653]})
08-05 14:41:15.481  5434  5492 I .apps.messaging: AssetManager2(0xb4000072458de598) locale list changing from [] to [en-US]
08-05 14:41:15.481  5434  5492 I .apps.messaging: AssetManager2(0xb4000072458e1798) locale list changing from [] to [en-US]
08-05 14:41:15.482   873   873 D THALES_HAL: SecureElement:openLogicalChannel selectApdu resp_len = 6
08-05 14:41:15.482   873   873 D THALES_HAL: SecureElement:openLogicalChannel mSecureElementStatus = 0
08-05 14:41:15.482   873   873 D THALES_HAL: SecureElement:openLogicalChannel Free memory after selectApdu
08-05 14:41:15.483  2374  2407 I SecureElementService: openLogicalChannel() Success. Channel: 1
08-05 14:41:15.483 31999  1086 I Dck     : (REDACTED) Logical channel opened for AID: %s
08-05 14:41:15.484 31999  1086 I Dck     : (REDACTED) Channel open response: %s
08-05 14:41:15.484 31999  1086 I Dck     : (REDACTED) DCK applet channel acquired by %s
08-05 14:41:15.486 31999  1086 I Dck     : (REDACTED) Sending command: %s
