                                                                                                       └─ NutritionDatabase: 244ms (Success)
                                                                                                       └─ CreatePhotoMealExtractor: 10ms

2025-08-04 18:55:16.300 12157-12240 AppContainer            com.stel.gemmunch.debug              D  🔥 Pre-warming session #1...
2025-08-04 18:55:16.300 12157-12238 MainViewModel           com.stel.gemmunch.debug              I  AI Components initialized successfully.
2025-08-04 18:55:16.300 12157-12238 MainViewModel           com.stel.gemmunch.debug              I  === INITIALIZATION METRICS ===
Total Initialization Time: 226.6s

                                                                                                    📊 ApplicationStartup: 2ms
                                                                                                       └─ CreateAppContainer: 1ms
                                                                                                       └─ InitializePreferences: 1ms
                                                                                                    
                                                                                                    📊 ViewModelInitialization: 226.5s
                                                                                                       └─ CheckModels: 0ms (Found 2/2 models)
                                                                                                       └─ InitializeAppContainer: 226.5s
                                                                                                    
                                                                                                    📊 AIInitialization: 226.5s
                                                                                                       └─ ModelSelection: 0ms (Model: GEMMA_3N_E4B_MODEL, Size: 4201MB)
                                                                                                       └─ AccelerationService: 85ms (Validated config received)
                                                                                                       └─ CreateLlmInference: 226.1s (AccelerationService)
                                                                                                       └─ CreateSessionOptions: 16ms
                                                                                                       └─ NutritionDatabase: 244ms (Success)
                                                                                                       └─ CreatePhotoMealExtractor: 10ms
                                                                                                    
                                                                                                    📊 SessionPrewarming: 1ms

2025-08-04 18:55:16.613 12157-12240 tflite                  com.stel.gemmunch.debug              I  Replacing 1448 out of 1448 node(s) with delegate (ML_DRIFT_CL) node, yielding 1 partitions for subgraph 0.
2025-08-04 18:55:16.683 12157-12157 .gemmunch.debug         com.stel.gemmunch.debug              I  Waiting for a blocking GC NativeAlloc
2025-08-04 18:55:16.743 12157-12162 .gemmunch.debug         com.stel.gemmunch.debug              I  NativeAlloc concurrent mark compact GC freed 2247KB AllocSpace bytes, 3(64KB) LOS objects, 75% free, 7878KB/31MB, paused 411us,3.309ms total 303.597ms
2025-08-04 18:55:16.743 12157-12157 .gemmunch.debug         com.stel.gemmunch.debug              I  WaitForGcToComplete blocked NativeAlloc on NativeAlloc for 60.463ms
2025-08-04 18:55:16.767 12157-12164 System                  com.stel.gemmunch.debug              W  A resource failed to call close.
2025-08-04 18:55:16.767 12157-12164 System                  com.stel.gemmunch.debug              W  A resource failed to call SQLiteConnectionPool.close.
2025-08-04 18:55:16.768 12157-12164 SQLiteConnectionPool    com.stel.gemmunch.debug              W  A SQLiteConnection object for database ':memory:' was leaked!  Please fix your application to end transactions in progress properly and to close the database when it is no longer needed.
2025-08-04 18:55:16.768 12157-12164 System                  com.stel.gemmunch.debug              W  A resource failed to call SQLiteConnection.close.
2025-08-04 18:55:16.857 12157-12157 AppContainer            com.stel.gemmunch.debug              D  Cannot pre-warm: session already pre-warmed, in progress, or in use
2025-08-04 18:55:16.881 12157-12157 Choreographer           com.stel.gemmunch.debug              I  Skipped 68 frames!  The application may be doing too much work on its main thread.
2025-08-04 18:55:33.349 12157-12240 tflite                  com.stel.gemmunch.debug              I  Replacing 18 out of 19 node(s) with delegate (TfLiteXNNPackDelegate) node, yielding 2 partitions for subgraph 0.
2025-08-04 18:55:33.404 12157-12240 tflite                  com.stel.gemmunch.debug              I  Replacing 1 out of 2 node(s) with delegate (TfLiteXNNPackDelegate) node, yielding 2 partitions for subgraph 1.
2025-08-04 18:55:33.417 12157-12240 AppContainer            com.stel.gemmunch.debug              D  ✅ Session #1 pre-warmed and ready in 17117ms

==============================================================================================================================================================================
# PREVIOUS APP LOGCAT BOOTUP

2025-08-04 18:58:21.433  1415-2824  ActivityTaskManager     system_server                        I  START u0 {act=android.intent.action.MAIN cat=[android.intent.category.LAUNCHER] flg=0x10200000 xflg=0x4 pkg=com.stel.gemmunch cmp=com.stel.gemmunch/.ui.MainActivity bnds=[426,548][582,804]} with LAUNCH_MULTIPLE from uid 10228 (sr=91022950) (BAL_ALLOW_VISIBLE_WINDOW) result code=0
2025-08-04 18:58:21.433  2160-2183  WindowManagerShell      com.android.systemui                 V  Transition requested (#524): android.os.BinderProxy@51116cd TransitionRequestInfo { type = OPEN, triggerTask = TaskInfo{userId=0 taskId=2661 effectiveUid=10393 displayId=0 isRunning=true baseIntent=Intent { act=android.intent.action.MAIN cat=[android.intent.category.LAUNCHER] flg=0x10200000 pkg=com.stel.gemmunch cmp=com.stel.gemmunch/.ui.MainActivity } baseActivity=ComponentInfo{com.stel.gemmunch/com.stel.gemmunch.ui.MainActivity} topActivity=ComponentInfo{com.stel.gemmunch/com.stel.gemmunch.ui.MainActivity} origActivity=null realActivity=ComponentInfo{com.stel.gemmunch/com.stel.gemmunch.ui.MainActivity} numActivities=1 lastActiveTime=349306076 supportsMultiWindow=true resizeMode=1 isResizeable=true minWidth=-1 minHeight=-1 defaultMinSize=220 token=WCT{android.window.IWindowContainerToken$Stub$Proxy@cc75b82} topActivityType=1 pictureInPictureParams=null shouldDockBigOverlays=false launchIntoPipHostTaskId=-1 lastParentTaskIdBeforePip=-1 displayCutoutSafeInsets=Rect(0, 149 - 0, 0) topActivityInfo=ActivityInfo{74fc293 com.stel.gemmunch.ui.MainActivity} launchCookies=[android.os.BinderProxy@af0d2d0] positionInParent=Point(0, 0) parentTaskId=-1 isFocused=false isVisible=false isVisibleRequested=false isTopActivityNoDisplay=false isSleeping=false locusId=null displayAreaFeatureId=1 isTopActivityTransparent=false isActivityStackTransparent=false lastNonFullscreenBounds=Rect(256, 665 - 753, 1673) capturedLink=null capturedLinkTimestamp=0 requestedVisibleTypes=-9 topActivityRequestOpenInBrowserEducationTimestamp=0 appCompatTaskInfo=AppCompatTaskInfo { topActivityInSizeCompat=false eligibleForLetterboxEducation= false isLetterboxEducationEnabled= false isLetterboxDoubleTapEnabled= false eligibleForUserAspectRatioButton= false topActivityBoundsLetterboxed= false isFromLetterboxDoubleTap= false topActivityLetterboxVerticalPosition= -1 topActivityLetterboxHorizontalPosition= -1 topActivityLetterboxWidth=-1 topActivityLetterboxHeight=-1 topActivityAppBounds=Rect(0, 0 - 1008, 2244) isUserFullscreenOverrideEnabled=false isSystemFullscreenOverrideEnabled=false hasMinAspectRatioOverride=false topActivityLetterboxBounds=null cameraCompatTaskInfo=CameraCompatTaskInfo { freeformCameraCompatMode=inactive}} topActivityMainWindowFrame=null}, pipChange = null, remoteTransition = RemoteTransition { remoteTransition = android.window.IRemoteTransition$Stub$Proxy@5a552c9, appThread = android.app.IApplicationThread$Stub$Proxy@713adce, debugName = QuickstepLaunch }, displayChange = null, flags = 0, debugId = 524 }
2025-08-04 18:58:21.459  1415-1518  ActivityManager         system_server                        I  Start proc 13969:com.stel.gemmunch/u0a393 for next-top-activity {com.stel.gemmunch/com.stel.gemmunch.ui.MainActivity}
2025-08-04 18:58:21.477  1415-1503  WindowManager           system_server                        V  Sent Transition (#524) createdAt=08-04 18:58:21.425 via request=TransitionRequestInfo { type = OPEN, triggerTask = TaskInfo{userId=0 taskId=2661 effectiveUid=10393 displayId=0 isRunning=true baseIntent=Intent { act=android.intent.action.MAIN cat=[android.intent.category.LAUNCHER] flg=0x10200000 pkg=com.stel.gemmunch cmp=com.stel.gemmunch/.ui.MainActivity } baseActivity=ComponentInfo{com.stel.gemmunch/com.stel.gemmunch.ui.MainActivity} topActivity=ComponentInfo{com.stel.gemmunch/com.stel.gemmunch.ui.MainActivity} origActivity=null realActivity=ComponentInfo{com.stel.gemmunch/com.stel.gemmunch.ui.MainActivity} numActivities=1 lastActiveTime=349306076 supportsMultiWindow=true resizeMode=1 isResizeable=true minWidth=-1 minHeight=-1 defaultMinSize=220 token=WCT{RemoteToken{67999d9 Task{ecdae6d #2661 type=standard A=10393:com.stel.gemmunch}}} topActivityType=1 pictureInPictureParams=null shouldDockBigOverlays=false launchIntoPipHostTaskId=-1 lastParentTaskIdBeforePip=-1 displayCutoutSafeInsets=Rect(0, 149 - 0, 0) topActivityInfo=ActivityInfo{57ccf9e com.stel.gemmunch.ui.MainActivity} launchCookies=[android.os.BinderProxy@f9aba7f] positionInParent=Point(0, 0) parentTaskId=-1 isFocused=false isVisible=false isVisibleRequested=false isTopActivityNoDisplay=false isSleeping=false locusId=null displayAreaFeatureId=1 isTopActivityTransparent=false isActivityStackTransparent=false lastNonFullscreenBounds=Rect(256, 665 - 753, 1673) capturedLink=null capturedLinkTimestamp=0 requestedVisibleTypes=-9 topActivityRequestOpenInBrowserEducationTimestamp=0 appCompatTaskInfo=AppCompatTaskInfo { topActivityInSizeCompat=false eligibleForLetterboxEducation= false isLetterboxEducationEnabled= false isLetterboxDoubleTapEnabled= false eligibleForUserAspectRatioButton= false topActivityBoundsLetterboxed= false isFromLetterboxDoubleTap= false topActivityLetterboxVerticalPosition= -1 topActivityLetterboxHorizontalPosition= -1 topActivityLetterboxWidth=-1 topActivityLetterboxHeight=-1 topActivityAppBounds=Rect(0, 0 - 1008, 2244) isUserFullscreenOverrideEnabled=false isSystemFullscreenOverrideEnabled=false hasMinAspectRatioOverride=false topActivityLetterboxBounds=null cameraCompatTaskInfo=CameraCompatTaskInfo { freeformCameraCompatMode=inactive}} topActivityMainWindowFrame=null}, pipChange = null, remoteTransition = RemoteTransition { remoteTransition = android.window.IRemoteTransition$Stub$Proxy@6ee4a4c, appThread = android.app.IApplicationThread$Stub$Proxy@e0fa95, debugName = QuickstepLaunch }, displayChange = null, flags = 0, debugId = 524 }
2025-08-04 18:58:21.477  1415-1503  WindowManager           system_server                        V      info={id=524 t=OPEN f=0x0 trk=0 r=[0@Point(0, 0)] c=[
{WCT{RemoteToken{67999d9 Task{ecdae6d #2661 type=standard A=10393:com.stel.gemmunch}}} m=OPEN f=NONE leash=Surface(name=Task=2661)/@0x992187 sb=Rect(0, 0 - 1008, 2244) eb=Rect(0, 0 - 1008, 2244) epz=Point(1008, 2244) d=0 taskParent=-1},
{WCT{RemoteToken{9483bbf Task{7f801bb #1 type=home}}} m=TO_BACK f=SHOW_WALLPAPER leash=Surface(name=Task=1)/@0x877fcd4 sb=Rect(0, 0 - 1008, 2244) eb=Rect(0, 0 - 1008, 2244) epz=Point(1008, 2244) d=0 taskParent=-1},
{m=TO_BACK f=IS_WALLPAPER leash=Surface(name=WallpaperWindowToken{9fc699f showWhenLocked=false})/@0x97e4ce6 sb=Rect(0, 0 - 1008, 2244) eb=Rect(0, 0 - 1008, 2244) epz=Point(1008, 2244) d=0}
]}
2025-08-04 18:58:21.553 13969-13969 nativeloader            com.stel.gemmunch                    D  Load libframework-connectivity-tiramisu-jni.so using APEX ns com_android_tethering for caller /apex/com.android.tethering/javalib/framework-connectivity-t.jar: ok
2025-08-04 18:58:21.589 13969-13969 re-initialized>         com.stel.gemmunch                    W  type=1400 audit(0.0:262464): avc:  granted  { execute } for  path="/data/data/com.stel.gemmunch/code_cache/startup_agents/b13c65d9-agent.so" dev="dm-62" ino=186867 scontext=u:r:untrusted_app:s0:c137,c257,c512,c768 tcontext=u:object_r:app_data_file:s0:c137,c257,c512,c768 tclass=file app=com.stel.gemmunch
2025-08-04 18:58:21.601 13969-13969 nativeloader            com.stel.gemmunch                    D  Load /data/user/0/com.stel.gemmunch/code_cache/startup_agents/b13c65d9-agent.so using system ns (caller=<unknown>): ok
2025-08-04 18:58:21.615 13969-13969 m.stel.gemmunch         com.stel.gemmunch                    W  hiddenapi: DexFile /data/data/com.stel.gemmunch/code_cache/.studio/instruments-462f9421.jar is in boot class path but is not in a known location
2025-08-04 18:58:21.853 13969-13969 m.stel.gemmunch         com.stel.gemmunch                    W  Redefining intrinsic method java.lang.Thread java.lang.Thread.currentThread(). This may cause the unexpected use of the original definition of java.lang.Thread java.lang.Thread.currentThread()in methods that have already been compiled.
2025-08-04 18:58:21.853 13969-13969 m.stel.gemmunch         com.stel.gemmunch                    W  Redefining intrinsic method boolean java.lang.Thread.interrupted(). This may cause the unexpected use of the original definition of boolean java.lang.Thread.interrupted()in methods that have already been compiled.
2025-08-04 18:58:21.863 13969-13969 ActivityThread          com.stel.gemmunch                    I  Relaunch all activities: onCoreSettingsChange
2025-08-04 18:58:21.926 13969-13969 m.stel.gemmunch         com.stel.gemmunch                    W  ClassLoaderContext classpath size mismatch. expected=0, found=3 (PCL[] | PCL[/data/data/com.stel.gemmunch/code_cache/.overlay/base.apk/classes6.dex*2304103673:/data/data/com.stel.gemmunch/code_cache/.overlay/base.apk/classes7.dex*1404607403:/data/data/com.stel.gemmunch/code_cache/.overlay/base.apk/classes8.dex*2859635287])
2025-08-04 18:58:22.066 13969-13969 nativeloader            com.stel.gemmunch                    D  Configuring clns-9 for other apk /data/app/~~iL1Nv7X-epI1Ow3qOtIK0A==/com.stel.gemmunch-wdHa9jcTiCsclxUojyQ41g==/base.apk. target_sdk_version=36, uses_libraries=libOpenCL.so:libOpenCL-pixel.so, library_path=/data/app/~~iL1Nv7X-epI1Ow3qOtIK0A==/com.stel.gemmunch-wdHa9jcTiCsclxUojyQ41g==/lib/arm64:/data/app/~~iL1Nv7X-epI1Ow3qOtIK0A==/com.stel.gemmunch-wdHa9jcTiCsclxUojyQ41g==/base.apk!/lib/arm64-v8a, permitted_path=/data:/mnt/expand:/data/user/0/com.stel.gemmunch
2025-08-04 18:58:22.071 13969-13969 m.stel.gemmunch         com.stel.gemmunch                    I  AssetManager2(0xb400007aeb237458) locale list changing from [] to [en-US]
2025-08-04 18:58:22.074 13969-13969 m.stel.gemmunch         com.stel.gemmunch                    I  AssetManager2(0xb400007aeb232318) locale list changing from [] to [en-US]
2025-08-04 18:58:22.081 13969-13969 GraphicsEnvironment     com.stel.gemmunch                    V  Currently set values for:
2025-08-04 18:58:22.081 13969-13969 GraphicsEnvironment     com.stel.gemmunch                    V    angle_gl_driver_selection_pkgs=[com.android.angle, com.linecorp.b612.android, com.campmobile.snow, com.google.android.apps.tachyon]
2025-08-04 18:58:22.081 13969-13969 GraphicsEnvironment     com.stel.gemmunch                    V    angle_gl_driver_selection_values=[angle, native, native, native]
2025-08-04 18:58:22.081 13969-13969 GraphicsEnvironment     com.stel.gemmunch                    V  com.stel.gemmunch is not listed in per-application setting
2025-08-04 18:58:22.081 13969-13969 GraphicsEnvironment     com.stel.gemmunch                    V  ANGLE allowlist from config:
2025-08-04 18:58:22.081 13969-13969 GraphicsEnvironment     com.stel.gemmunch                    V  com.stel.gemmunch is not listed in ANGLE allowlist or settings, returning default
2025-08-04 18:58:22.081 13969-13969 GraphicsEnvironment     com.stel.gemmunch                    V  Neither updatable production driver nor prerelease driver is supported.
2025-08-04 18:58:22.107 13969-13969 WM-WrkMgrInitializer    com.stel.gemmunch                    D  Initializing WorkManager with default configuration.
2025-08-04 18:58:22.122 13969-13969 WM-PackageManagerHelper com.stel.gemmunch                    D  Skipping component enablement for androidx.work.impl.background.systemjob.SystemJobService
2025-08-04 18:58:22.122 13969-13969 WM-Schedulers           com.stel.gemmunch                    D  Created SystemJobScheduler and enabled SystemJobService
2025-08-04 18:58:22.124 13969-13983 WM-ForceStopRunnable    com.stel.gemmunch                    D  The default process name was not specified.
2025-08-04 18:58:22.125 13969-13983 WM-ForceStopRunnable    com.stel.gemmunch                    D  Performing cleanup operations.
2025-08-04 18:58:22.132 13969-13969 GemMunchApplication     com.stel.gemmunch                    I  Application onCreate started
2025-08-04 18:58:22.139 13969-13983 ashmem                  com.stel.gemmunch                    E  Pinning is deprecated since Android Q. Please use trim or other methods.
2025-08-04 18:58:22.139 13969-13969 GemMunchApplication     com.stel.gemmunch                    I  Application onCreate completed in 7ms
2025-08-04 18:58:22.141  1415-5708  AppsFilter              system_server                        I  interaction: PackageSetting{3a3bd98 com.stel.gemmunch/10393} -> PackageSetting{4739684 com.google.android.apps.nexuslauncher/10228} BLOCKED
2025-08-04 18:58:22.148 13969-13986 DisplayManager          com.stel.gemmunch                    I  Choreographer implicitly registered for the refresh rate.
2025-08-04 18:58:22.150 13969-13986 vulkan                  com.stel.gemmunch                    D  searching for layers in '/data/app/~~iL1Nv7X-epI1Ow3qOtIK0A==/com.stel.gemmunch-wdHa9jcTiCsclxUojyQ41g==/lib/arm64'
2025-08-04 18:58:22.150 13969-13986 vulkan                  com.stel.gemmunch                    D  searching for layers in '/data/app/~~iL1Nv7X-epI1Ow3qOtIK0A==/com.stel.gemmunch-wdHa9jcTiCsclxUojyQ41g==/base.apk!/lib/arm64-v8a'
2025-08-04 18:58:22.150 13969-13969 m.stel.gemmunch         com.stel.gemmunch                    I  AssetManager2(0xb400007aeb2335d8) locale list changing from [] to [en-US]
2025-08-04 18:58:22.168 13969-13969 m.stel.gemmunch         com.stel.gemmunch                    E  Invalid resource ID 0x00000000.
2025-08-04 18:58:22.179 13969-13969 CompatChangeReporter    com.stel.gemmunch                    D  Compat change id reported: 377864165; UID 10393; state: ENABLED
2025-08-04 18:58:22.181 13969-13969 DesktopModeFlags        com.stel.gemmunch                    D  Toggle override initialized to: OVERRIDE_UNSET
2025-08-04 18:58:22.191 13969-13983 WM-ForceStopRunnable    com.stel.gemmunch                    D  Application was force-stopped, rescheduling.
2025-08-04 18:58:22.208 13969-13969 ContentCaptureHelper    com.stel.gemmunch                    I  Setting logging level to OFF
2025-08-04 18:58:22.242  1415-2822  CoreBackPreview         system_server                        D  Window{c2d3dbd u0 com.stel.gemmunch/com.stel.gemmunch.ui.MainActivity}: Setting back callback OnBackInvokedCallbackInfo{mCallback=android.window.IOnBackInvokedCallback$Stub$Proxy@5281b03, mPriority=-1, mIsAnimationCallback=false, mOverrideBehavior=0}
2025-08-04 18:58:22.253 13969-13999 WM-PackageManagerHelper com.stel.gemmunch                    D  Skipping component enablement for androidx.work.impl.background.systemalarm.RescheduleReceiver
2025-08-04 18:58:22.327 13969-14001 AppContainer            com.stel.gemmunch                    I  AppContainer initialization started...
2025-08-04 18:58:22.327 13969-14001 AppContainer            com.stel.gemmunch                    I  Initializing GEMMA_3N_E4B_MODEL with AccelerationService (Golden Path)...
2025-08-04 18:58:22.328 13969-14001 PlayServicesAccel       com.stel.gemmunch                    I  === AccelerationService: Getting Validated Configuration (Golden Path) ===
2025-08-04 18:58:22.332 13969-14001 DynamiteModule          com.stel.gemmunch                    W  Local module descriptor class for com.google.android.gms.tflite_dynamite not found.
2025-08-04 18:58:22.333 13969-13969 MainViewModel           com.stel.gemmunch                    I  Health Connect available: true, permissions granted: true
2025-08-04 18:58:22.365 13969-14001 m.stel.gemmunch         com.stel.gemmunch                    W  ClassLoaderContext classpath size mismatch. expected=1, found=0 (DLC[];PCL[base.apk*4138776503]{PCL[/system/framework/org.apache.http.legacy.jar*4247870504]#PCL[/system/framework/com.android.media.remotedisplay.jar*487574312]#PCL[/system/framework/com.android.location.provider.jar*1570284764]#PCL[/system_ext/framework/org.carconnectivity.android.digitalkey.timesync.jar*889882842]#PCL[/system_ext/framework/androidx.window.extensions.jar*1030441313]#PCL[/system_ext/framework/androidx.window.sidecar.jar*3860983653]} | DLC[];PCL[])
2025-08-04 18:58:22.369 13969-14001 DynamiteModule          com.stel.gemmunch                    I  Considering local module com.google.android.gms.tflite_dynamite:0 and remote module com.google.android.gms.tflite_dynamite:243930801
2025-08-04 18:58:22.369 13969-14001 DynamiteModule          com.stel.gemmunch                    I  Selected remote version of com.google.android.gms.tflite_dynamite, version >= 243930801
2025-08-04 18:58:22.370 13969-14001 DynamiteModule          com.stel.gemmunch                    V  Dynamite loader version >= 2, using loadModule2NoCrashUtils
2025-08-04 18:58:22.403 13969-14001 System                  com.stel.gemmunch                    W  ClassLoader referenced unknown path:
2025-08-04 18:58:22.404 13969-14001 nativeloader            com.stel.gemmunch                    D  Configuring clns-10 for other apk . target_sdk_version=36, uses_libraries=, library_path=/data/app/~~9OPS7GJJ3k-S5ZaR19eAlg==/com.google.android.gms-adynyJ8tUfRkwC66scg_Cg==/lib/arm64:/data/app/~~9OPS7GJJ3k-S5ZaR19eAlg==/com.google.android.gms-adynyJ8tUfRkwC66scg_Cg==/base.apk!/lib/arm64-v8a, permitted_path=/data:/mnt/expand:/data/user/0/com.google.android.gms
2025-08-04 18:58:22.411 13969-14001 m.stel.gemmunch         com.stel.gemmunch                    I  AssetManager2(0xb400007aeb22a2f8) locale list changing from [] to [en-US]
2025-08-04 18:58:22.432 13969-14001 m.stel.gemmunch         com.stel.gemmunch                    I  AssetManager2(0xb400007aeb2367d8) locale list changing from [] to [en-US]
2025-08-04 18:58:22.435 13969-14001 m.stel.gemmunch         com.stel.gemmunch                    I  AssetManager2(0xb400007aeb230d38) locale list changing from [] to [en-US]
2025-08-04 18:58:22.443 13969-14001 DynamiteModule          com.stel.gemmunch                    W  Local module descriptor class for com.google.android.gms.googlecertificates not found.
2025-08-04 18:58:22.448 13969-14001 DynamiteModule          com.stel.gemmunch                    I  Considering local module com.google.android.gms.googlecertificates:0 and remote module com.google.android.gms.googlecertificates:7
2025-08-04 18:58:22.450 13969-14001 DynamiteModule          com.stel.gemmunch                    I  Selected remote version of com.google.android.gms.googlecertificates, version >= 7
2025-08-04 18:58:22.465 13969-14001 m.stel.gemmunch         com.stel.gemmunch                    W  ClassLoaderContext classpath size mismatch. expected=1, found=4 (DLC[];PCL[base.apk*4138776503]{PCL[/system/framework/org.apache.http.legacy.jar*4247870504]#PCL[/system/framework/com.android.media.remotedisplay.jar*487574312]#PCL[/system/framework/com.android.location.provider.jar*1570284764]#PCL[/system_ext/framework/org.carconnectivity.android.digitalkey.timesync.jar*889882842]#PCL[/system_ext/framework/androidx.window.extensions.jar*1030441313]#PCL[/system_ext/framework/androidx.window.sidecar.jar*3860983653]} | DLC[];PCL[/data/data/com.stel.gemmunch/code_cache/.overlay/base.apk/classes6.dex*2304103673:/data/data/com.stel.gemmunch/code_cache/.overlay/base.apk/classes7.dex*1404607403:/data/data/com.stel.gemmunch/code_cache/.overlay/base.apk/classes8.dex*2859635287:/data/app/~~iL1Nv7X-epI1Ow3qOtIK0A==/com.stel.gemmunch-wdHa9jcTiCsclxUojyQ41g==/base.apk*246428935])
2025-08-04 18:58:22.470 13969-14001 m.stel.gemmunch         com.stel.gemmunch                    I  AssetManager2(0xb400007aeb231058) locale list changing from [] to [en-US]
2025-08-04 18:58:22.544 13969-14001 PlayServicesAccel       com.stel.gemmunch                    I  ✅ AccelerationService created successfully
2025-08-04 18:58:22.545 13969-14001 PlayServicesAccel       com.stel.gemmunch                    I  ✅ GpuAccelerationConfig created
2025-08-04 18:58:22.545 13969-14001 PlayServicesAccel       com.stel.gemmunch                    I  ✅ Skipping validation - GPU acceleration confirmed available
2025-08-04 18:58:22.545 13969-14001 AppContainer            com.stel.gemmunch                    I  🚀 Using AccelerationService GPU configuration (GOLDEN PATH)
2025-08-04 18:58:22.545 13969-14001 AppContainer            com.stel.gemmunch                    I  ✅ Creating LlmInference with GPU backend (confidence: 95%)
2025-08-04 18:58:22.596 13969-14001 nativeloader            com.stel.gemmunch                    D  Load /data/app/~~iL1Nv7X-epI1Ow3qOtIK0A==/com.stel.gemmunch-wdHa9jcTiCsclxUojyQ41g==/base.apk!/lib/arm64-v8a/libllm_inference_engine_jni.so using class loader ns clns-9 (caller=/data/app/~~iL1Nv7X-epI1Ow3qOtIK0A==/com.stel.gemmunch-wdHa9jcTiCsclxUojyQ41g==/base.apk!classes11.dex): ok
2025-08-04 18:58:22.786 13969-14006 tflite                  com.stel.gemmunch                    I  Initialized TensorFlow Lite runtime.
2025-08-04 18:58:22.928 13969-14006 libc                    com.stel.gemmunch                    W  Access denied finding property "ro.mediatek.platform"
2025-08-04 18:58:22.928 13969-14006 libc                    com.stel.gemmunch                    W  Access denied finding property "ro.chipname"
2025-08-04 18:58:22.928 13969-14006 libc                    com.stel.gemmunch                    W  Access denied finding property "ro.hardware.chipname"
2025-08-04 18:58:22.972 13969-13974 m.stel.gemmunch         com.stel.gemmunch                    I  Compiler allocated 5111KB to compile void android.view.ViewRootImpl.performTraversals()
2025-08-04 18:58:23.341  1415-1503  ActivityTaskManager     system_server                        I  Displayed com.stel.gemmunch/.ui.MainActivity for user 0: +1s916ms
2025-08-04 18:58:23.343 13969-13969 CameraFoodCaptureScreen com.stel.gemmunch                    D  Loaded from ViewModel - photoUniqueId: null, isFromGallery: false
2025-08-04 18:58:23.352 13969-14007 HWUI                    com.stel.gemmunch                    I  Davey! duration=1095ms; Flags=1, FrameTimelineVsyncId=22152845, IntendedVsync=255262924413410, Vsync=255262924413410, InputEventId=0, HandleInputStart=255262929911218, AnimationStart=255262929915897, PerformTraversalsStart=255262929921187, DrawStart=255263941962610, FrameDeadline=255262941013410, FrameStartTime=255262929876916, FrameInterval=8329022, WorkloadTarget=16600000, SyncQueued=255263997242273, SyncStart=255263997370528, IssueDrawCommandsStart=255263997492517, SwapBuffers=255264018818933, FrameCompleted=255264020249353, DequeueBufferDuration=11515, QueueBufferDuration=297974, GpuCompleted=255264020249353, SwapBuffersCompleted=255264019190841, DisplayPresentTime=0, CommandSubmissionCompleted=255264018818933,
2025-08-04 18:58:23.360 13969-13969 Choreographer           com.stel.gemmunch                    I  Skipped 132 frames!  The application may be doing too much work on its main thread.
2025-08-04 18:58:23.481  1415-1979  ImeTracker              system_server                        I  com.stel.gemmunch:1ee720f0: onRequestHide at ORIGIN_SERVER reason HIDE_UNSPECIFIED_WINDOW fromUser false
2025-08-04 18:58:23.488 25591-25591 GoogleInpu...hodService com...gle.android.inputmethod.latin  I  GoogleInputMethodService.onStartInput():1311 onStartInput(EditorInfo{EditorInfo{packageName=com.stel.gemmunch, inputType=0, inputTypeString=NULL, enableLearning=false, autoCorrection=false, autoComplete=false, imeOptions=0, privateImeOptions=null, actionName=UNSPECIFIED, actionLabel=null, initialSelStart=-1, initialSelEnd=-1, initialCapsMode=0, label=null, fieldId=0, fieldName=null, extras=null, hintText=null, hintLocales=[]}}, false)
2025-08-04 18:58:23.490  1415-2822  PackageConfigPersister  system_server                        W  App-specific configuration not found for packageName: com.stel.gemmunch and userId: 0
2025-08-04 18:58:23.528 13969-13969 InsetsController        com.stel.gemmunch                    D  hide(ime(), fromIme=false)
2025-08-04 18:58:23.528 13969-13969 ImeTracker              com.stel.gemmunch                    I  com.stel.gemmunch:1ee720f0: onCancelled at PHASE_CLIENT_ALREADY_HIDDEN
2025-08-04 18:58:24.341 13969-14006 tflite                  com.stel.gemmunch                    I  Created TensorFlow Lite XNNPACK delegate for CPU.
2025-08-04 18:58:24.341 13969-14006 tflite                  com.stel.gemmunch                    I  Replacing 1 out of 19 node(s) with delegate (TfLiteXNNPackDelegate) node, yielding 2 partitions for subgraph 0.
2025-08-04 18:58:24.915 13969-14006 tflite                  com.stel.gemmunch                    I  Replacing 3409 out of 3409 node(s) with delegate (ML_DRIFT_CL) node, yielding 1 partitions for subgraph 0.
2025-08-04 18:58:27.307 13969-14023 ProfileInstaller        com.stel.gemmunch                    D  Installing profile for com.stel.gemmunch
2025-08-04 18:58:36.000 13969-14006 tflite                  com.stel.gemmunch                    I  Replacing 2189 out of 2189 node(s) with delegate (ML_DRIFT_CL) node, yielding 1 partitions for subgraph 1.
2025-08-04 18:58:39.838 13969-14006 tflite                  com.stel.gemmunch                    I  Replacing 2189 out of 2189 node(s) with delegate (ML_DRIFT_CL) node, yielding 1 partitions for subgraph 2.
2025-08-04 18:58:41.758 13969-14006 tflite                  com.stel.gemmunch                    I  Replacing 2189 out of 2189 node(s) with delegate (ML_DRIFT_CL) node, yielding 1 partitions for subgraph 3.
2025-08-04 18:58:43.488 13969-14006 tflite                  com.stel.gemmunch                    I  Replacing 2189 out of 2189 node(s) with delegate (ML_DRIFT_CL) node, yielding 1 partitions for subgraph 4.
2025-08-04 18:58:45.351 13969-14006 tflite                  com.stel.gemmunch                    I  Replacing 2189 out of 2189 node(s) with delegate (ML_DRIFT_CL) node, yielding 1 partitions for subgraph 5.
2025-08-04 18:58:47.449 13969-14001 AppContainer            com.stel.gemmunch                    I  🧠 AccelerationService configuration applied - NPU/GPU automatically selected
2025-08-04 18:58:47.449 13969-14001 AppContainer            com.stel.gemmunch                    I  Vision LLM instance created successfully.
2025-08-04 18:58:47.451 13969-14001 AppContainer            com.stel.gemmunch                    I  Initializing nutrition database...
2025-08-04 18:58:47.486 13969-14001 NutrientDbManager       com.stel.gemmunch                    I  Database exists with version: 1.0
2025-08-04 18:58:47.488 13969-14001 NutrientDbHelper        com.stel.gemmunch                    I  Enhanced nutrient database opened from: /data/user/0/com.stel.gemmunch/files/nutrients.db
2025-08-04 18:58:47.488 13969-14001 NutrientDbHelper        com.stel.gemmunch                    I  Database stats: {exists=true, size_mb=0.140625, version=1.0, hash=asset_version}
2025-08-04 18:58:47.488 13969-14001 AppContainer            com.stel.gemmunch                    I  Nutrition database initialized successfully
2025-08-04 18:58:47.490 13969-14001 AppContainer            com.stel.gemmunch                    I  AppContainer initialization successful in 25162ms
2025-08-04 18:58:47.490 13969-14001 AppContainer            com.stel.gemmunch                    I  🚀 Started continuous session pre-warming
2025-08-04 18:58:47.492 13969-14002 AppContainer            com.stel.gemmunch                    D  🔥 Pre-warming session #1...
2025-08-04 18:58:47.492 13969-14001 AppContainer            com.stel.gemmunch                    I  === INITIALIZATION METRICS ===
Total Initialization Time: 25.4s

                                                                                                    📊 ApplicationStartup: 7ms
                                                                                                       └─ CreateAppContainer: 2ms
                                                                                                       └─ InitializePreferences: 4ms
                                                                                                    
                                                                                                    📊 ViewModelInitialization: 25.2s
                                                                                                       └─ CheckModels: 3ms (Found 2/2 models)
                                                                                                       └─ InitializeAppContainer: 25.2s
                                                                                                    
                                                                                                    📊 AIInitialization: 25.2s
                                                                                                       └─ ModelSelection: 0ms (Model: GEMMA_3N_E4B_MODEL, Size: 4201MB)
                                                                                                       └─ AccelerationService: 218ms (Validated config received)
                                                                                                       └─ CreateLlmInference: 24.9s (AccelerationService)
                                                                                                       └─ CreateSessionOptions: 2ms
                                                                                                       └─ NutritionDatabase: 37ms (Success)
                                                                                                       └─ CreatePhotoMealExtractor: 1ms

2025-08-04 18:58:47.493 13969-14001 MainViewModel           com.stel.gemmunch                    I  AI Components initialized successfully.
2025-08-04 18:58:47.493 13969-14001 MainViewModel           com.stel.gemmunch                    I  === INITIALIZATION METRICS ===
Total Initialization Time: 25.4s

                                                                                                    📊 ApplicationStartup: 7ms
                                                                                                       └─ CreateAppContainer: 2ms
                                                                                                       └─ InitializePreferences: 4ms
                                                                                                    
                                                                                                    📊 ViewModelInitialization: 25.2s
                                                                                                       └─ CheckModels: 3ms (Found 2/2 models)
                                                                                                       └─ InitializeAppContainer: 25.2s
                                                                                                    
                                                                                                    📊 AIInitialization: 25.2s
                                                                                                       └─ ModelSelection: 0ms (Model: GEMMA_3N_E4B_MODEL, Size: 4201MB)
                                                                                                       └─ AccelerationService: 218ms (Validated config received)
                                                                                                       └─ CreateLlmInference: 24.9s (AccelerationService)
                                                                                                       └─ CreateSessionOptions: 2ms
                                                                                                       └─ NutritionDatabase: 37ms (Success)
                                                                                                       └─ CreatePhotoMealExtractor: 1ms
                                                                                                    
                                                                                                    📊 SessionPrewarming: 2ms

2025-08-04 18:58:47.554 13969-13969 m.stel.gemmunch         com.stel.gemmunch                    I  Waiting for a blocking GC NativeAlloc
2025-08-04 18:58:47.574 13969-13969 m.stel.gemmunch         com.stel.gemmunch                    I  WaitForGcToComplete blocked NativeAlloc on NativeAlloc for 19.533ms
2025-08-04 18:58:47.574 13969-13977 System                  com.stel.gemmunch                    W  A resource failed to call close.
2025-08-04 18:58:47.574 13969-13977 System                  com.stel.gemmunch                    W  A resource failed to call SQLiteConnectionPool.close.
2025-08-04 18:58:47.574 13969-13977 SQLiteConnectionPool    com.stel.gemmunch                    W  A SQLiteConnection object for database ':memory:' was leaked!  Please fix your application to end transactions in progress properly and to close the database when it is no longer needed.
2025-08-04 18:58:47.574 13969-13977 System                  com.stel.gemmunch                    W  A resource failed to call SQLiteConnection.close.
2025-08-04 18:58:47.610 13969-14002 tflite                  com.stel.gemmunch                    I  Replacing 1448 out of 1448 node(s) with delegate (ML_DRIFT_CL) node, yielding 1 partitions for subgraph 0.
2025-08-04 18:58:47.707 13969-13969 m.stel.gemmunch         com.stel.gemmunch                    I  Waiting for a blocking GC NativeAlloc
2025-08-04 18:58:47.730 13969-13969 m.stel.gemmunch         com.stel.gemmunch                    I  WaitForGcToComplete blocked NativeAlloc on NativeAlloc for 23.093ms
2025-08-04 18:58:47.803 13969-13969 AppContainer            com.stel.gemmunch                    D  Cannot pre-warm: session already pre-warmed, in progress, or in use
2025-08-04 18:58:55.331 13969-14002 tflite                  com.stel.gemmunch                    I  Replacing 18 out of 19 node(s) with delegate (TfLiteXNNPackDelegate) node, yielding 2 partitions for subgraph 0.
2025-08-04 18:58:55.354 13969-14002 tflite                  com.stel.gemmunch                    I  Replacing 1 out of 2 node(s) with delegate (TfLiteXNNPackDelegate) node, yielding 2 partitions for subgraph 1.
2025-08-04 18:58:55.358 13969-14002 AppContainer            com.stel.gemmunch                    D  ✅ Session #1 pre-warmed and ready in 7866ms

